BL51 BANKED LINKER/LOCATER V6.22                                                        03/26/2025  21:50:55  PAGE 1


BL51 BANKED LINKER/LOCATER V6.22, INVOKED BY:
C:\KEIL_V5\C51\BIN\BL51.EXE .\Objects\main.obj, .\Objects\AT24C02.obj, .\Objects\Buzzer.obj, .\Objects\delay.obj, .\Obje
>> cts\DS18B20.obj, .\Objects\I2C.obj, .\Objects\Key.obj, .\Objects\LCD1602.obj, .\Objects\nixie.obj, .\Objects\nixieO.o
>> bj, .\Objects\OneWire.obj, .\Objects\Timer0.obj, .\Objects\XPT2046.obj, .\Objects\MatrixKey.obj TO .\Objects\project 
>> PRINT (.\Listings\project.m51) RAMSIZE (256)


MEMORY MODEL: SMALL WITH FLOATING POINT ARITHMETIC


INPUT MODULES INCLUDED:
  .\Objects\main.obj (MAIN)
  .\Objects\AT24C02.obj (AT24C02)
  .\Objects\Buzzer.obj (BUZZER)
  .\Objects\delay.obj (DELAY)
  .\Objects\DS18B20.obj (DS18B20)
  .\Objects\I2C.obj (I2C)
  .\Objects\Key.obj (KEY)
  .\Objects\LCD1602.obj (LCD1602)
  .\Objects\nixie.obj (NIXIE)
  .\Objects\nixieO.obj (NIXIEO)
  .\Objects\OneWire.obj (ONEWIRE)
  .\Objects\Timer0.obj (TIMER0)
  .\Objects\XPT2046.obj (XPT2046)
  .\Objects\MatrixKey.obj (MATRIXKEY)
  C:\KEIL_V5\C51\LIB\C51FPS.LIB (?C?FPDIV)
  C:\KEIL_V5\C51\LIB\C51FPS.LIB (?C?FCAST)
  C:\KEIL_V5\C51\LIB\C51FPS.LIB (?C?FPGETOPN)
  C:\KEIL_V5\C51\LIB\C51S.LIB (?C_STARTUP)
  C:\KEIL_V5\C51\LIB\C51S.LIB (?C?CLDOPTR)
  C:\KEIL_V5\C51\LIB\C51S.LIB (?C?IMUL)
  C:\KEIL_V5\C51\LIB\C51S.LIB (?C?UIDIV)
  C:\KEIL_V5\C51\LIB\C51S.LIB (?C?LNEG)
  C:\KEIL_V5\C51\LIB\C51S.LIB (?C_INIT)


LINK MAP OF MODULE:  .\Objects\project (MAIN)


            TYPE    BASE      LENGTH    RELOCATION   SEGMENT NAME
            -----------------------------------------------------

            * * * * * * *   D A T A   M E M O R Y   * * * * * * *
            REG     0000H     0008H     ABSOLUTE     "REG BANK 0"
            DATA    0008H     0011H     UNIT         ?DT?MAIN
            DATA    0019H     0007H     UNIT         ?DT?_LCD_SHOWSIGNEDNUM?LCD1602
            BIT     0020H.0   0000H.3   UNIT         ?BI?MAIN
                    0020H.3   0000H.5                *** GAP ***
            DATA    0021H     001FH     UNIT         ?DT?NIXIE
            DATA    0040H     000AH     UNIT         ?DT?NIXIEO
            DATA    004AH     0005H     UNIT         ?DT?_LCD_SHOWNUM?LCD1602
            DATA    004FH     0005H     UNIT         ?DT?_LCD_SHOWHEXNUM?LCD1602
            DATA    0054H     0005H     UNIT         ?DT?_LCD_SHOWBINNUM?LCD1602
            DATA    0059H     0004H     UNIT         ?DT?_LCD_POW?LCD1602
            DATA    005DH     0003H     UNIT         ?DT?_AT24C02_WRITEBYTE?AT24C02
            DATA    0060H     0003H     UNIT         ?DT?KEY
            DATA    0063H     0003H     UNIT         ?DT?_LCD_SHOWSTRING?LCD1602
            DATA    0066H     0003H     UNIT         ?DT?MATRIXKEY
BL51 BANKED LINKER/LOCATER V6.22                                                      03/26/2025  21:50:55  PAGE 2


            DATA    0069H     0002H     UNIT         ?DT?_AT24C02_READBYTE?AT24C02
            DATA    006BH     0002H     UNIT         _DATA_GROUP_
            DATA    006DH     0001H     UNIT         ?DT?DS18B20_READT?DS18B20
            IDATA   006EH     0001H     UNIT         ?STACK

            * * * * * * *   C O D E   M E M O R Y   * * * * * * *
            CODE    0000H     0003H     ABSOLUTE     
            CODE    0003H     0007H     UNIT         ?PR?I2C_STOP?I2C
                    000AH     0001H                  *** GAP ***
            CODE    000BH     0003H     ABSOLUTE     
            CODE    000EH     01CAH     UNIT         ?C?LIB_CODE
            CODE    01D8H     0136H     UNIT         ?PR?TIMER0_ROUTINE?MAIN
            CODE    030EH     00F8H     UNIT         ?PR?MAIN?MAIN
            CODE    0406H     008CH     UNIT         ?C_C51STARTUP
            CODE    0492H     0073H     UNIT         ?PR?_NIXIE_SCAN?NIXIE
            CODE    0505H     006DH     UNIT         ?PR?_NIXIE?NIXIEO
            CODE    0572H     0066H     UNIT         ?PR?MATRIXKEY_GETSTATE?MATRIXKEY
            CODE    05D8H     0059H     UNIT         ?PR?KEYPROC?MAIN
            CODE    0631H     0059H     UNIT         ?PR?_XPT2046_READAD?XPT2046
            CODE    068AH     004BH     UNIT         ?C_INITSEG
            CODE    06D5H     0047H     UNIT         ?PR?NIXIE_INIT?MAIN
            CODE    071CH     003AH     UNIT         ?PR?_LCD_SHOWSIGNEDNUM?LCD1602
            CODE    0756H     0039H     UNIT         ?PR?_LCD_SHOWHEXNUM?LCD1602
            CODE    078FH     0038H     UNIT         ?PR?_LCD_SHOWBINNUM?LCD1602
            CODE    07C7H     0033H     UNIT         ?PR?_LCD_POW?LCD1602
            CODE    07FAH     0030H     UNIT         ?PR?_AT24C02_READBYTE?AT24C02
            CODE    082AH     002CH     UNIT         ?PR?DS18B20_READT?DS18B20
            CODE    0856H     0029H     UNIT         ?PR?_I2C_SENDBYTE?I2C
            CODE    087FH     0024H     UNIT         ?PR?_AT24C02_WRITEBYTE?AT24C02
            CODE    08A3H     0023H     UNIT         ?PR?_LCD_SHOWSTRING?LCD1602
            CODE    08C6H     0022H     UNIT         ?PR?_BUZZER_TIME?BUZZER
            CODE    08E8H     0020H     UNIT         ?PR?NIXIE_LOOP?NIXIE
            CODE    0908H     001EH     UNIT         ?PR?_LCD_WRITEDATA?LCD1602
            CODE    0926H     001EH     UNIT         ?PR?ONEWIRE_INIT?ONEWIRE
            CODE    0944H     001DH     UNIT         ?PR?I2C_RECEIVEBYTE?I2C
            CODE    0961H     001DH     UNIT         ?PR?_LCD_SHOWNUM?LCD1602
            CODE    097EH     001CH     UNIT         ?PR?ONEWIRE_RECEIVEBIT?ONEWIRE
            CODE    099AH     0019H     UNIT         ?PR?_ONEWIRE_SENDBYTE?ONEWIRE
            CODE    09B3H     0019H     UNIT         ?PR?ONEWIRE_RECEIVEBYTE?ONEWIRE
            CODE    09CCH     0017H     UNIT         ?PR?_NIXIE_SETBUF?NIXIE
            CODE    09E3H     0017H     UNIT         ?PR?TIMER0_INIT?TIMER0
            CODE    09FAH     0016H     UNIT         ?PR?KEY_GETSTATE?KEY
            CODE    0A10H     0016H     UNIT         ?PR?_LCD_SETCURSOR?LCD1602
            CODE    0A26H     0016H     UNIT         ?PR?_ONEWIRE_SENDBIT?ONEWIRE
            CODE    0A3CH     0014H     UNIT         ?PR?_DELAY?DELAY
            CODE    0A50H     0014H     UNIT         ?PR?KEY_LOOP?KEY
            CODE    0A64H     0014H     UNIT         ?PR?LCD_INIT?LCD1602
            CODE    0A78H     0014H     UNIT         ?PR?MATRIXKEY_LOOP?MATRIXKEY
            CODE    0A8CH     000FH     UNIT         ?PR?LCD_DELAY?LCD1602
            CODE    0A9BH     000DH     UNIT         ?PR?DS18B20_CONVERT?DS18B20
            CODE    0AA8H     000CH     UNIT         ?PR?I2C_RECEIVEACK?I2C
            CODE    0AB4H     000AH     UNIT         ?PR?_I2C_SENDACK?I2C
            CODE    0ABEH     000AH     UNIT         ?PR?_LCD_WRITECOMMAND?LCD1602
            CODE    0AC8H     000AH     UNIT         ?PR?_LCD_SHOWCHAR?LCD1602
            CODE    0AD2H     0009H     UNIT         ?PR?I2C_START?I2C
            CODE    0ADBH     0006H     UNIT         ?PR?BUZZER_DELAY500US?BUZZER
            CODE    0AE1H     0006H     UNIT         ?PR?KEY?KEY
BL51 BANKED LINKER/LOCATER V6.22                                                      03/26/2025  21:50:55  PAGE 3


            CODE    0AE7H     0006H     UNIT         ?PR?MATRIXKEY?MATRIXKEY



OVERLAY MAP OF MODULE:   .\Objects\project (MAIN)


SEGMENT                                    DATA_GROUP 
  +--> CALLED SEGMENT                    START    LENGTH
--------------------------------------------------------
?PR?TIMER0_ROUTINE?MAIN                  -----    -----
  +--> ?PR?MATRIXKEY_LOOP?MATRIXKEY
  +--> ?PR?KEYPROC?MAIN
  +--> ?PR?NIXIE_LOOP?NIXIE
  +--> ?PR?_XPT2046_READAD?XPT2046

?PR?MATRIXKEY_LOOP?MATRIXKEY             -----    -----
  +--> ?PR?MATRIXKEY_GETSTATE?MATRIXKEY

?PR?KEYPROC?MAIN                         -----    -----
  +--> ?PR?MATRIXKEY?MATRIXKEY

?PR?NIXIE_LOOP?NIXIE                     -----    -----
  +--> ?PR?_NIXIE_SCAN?NIXIE

?PR?_XPT2046_READAD?XPT2046              006BH    0002H

*** NEW ROOT ***************************************************

?C_C51STARTUP                            -----    -----
  +--> ?PR?MAIN?MAIN
  +--> ?C_INITSEG

?PR?MAIN?MAIN                            -----    -----
  +--> ?PR?TIMER0_INIT?TIMER0
  +--> ?PR?NIXIE_INIT?MAIN
  +--> ?PR?_NIXIE_SETBUF?NIXIE
  +--> ?PR?_BUZZER_TIME?BUZZER

?PR?NIXIE_INIT?MAIN                      -----    -----
  +--> ?PR?_NIXIE_SETBUF?NIXIE

?PR?_BUZZER_TIME?BUZZER                  -----    -----
  +--> ?PR?BUZZER_DELAY500US?BUZZER



SYMBOL TABLE OF MODULE:  .\Objects\project (MAIN)

  VALUE           TYPE          NAME
  ----------------------------------

  -------         MODULE        MAIN
  C:0000H         SYMBOL        _ICE_DUMMY_
  C:01D8H         PUBLIC        Timer0_Routine
  D:00A0H         PUBLIC        P2
  B:0020H.0       PUBLIC        BuzzerFlag
BL51 BANKED LINKER/LOCATER V6.22                                                      03/26/2025  21:50:55  PAGE 4


  D:000FH         PUBLIC        ADValue
  D:0011H         PUBLIC        LEDNum
  C:030EH         PUBLIC        main
  D:0012H         PUBLIC        mode
  D:0013H         PUBLIC        CountSet
  D:0015H         PUBLIC        LEDCounter
  C:05D8H         PUBLIC        KeyProc
  D:0017H         PUBLIC        LEDLocal
  D:008CH         PUBLIC        TH0
  D:008AH         PUBLIC        TL0
  B:0020H.1       PUBLIC        LEDFlag
  D:0018H         PUBLIC        KeyNum
  C:06D5H         PUBLIC        Nixie_Init
  B:0020H.2       PUBLIC        BeepFlag
  -------         PROC          KEYPROC
  -------         DO            
  D:0008H         SYMBOL        lastKey
  -------         ENDDO         
  C:05D8H         LINE#         25
  C:05D8H         LINE#         27
  C:05DDH         LINE#         29
  C:05E8H         LINE#         30
  C:05F4H         LINE#         31
  C:05F7H         LINE#         33
  C:05FCH         LINE#         34
  C:05FFH         LINE#         35
  C:0601H         LINE#         36
  C:0601H         LINE#         37
  C:0601H         LINE#         39
  C:060CH         LINE#         40
  C:060EH         LINE#         41
  C:060EH         LINE#         43
  C:0619H         LINE#         44
  C:0627H         LINE#         45
  C:062DH         LINE#         46
  C:062DH         LINE#         47
  C:0630H         LINE#         49
  -------         ENDPROC       KEYPROC
  -------         PROC          NIXIE_INIT
  C:06D5H         LINE#         51
  C:06D5H         LINE#         52
  C:06DEH         LINE#         53
  C:06E7H         LINE#         54
  C:06F0H         LINE#         55
  C:06F9H         LINE#         56
  C:0702H         LINE#         57
  C:070BH         LINE#         58
  C:0714H         LINE#         59
  -------         ENDPROC       NIXIE_INIT
  -------         PROC          MAIN
  C:030EH         LINE#         62
  C:030EH         LINE#         63
  C:030EH         LINE#         64
  C:0311H         LINE#         65
  C:0311H         LINE#         66
  C:0311H         LINE#         67
  C:0320H         LINE#         68
BL51 BANKED LINKER/LOCATER V6.22                                                      03/26/2025  21:50:55  PAGE 5


  C:0320H         LINE#         69
  C:0320H         LINE#         70
  C:0323H         LINE#         71
  C:0325H         LINE#         72
  C:0325H         LINE#         73
  C:0325H         LINE#         74
  C:0325H         LINE#         75
  C:032EH         LINE#         76
  C:0337H         LINE#         77
  C:0350H         LINE#         78
  C:0369H         LINE#         79
  C:037BH         LINE#         80
  C:0384H         LINE#         81
  C:0397H         LINE#         82
  C:03A6H         LINE#         83
  C:03B9H         LINE#         84
  C:03BCH         LINE#         85
  C:03BCH         LINE#         86
  C:03BCH         LINE#         87
  C:03BCH         LINE#         88
  C:03C5H         LINE#         89
  C:03CDH         LINE#         90
  C:03D6H         LINE#         91
  C:03DFH         LINE#         92
  C:03E8H         LINE#         93
  C:03F1H         LINE#         94
  C:03FAH         LINE#         95
  C:0403H         LINE#         96
  -------         ENDPROC       MAIN
  -------         PROC          TIMER0_ROUTINE
  -------         DO            
  D:0009H         SYMBOL        Count0
  D:000BH         SYMBOL        NixieCount
  D:000DH         SYMBOL        AD_Set
  -------         ENDDO         
  C:01D8H         LINE#         102
  C:01F5H         LINE#         105
  C:01F8H         LINE#         106
  C:01FBH         LINE#         107
  C:0203H         LINE#         108
  C:020BH         LINE#         109
  C:0211H         LINE#         110
  C:0219H         LINE#         111
  C:022DH         LINE#         112
  C:0233H         LINE#         114
  C:0246H         LINE#         116
  C:0250H         LINE#         117
  C:025AH         LINE#         118
  C:0262H         LINE#         119
  C:0264H         LINE#         120
  C:0264H         LINE#         121
  C:0266H         LINE#         122
  C:026CH         LINE#         126
  C:0274H         LINE#         127
  C:027CH         LINE#         129
  C:0284H         LINE#         130
  C:0289H         LINE#         131
BL51 BANKED LINKER/LOCATER V6.22                                                      03/26/2025  21:50:55  PAGE 6


  C:0292H         LINE#         132
  C:02A5H         LINE#         133
  C:02B6H         LINE#         134
  C:02BCH         LINE#         135
  C:02BCH         LINE#         136
  C:02D2H         LINE#         138
  C:02E6H         LINE#         139
  C:02E8H         LINE#         140
  C:02F0H         LINE#         141
  C:02F3H         LINE#         142
  C:02F3H         LINE#         143
  -------         ENDPROC       TIMER0_ROUTINE
  -------         ENDMOD        MAIN

  -------         MODULE        AT24C02
  C:0000H         SYMBOL        _ICE_DUMMY_
  C:07FAH         PUBLIC        _AT24C02_ReadByte
  C:087FH         PUBLIC        _AT24C02_WriteByte
  -------         PROC          _AT24C02_WRITEBYTE
  D:005DH         SYMBOL        WordAddress
  D:005EH         SYMBOL        Data
  C:087FH         LINE#         11
  C:0885H         LINE#         12
  C:0885H         LINE#         13
  C:0888H         LINE#         14
  C:088DH         LINE#         15
  C:0890H         LINE#         16
  C:0895H         LINE#         17
  C:0898H         LINE#         18
  C:089DH         LINE#         19
  C:08A0H         LINE#         20
  -------         ENDPROC       _AT24C02_WRITEBYTE
  -------         PROC          _AT24C02_READBYTE
  D:0069H         SYMBOL        WordAddress
  -------         DO            
  D:006AH         SYMBOL        Data
  -------         ENDDO         
  C:07FAH         LINE#         28
  C:07FCH         LINE#         29
  C:07FCH         LINE#         31
  C:07FFH         LINE#         32
  C:0804H         LINE#         33
  C:0807H         LINE#         34
  C:080CH         LINE#         35
  C:080FH         LINE#         36
  C:0812H         LINE#         37
  C:0817H         LINE#         38
  C:081AH         LINE#         39
  C:081FH         LINE#         40
  C:0824H         LINE#         41
  C:0827H         LINE#         42
  C:0829H         LINE#         43
  -------         ENDPROC       _AT24C02_READBYTE
  -------         ENDMOD        AT24C02

  -------         MODULE        BUZZER
  C:0000H         SYMBOL        _ICE_DUMMY_
BL51 BANKED LINKER/LOCATER V6.22                                                      03/26/2025  21:50:55  PAGE 7


  D:00A0H         PUBLIC        P2
  B:00A0H.5       PUBLIC        Buzzer
  C:0ADBH         PUBLIC        Buzzer_Delay500us
  C:08C6H         PUBLIC        _Buzzer_Time
  -------         PROC          BUZZER_DELAY500US
  -------         DO            
  D:0007H         SYMBOL        i
  -------         ENDDO         
  C:0ADBH         LINE#         6
  C:0ADBH         LINE#         7
  C:0ADBH         LINE#         10
  C:0ADCH         LINE#         11
  C:0ADEH         LINE#         12
  C:0AE0H         LINE#         13
  -------         ENDPROC       BUZZER_DELAY500US
  -------         PROC          _BUZZER_TIME
  D:0004H         SYMBOL        ms
  -------         DO            
  D:0002H         SYMBOL        i
  -------         ENDDO         
  C:08C6H         LINE#         15
  C:08CAH         LINE#         16
  C:08CAH         LINE#         18
  C:08DBH         LINE#         19
  C:08DBH         LINE#         20
  C:08DDH         LINE#         21
  C:08E0H         LINE#         22
  C:08E7H         LINE#         23
  -------         ENDPROC       _BUZZER_TIME
  -------         ENDMOD        BUZZER

  -------         MODULE        DELAY
  C:0000H         SYMBOL        _ICE_DUMMY_
  C:0A3CH         PUBLIC        _Delay
  -------         PROC          _DELAY
  D:0006H         SYMBOL        xms
  -------         DO            
  D:0005H         SYMBOL        i
  D:0004H         SYMBOL        j
  -------         ENDDO         
  C:0A3CH         LINE#         2
  C:0A3CH         LINE#         3
  C:0A3CH         LINE#         5
  C:0A40H         LINE#         6
  C:0A40H         LINE#         7
  C:0A42H         LINE#         8
  C:0A44H         LINE#         10
  C:0A44H         LINE#         11
  C:0A46H         LINE#         12
  C:0A48H         LINE#         13
  C:0A4DH         LINE#         14
  C:0A4FH         LINE#         15
  -------         ENDPROC       _DELAY
  -------         ENDMOD        DELAY

  -------         MODULE        DS18B20
  C:0000H         SYMBOL        _ICE_DUMMY_
BL51 BANKED LINKER/LOCATER V6.22                                                      03/26/2025  21:50:55  PAGE 8


  C:0A9BH         PUBLIC        DS18B20_ConverT
  C:082AH         PUBLIC        DS18B20_ReadT
  -------         PROC          DS18B20_CONVERT
  C:0A9BH         LINE#         16
  C:0A9BH         LINE#         17
  C:0A9BH         LINE#         18
  C:0A9EH         LINE#         19
  C:0AA3H         LINE#         20
  -------         ENDPROC       DS18B20_CONVERT
  -------         PROC          DS18B20_READT
  -------         DO            
  D:006DH         SYMBOL        TLSB
  D:0007H         SYMBOL        TMSB
  D:0006H         SYMBOL        Temp
  D:0004H         SYMBOL        T
  -------         ENDDO         
  C:082AH         LINE#         23
  C:082AH         LINE#         24
  C:082AH         LINE#         28
  C:082DH         LINE#         29
  C:0832H         LINE#         30
  C:0837H         LINE#         31
  C:083CH         LINE#         32
  C:083FH         LINE#         33
  C:0844H         LINE#         34
  C:0855H         LINE#         35
  C:0855H         LINE#         36
  -------         ENDPROC       DS18B20_READT
  -------         ENDMOD        DS18B20

  -------         MODULE        I2C
  C:0000H         SYMBOL        _ICE_DUMMY_
  B:00A0H.1       PUBLIC        I2C_SCL
  D:00A0H         PUBLIC        P2
  C:0AD2H         PUBLIC        I2C_Start
  C:0AB4H         PUBLIC        _I2C_SendAck
  C:0856H         PUBLIC        _I2C_SendByte
  C:0003H         PUBLIC        I2C_Stop
  C:0AA8H         PUBLIC        I2C_ReceiveAck
  B:00A0H.0       PUBLIC        I2C_SDA
  C:0944H         PUBLIC        I2C_ReceiveByte
  -------         PROC          I2C_START
  C:0AD2H         LINE#         11
  C:0AD2H         LINE#         12
  C:0AD2H         LINE#         13
  C:0AD4H         LINE#         14
  C:0AD6H         LINE#         15
  C:0AD8H         LINE#         16
  C:0ADAH         LINE#         17
  -------         ENDPROC       I2C_START
  -------         PROC          I2C_STOP
  C:0003H         LINE#         24
  C:0003H         LINE#         25
  C:0003H         LINE#         26
  C:0005H         LINE#         27
  C:0007H         LINE#         28
  C:0009H         LINE#         29
BL51 BANKED LINKER/LOCATER V6.22                                                      03/26/2025  21:50:55  PAGE 9


  -------         ENDPROC       I2C_STOP
  -------         PROC          _I2C_SENDBYTE
  D:0005H         SYMBOL        Byte
  -------         DO            
  D:0003H         SYMBOL        i
  -------         ENDDO         
  C:0856H         LINE#         36
  C:0858H         LINE#         37
  C:0858H         LINE#         39
  C:085AH         LINE#         40
  C:085AH         LINE#         41
  C:0876H         LINE#         42
  C:0878H         LINE#         43
  C:087AH         LINE#         44
  C:087EH         LINE#         45
  -------         ENDPROC       _I2C_SENDBYTE
  -------         PROC          I2C_RECEIVEBYTE
  -------         DO            
  D:0007H         SYMBOL        Byte
  D:0006H         SYMBOL        i
  -------         ENDDO         
  C:0944H         LINE#         52
  C:0944H         LINE#         53
  C:0944H         LINE#         55
  C:0946H         LINE#         56
  C:0948H         LINE#         57
  C:0948H         LINE#         58
  C:094AH         LINE#         59
  C:095AH         LINE#         60
  C:095CH         LINE#         61
  C:0960H         LINE#         62
  C:0960H         LINE#         63
  -------         ENDPROC       I2C_RECEIVEBYTE
  -------         PROC          _I2C_SENDACK
  D:0007H         SYMBOL        AckBit
  C:0AB4H         LINE#         70
  C:0AB4H         LINE#         71
  C:0AB4H         LINE#         72
  C:0AB9H         LINE#         73
  C:0ABBH         LINE#         74
  C:0ABDH         LINE#         75
  -------         ENDPROC       _I2C_SENDACK
  -------         PROC          I2C_RECEIVEACK
  -------         DO            
  D:0007H         SYMBOL        AckBit
  -------         ENDDO         
  C:0AA8H         LINE#         82
  C:0AA8H         LINE#         83
  C:0AA8H         LINE#         85
  C:0AAAH         LINE#         86
  C:0AACH         LINE#         88
  C:0AB1H         LINE#         89
  C:0AB3H         LINE#         90
  C:0AB3H         LINE#         91
  -------         ENDPROC       I2C_RECEIVEACK
  -------         ENDMOD        I2C

BL51 BANKED LINKER/LOCATER V6.22                                                      03/26/2025  21:50:55  PAGE 10


  -------         MODULE        KEY
  C:0000H         SYMBOL        _ICE_DUMMY_
  B:00B0H.0       PUBLIC        P3_0
  B:00B0H.1       PUBLIC        P3_1
  B:00B0H.2       PUBLIC        P3_2
  B:00B0H.3       PUBLIC        P3_3
  D:0062H         PUBLIC        Key_KeyNumber
  C:0A50H         PUBLIC        Key_Loop
  C:0AE1H         PUBLIC        Key
  C:09FAH         PUBLIC        Key_GetState
  -------         PROC          KEY
  -------         DO            
  D:0007H         SYMBOL        Temp
  -------         ENDDO         
  C:0AE1H         LINE#         11
  C:0AE1H         LINE#         12
  C:0AE1H         LINE#         13
  C:0AE2H         LINE#         14
  C:0AE4H         LINE#         15
  C:0AE6H         LINE#         16
  C:0AE6H         LINE#         17
  -------         ENDPROC       KEY
  -------         PROC          KEY_GETSTATE
  -------         DO            
  D:0007H         SYMBOL        KeyNumber
  -------         ENDDO         
  C:09FAH         LINE#         24
  C:09FAH         LINE#         25
  C:09FAH         LINE#         26
  C:09FCH         LINE#         28
  C:0A00H         LINE#         29
  C:0A05H         LINE#         30
  C:0A0AH         LINE#         31
  C:0A0FH         LINE#         33
  C:0A0FH         LINE#         34
  -------         ENDPROC       KEY_GETSTATE
  -------         PROC          KEY_LOOP
  -------         DO            
  D:0060H         SYMBOL        NowState
  D:0061H         SYMBOL        LastState
  -------         ENDDO         
  C:0A50H         LINE#         41
  C:0A50H         LINE#         42
  C:0A50H         LINE#         44
  C:0A53H         LINE#         45
  C:0A58H         LINE#         47
  C:0A60H         LINE#         48
  C:0A60H         LINE#         49
  C:0A63H         LINE#         50
  C:0A63H         LINE#         67
  -------         ENDPROC       KEY_LOOP
  -------         ENDMOD        KEY

  -------         MODULE        LCD1602
  C:0000H         SYMBOL        _ICE_DUMMY_
  D:0080H         PUBLIC        P0
  D:00A0H         PUBLIC        P2
BL51 BANKED LINKER/LOCATER V6.22                                                      03/26/2025  21:50:55  PAGE 11


  C:0ABEH         PUBLIC        _LCD_WriteCommand
  C:0961H         PUBLIC        _LCD_ShowNum
  C:078FH         PUBLIC        _LCD_ShowBinNum
  C:0A92H         PUBLIC        LCD_Delay
  C:0756H         PUBLIC        _LCD_ShowHexNum
  C:091CH         PUBLIC        _LCD_WriteData
  B:00A0H.7       PUBLIC        LCD_EN
  C:0A64H         PUBLIC        LCD_Init
  C:08A3H         PUBLIC        _LCD_ShowString
  C:0AC8H         PUBLIC        _LCD_ShowChar
  B:00A0H.6       PUBLIC        LCD_RS
  B:00A0H.5       PUBLIC        LCD_RW
  C:0A10H         PUBLIC        _LCD_SetCursor
  C:071CH         PUBLIC        _LCD_ShowSignedNum
  C:07D3H         PUBLIC        _LCD_Pow
  -------         PROC          L?0048
  -------         ENDPROC       L?0048
  -------         PROC          LCD_DELAY
  -------         DO            
  D:0007H         SYMBOL        i
  D:0006H         SYMBOL        j
  -------         ENDDO         
  C:0A92H         LINE#         15
  C:0A92H         LINE#         16
  C:0A92H         LINE#         19
  C:0A94H         LINE#         20
  C:0A96H         LINE#         22
  C:0A96H         LINE#         23
  C:0A98H         LINE#         24
  C:0A9AH         LINE#         25
  -------         ENDPROC       LCD_DELAY
  -------         PROC          _LCD_WRITECOMMAND
  D:0007H         SYMBOL        Command
  C:0ABEH         LINE#         32
  C:0ABEH         LINE#         33
  C:0ABEH         LINE#         34
  C:0AC0H         LINE#         35
  C:0AC0H         LINE#         36
  C:0AC0H         LINE#         37
  C:0AC0H         LINE#         38
  C:0AC3H         LINE#         39
  C:0AC5H         LINE#         40
  -------         ENDPROC       _LCD_WRITECOMMAND
  -------         PROC          L?0047
  -------         ENDPROC       L?0047
  -------         PROC          _LCD_WRITEDATA
  D:0007H         SYMBOL        Data
  C:091CH         LINE#         48
  C:091CH         LINE#         49
  C:091CH         LINE#         50
  C:091EH         LINE#         51
  C:091EH         LINE#         52
  C:091EH         LINE#         53
  C:091EH         LINE#         54
  C:0921H         LINE#         55
  C:0923H         LINE#         56
  -------         ENDPROC       _LCD_WRITEDATA
BL51 BANKED LINKER/LOCATER V6.22                                                      03/26/2025  21:50:55  PAGE 12


  -------         PROC          _LCD_SETCURSOR
  D:0006H         SYMBOL        Line
  D:0005H         SYMBOL        Column
  C:0A10H         LINE#         65
  C:0A12H         LINE#         66
  C:0A12H         LINE#         67
  C:0A15H         LINE#         68
  C:0A15H         LINE#         69
  C:0A17H         LINE#         70
  C:0A19H         LINE#         71
  C:0A1CH         LINE#         72
  C:0A1CH         LINE#         73
  C:0A25H         LINE#         74
  C:0A25H         LINE#         75
  -------         ENDPROC       _LCD_SETCURSOR
  -------         PROC          LCD_INIT
  C:0A64H         LINE#         82
  C:0A64H         LINE#         83
  C:0A64H         LINE#         84
  C:0A69H         LINE#         85
  C:0A6EH         LINE#         86
  C:0A73H         LINE#         87
  -------         ENDPROC       LCD_INIT
  -------         PROC          _LCD_SHOWCHAR
  D:0006H         SYMBOL        Line
  D:0005H         SYMBOL        Column
  D:0004H         SYMBOL        Char
  C:0AC8H         LINE#         97
  C:0ACAH         LINE#         98
  C:0ACAH         LINE#         99
  C:0ACDH         LINE#         100
  -------         ENDPROC       _LCD_SHOWCHAR
  -------         PROC          _LCD_SHOWSTRING
  D:0007H         SYMBOL        Line
  D:0005H         SYMBOL        Column
  D:0063H         SYMBOL        String
  -------         DO            
  D:0005H         SYMBOL        i
  -------         ENDDO         
  C:08A3H         LINE#         110
  C:08A9H         LINE#         111
  C:08A9H         LINE#         113
  C:08ACH         LINE#         114
  C:08BFH         LINE#         115
  C:08BFH         LINE#         116
  C:08C2H         LINE#         117
  C:08C5H         LINE#         118
  -------         ENDPROC       _LCD_SHOWSTRING
  C:07C9H         SYMBOL        L?0046
  -------         PROC          L?0045
  -------         ENDPROC       L?0045
  C:07C9H         SYMBOL        L?0046
  -------         PROC          _LCD_POW
  D:0059H         SYMBOL        X
  D:005BH         SYMBOL        Y
  -------         DO            
  D:0003H         SYMBOL        i
BL51 BANKED LINKER/LOCATER V6.22                                                      03/26/2025  21:50:55  PAGE 13


  D:0006H         SYMBOL        Result
  -------         ENDDO         
  C:07D3H         LINE#         123
  C:07DBH         LINE#         124
  C:07DBH         LINE#         126
  C:07DFH         LINE#         127
  C:07EFH         LINE#         128
  C:07EFH         LINE#         129
  C:07F6H         LINE#         130
  C:07F9H         LINE#         131
  C:07F9H         LINE#         132
  -------         ENDPROC       _LCD_POW
  -------         PROC          _LCD_SHOWNUM
  D:0007H         SYMBOL        Line
  D:0005H         SYMBOL        Column
  D:004CH         SYMBOL        Number
  D:004EH         SYMBOL        Length
  -------         DO            
  D:0002H         SYMBOL        i
  -------         ENDDO         
  C:0961H         LINE#         142
  C:0965H         LINE#         143
  C:0965H         LINE#         145
  C:0968H         LINE#         146
  C:0970H         LINE#         147
  C:0970H         LINE#         148
  C:097AH         LINE#         149
  C:097DH         LINE#         150
  -------         ENDPROC       _LCD_SHOWNUM
  -------         PROC          _LCD_SHOWSIGNEDNUM
  D:0007H         SYMBOL        Line
  D:0005H         SYMBOL        Column
  D:0002H         SYMBOL        Number
  D:001DH         SYMBOL        Length
  -------         DO            
  D:0002H         SYMBOL        i
  D:001EH         SYMBOL        Number1
  -------         ENDDO         
  C:071CH         LINE#         160
  C:071CH         LINE#         161
  C:071CH         LINE#         164
  C:071FH         LINE#         165
  C:0727H         LINE#         166
  C:0727H         LINE#         167
  C:072CH         LINE#         168
  C:0730H         LINE#         169
  C:0732H         LINE#         171
  C:0732H         LINE#         172
  C:0737H         LINE#         173
  C:0740H         LINE#         174
  C:0740H         LINE#         175
  C:0748H         LINE#         176
  C:0748H         LINE#         177
  C:0752H         LINE#         178
  C:0755H         LINE#         179
  -------         ENDPROC       _LCD_SHOWSIGNEDNUM
  -------         PROC          _LCD_SHOWHEXNUM
BL51 BANKED LINKER/LOCATER V6.22                                                      03/26/2025  21:50:55  PAGE 14


  D:0007H         SYMBOL        Line
  D:0005H         SYMBOL        Column
  D:0051H         SYMBOL        Number
  D:0053H         SYMBOL        Length
  -------         DO            
  D:0002H         SYMBOL        i
  D:0006H         SYMBOL        SingleNumber
  -------         ENDDO         
  C:0756H         LINE#         189
  C:075AH         LINE#         190
  C:075AH         LINE#         192
  C:075DH         LINE#         193
  C:0765H         LINE#         194
  C:0765H         LINE#         195
  C:077BH         LINE#         196
  C:0781H         LINE#         197
  C:0781H         LINE#         198
  C:0783H         LINE#         199
  C:0785H         LINE#         201
  C:0785H         LINE#         202
  C:078BH         LINE#         203
  C:078BH         LINE#         204
  C:078EH         LINE#         205
  -------         ENDPROC       _LCD_SHOWHEXNUM
  -------         PROC          _LCD_SHOWBINNUM
  D:0007H         SYMBOL        Line
  D:0005H         SYMBOL        Column
  D:0056H         SYMBOL        Number
  D:0058H         SYMBOL        Length
  -------         DO            
  D:0002H         SYMBOL        i
  -------         ENDDO         
  C:078FH         LINE#         215
  C:0793H         LINE#         216
  C:0793H         LINE#         218
  C:0796H         LINE#         219
  C:079EH         LINE#         220
  C:079EH         LINE#         221
  C:07C3H         LINE#         222
  C:07C6H         LINE#         223
  -------         ENDPROC       _LCD_SHOWBINNUM
  -------         ENDMOD        LCD1602

  -------         MODULE        NIXIE
  C:0000H         SYMBOL        _ICE_DUMMY_
  D:0022H         PUBLIC        Nixie_Buf
  D:0080H         PUBLIC        P0
  B:00A0H.2       PUBLIC        P2_2
  B:00A0H.3       PUBLIC        P2_3
  B:00A0H.4       PUBLIC        P2_4
  C:09CCH         PUBLIC        _Nixie_SetBuf
  C:0492H         PUBLIC        _Nixie_Scan
  D:002BH         PUBLIC        Nixie_Point
  C:08E8H         PUBLIC        Nixie_Loop
  D:0034H         PUBLIC        NixieCode
  -------         PROC          _NIXIE_SETBUF
  D:0007H         SYMBOL        Location
BL51 BANKED LINKER/LOCATER V6.22                                                      03/26/2025  21:50:55  PAGE 15


  D:0005H         SYMBOL        Num
  D:0003H         SYMBOL        Point
  C:09CCH         LINE#         10
  C:09CCH         LINE#         11
  C:09CCH         LINE#         12
  C:09D2H         LINE#         13
  C:09DCH         LINE#         14
  C:09E2H         LINE#         15
  -------         ENDPROC       _NIXIE_SETBUF
  -------         PROC          _NIXIE_SCAN
  D:0007H         SYMBOL        Location
  D:0005H         SYMBOL        Num
  D:0003H         SYMBOL        Point
  C:0492H         LINE#         17
  C:0492H         LINE#         18
  C:0492H         LINE#         31
  C:0495H         LINE#         32
  C:04C2H         LINE#         33
  C:04C2H         LINE#         34
  C:04C6H         LINE#         35
  C:04CAH         LINE#         36
  C:04CEH         LINE#         37
  C:04D2H         LINE#         38
  C:04DAH         LINE#         39
  C:04E2H         LINE#         40
  C:04EAH         LINE#         41
  C:04F0H         LINE#         42
  C:04F0H         LINE#         43
  C:04FDH         LINE#         44
  C:0504H         LINE#         45
  -------         ENDPROC       _NIXIE_SCAN
  -------         PROC          NIXIE_LOOP
  -------         DO            
  D:0021H         SYMBOL        i
  -------         ENDDO         
  C:08E8H         LINE#         47
  C:08E8H         LINE#         48
  C:08E8H         LINE#         51
  C:08FBH         LINE#         52
  C:08FDH         LINE#         53
  C:0907H         LINE#         54
  -------         ENDPROC       NIXIE_LOOP
  -------         ENDMOD        NIXIE

  -------         MODULE        NIXIEO
  C:0000H         SYMBOL        _ICE_DUMMY_
  C:0505H         PUBLIC        _Nixie
  D:0080H         PUBLIC        P0
  B:00A0H.2       PUBLIC        P2_2
  B:00A0H.3       PUBLIC        P2_3
  B:00A0H.4       PUBLIC        P2_4
  D:0040H         PUBLIC        NixieTable
  -------         PROC          _NIXIE
  D:0007H         SYMBOL        Location
  D:0004H         SYMBOL        Number
  C:0505H         LINE#         13
  C:0505H         LINE#         14
BL51 BANKED LINKER/LOCATER V6.22                                                      03/26/2025  21:50:55  PAGE 16


  C:0505H         LINE#         15
  C:0532H         LINE#         16
  C:0532H         LINE#         17
  C:0536H         LINE#         18
  C:053AH         LINE#         19
  C:053EH         LINE#         20
  C:0542H         LINE#         21
  C:054AH         LINE#         22
  C:0552H         LINE#         23
  C:055AH         LINE#         24
  C:0560H         LINE#         25
  C:0560H         LINE#         26
  C:0567H         LINE#         27
  C:056EH         LINE#         28
  C:0571H         LINE#         29
  -------         ENDPROC       _NIXIE
  -------         ENDMOD        NIXIEO

  -------         MODULE        ONEWIRE
  C:0000H         SYMBOL        _ICE_DUMMY_
  D:00B0H         PUBLIC        P3
  B:00A8H.7       PUBLIC        EA
  C:097EH         PUBLIC        OneWire_ReceiveBit
  B:00B0H.7       PUBLIC        OneWire_DQ
  C:0926H         PUBLIC        OneWire_Init
  C:099AH         PUBLIC        _OneWire_SendByte
  C:0A26H         PUBLIC        _OneWire_SendBit
  C:09B3H         PUBLIC        OneWire_ReceiveByte
  -------         PROC          ONEWIRE_INIT
  -------         DO            
  D:0007H         SYMBOL        i
  D:0006H         SYMBOL        AckBit
  -------         ENDDO         
  C:0926H         LINE#         5
  C:0926H         LINE#         6
  C:0926H         LINE#         9
  C:0928H         LINE#         10
  C:092AH         LINE#         11
  C:092CH         LINE#         12
  C:0930H         LINE#         13
  C:0932H         LINE#         14
  C:0936H         LINE#         15
  C:093BH         LINE#         16
  C:093FH         LINE#         17
  C:0941H         LINE#         18
  C:0943H         LINE#         19
  -------         ENDPROC       ONEWIRE_INIT
  -------         PROC          _ONEWIRE_SENDBIT
  D:0007H         SYMBOL        Bit
  -------         DO            
  D:0006H         SYMBOL        i
  -------         ENDDO         
  C:0A26H         LINE#         20
  C:0A26H         LINE#         21
  C:0A26H         LINE#         23
  C:0A28H         LINE#         24
  C:0A2AH         LINE#         25
BL51 BANKED LINKER/LOCATER V6.22                                                      03/26/2025  21:50:55  PAGE 17


  C:0A2EH         LINE#         26
  C:0A33H         LINE#         27
  C:0A37H         LINE#         28
  C:0A39H         LINE#         29
  C:0A3BH         LINE#         30
  -------         ENDPROC       _ONEWIRE_SENDBIT
  -------         PROC          ONEWIRE_RECEIVEBIT
  -------         DO            
  D:0007H         SYMBOL        i
  D:0006H         SYMBOL        Bit
  -------         ENDDO         
  C:097EH         LINE#         32
  C:097EH         LINE#         33
  C:097EH         LINE#         36
  C:0980H         LINE#         38
  C:0982H         LINE#         39
  C:0986H         LINE#         40
  C:0988H         LINE#         41
  C:098CH         LINE#         42
  C:0991H         LINE#         43
  C:0995H         LINE#         44
  C:0997H         LINE#         45
  C:0999H         LINE#         46
  -------         ENDPROC       ONEWIRE_RECEIVEBIT
  -------         PROC          _ONEWIRE_SENDBYTE
  D:0005H         SYMBOL        Byte
  -------         DO            
  D:0004H         SYMBOL        i
  -------         ENDDO         
  C:099AH         LINE#         48
  C:099CH         LINE#         49
  C:099CH         LINE#         51
  C:099EH         LINE#         52
  C:099EH         LINE#         53
  C:09AEH         LINE#         54
  C:09B2H         LINE#         55
  -------         ENDPROC       _ONEWIRE_SENDBYTE
  -------         PROC          ONEWIRE_RECEIVEBYTE
  -------         DO            
  D:0004H         SYMBOL        i
  D:0005H         SYMBOL        Byte
  -------         ENDDO         
  C:09B3H         LINE#         57
  C:09B3H         LINE#         58
  C:09B3H         LINE#         60
  C:09B5H         LINE#         61
  C:09B6H         LINE#         62
  C:09B6H         LINE#         63
  C:09C5H         LINE#         65
  C:09C9H         LINE#         66
  C:09CBH         LINE#         67
  -------         ENDPROC       ONEWIRE_RECEIVEBYTE
  -------         ENDMOD        ONEWIRE

  -------         MODULE        TIMER0
  C:0000H         SYMBOL        _ICE_DUMMY_
  B:00A8H.7       PUBLIC        EA
BL51 BANKED LINKER/LOCATER V6.22                                                      03/26/2025  21:50:55  PAGE 18


  C:09E3H         PUBLIC        Timer0_Init
  D:0089H         PUBLIC        TMOD
  B:00A8H.1       PUBLIC        ET0
  B:0088H.5       PUBLIC        TF0
  D:008CH         PUBLIC        TH0
  D:008AH         PUBLIC        TL0
  B:00B8H.1       PUBLIC        PT0
  B:0088H.4       PUBLIC        TR0
  -------         PROC          TIMER0_INIT
  C:09E3H         LINE#         8
  C:09E3H         LINE#         9
  C:09E3H         LINE#         10
  C:09E6H         LINE#         11
  C:09E9H         LINE#         12
  C:09EBH         LINE#         13
  C:09EDH         LINE#         14
  C:09F0H         LINE#         15
  C:09F3H         LINE#         16
  C:09F5H         LINE#         17
  C:09F7H         LINE#         18
  C:09F9H         LINE#         19
  -------         ENDPROC       TIMER0_INIT
  -------         ENDMOD        TIMER0

  -------         MODULE        XPT2046
  C:0000H         SYMBOL        _ICE_DUMMY_
  D:00B0H         PUBLIC        P3
  B:00B0H.4       PUBLIC        XPY2046_DIN
  C:0631H         PUBLIC        _XPT2046_ReadAD
  B:00B0H.5       PUBLIC        XPY2046_CS
  B:00B0H.6       PUBLIC        XPY2046_DCLK
  B:00B0H.7       PUBLIC        XPY2046_DOUT
  -------         PROC          _XPT2046_READAD
  D:0005H         SYMBOL        Command
  -------         DO            
  D:0003H         SYMBOL        i
  D:006BH         SYMBOL        Data
  -------         ENDDO         
  C:0631H         LINE#         15
  C:0633H         LINE#         16
  C:0633H         LINE#         18
  C:0638H         LINE#         19
  C:063AH         LINE#         20
  C:063CH         LINE#         21
  C:063DH         LINE#         22
  C:063DH         LINE#         23
  C:0659H         LINE#         24
  C:065BH         LINE#         25
  C:065DH         LINE#         26
  C:0661H         LINE#         27
  C:0663H         LINE#         28
  C:0663H         LINE#         29
  C:0665H         LINE#         30
  C:0667H         LINE#         31
  C:067EH         LINE#         32
  C:0682H         LINE#         33
  C:0684H         LINE#         34
BL51 BANKED LINKER/LOCATER V6.22                                                      03/26/2025  21:50:55  PAGE 19


  C:0689H         LINE#         35
  -------         ENDPROC       _XPT2046_READAD
  -------         ENDMOD        XPT2046

  -------         MODULE        MATRIXKEY
  C:0000H         SYMBOL        _ICE_DUMMY_
  D:0090H         PUBLIC        P1
  B:0090H.0       PUBLIC        P1_0
  B:0090H.1       PUBLIC        P1_1
  B:0090H.2       PUBLIC        P1_2
  B:0090H.3       PUBLIC        P1_3
  B:0090H.4       PUBLIC        P1_4
  B:0090H.5       PUBLIC        P1_5
  B:0090H.6       PUBLIC        P1_6
  B:0090H.7       PUBLIC        P1_7
  D:0068H         PUBLIC        MatrixKey_KeyNumber
  C:0A78H         PUBLIC        MatrixKey_Loop
  C:0AE7H         PUBLIC        MatrixKey
  C:0572H         PUBLIC        MatrixKey_GetState
  -------         PROC          MATRIXKEY
  -------         DO            
  D:0007H         SYMBOL        Temp
  -------         ENDDO         
  C:0AE7H         LINE#         6
  C:0AE7H         LINE#         7
  C:0AE7H         LINE#         8
  C:0AE8H         LINE#         9
  C:0AEAH         LINE#         10
  C:0AECH         LINE#         11
  C:0AECH         LINE#         12
  -------         ENDPROC       MATRIXKEY
  -------         PROC          MATRIXKEY_GETSTATE
  -------         DO            
  D:0007H         SYMBOL        KeyNumber
  -------         ENDDO         
  C:0572H         LINE#         19
  C:0572H         LINE#         20
  C:0572H         LINE#         21
  C:0574H         LINE#         23
  C:0577H         LINE#         24
  C:0579H         LINE#         25
  C:057DH         LINE#         26
  C:0582H         LINE#         27
  C:0587H         LINE#         28
  C:058CH         LINE#         30
  C:058FH         LINE#         31
  C:0591H         LINE#         32
  C:0596H         LINE#         33
  C:059BH         LINE#         34
  C:05A0H         LINE#         35
  C:05A5H         LINE#         37
  C:05A8H         LINE#         38
  C:05AAH         LINE#         39
  C:05AFH         LINE#         40
  C:05B4H         LINE#         41
  C:05B9H         LINE#         42
  C:05BEH         LINE#         44
BL51 BANKED LINKER/LOCATER V6.22                                                      03/26/2025  21:50:55  PAGE 20


  C:05C1H         LINE#         45
  C:05C3H         LINE#         46
  C:05C8H         LINE#         47
  C:05CDH         LINE#         48
  C:05D2H         LINE#         49
  C:05D7H         LINE#         51
  C:05D7H         LINE#         52
  -------         ENDPROC       MATRIXKEY_GETSTATE
  -------         PROC          MATRIXKEY_LOOP
  -------         DO            
  D:0066H         SYMBOL        NowState
  D:0067H         SYMBOL        LastState
  -------         ENDDO         
  C:0A78H         LINE#         54
  C:0A78H         LINE#         55
  C:0A78H         LINE#         57
  C:0A7BH         LINE#         58
  C:0A80H         LINE#         60
  C:0A88H         LINE#         61
  C:0A88H         LINE#         62
  C:0A8BH         LINE#         63
  C:0A8BH         LINE#         64
  -------         ENDPROC       MATRIXKEY_LOOP
  -------         ENDMOD        MATRIXKEY

  -------         MODULE        ?C?FPDIV
  C:0011H         PUBLIC        ?C?FPDIV
  -------         ENDMOD        ?C?FPDIV

  -------         MODULE        ?C?FCAST
  C:00B8H         PUBLIC        ?C?FCASTC
  C:00B3H         PUBLIC        ?C?FCASTI
  C:00AEH         PUBLIC        ?C?FCASTL
  -------         ENDMOD        ?C?FCAST

  -------         MODULE        ?C?CLDOPTR
  C:0136H         PUBLIC        ?C?CLDOPTR
  -------         ENDMOD        ?C?CLDOPTR

  -------         MODULE        ?C?IMUL
  C:0163H         PUBLIC        ?C?IMUL
  -------         ENDMOD        ?C?IMUL

  -------         MODULE        ?C?UIDIV
  C:0175H         PUBLIC        ?C?UIDIV
  -------         ENDMOD        ?C?UIDIV

  -------         MODULE        ?C?LNEG
  C:01CAH         PUBLIC        ?C?LNEG
  -------         ENDMOD        ?C?LNEG

*** WARNING L16: UNCALLED SEGMENT, IGNORED FOR OVERLAY PROCESS
    SEGMENT: ?PR?_AT24C02_WRITEBYTE?AT24C02

*** WARNING L16: UNCALLED SEGMENT, IGNORED FOR OVERLAY PROCESS
    SEGMENT: ?PR?_AT24C02_READBYTE?AT24C02

BL51 BANKED LINKER/LOCATER V6.22                                                      03/26/2025  21:50:55  PAGE 21


*** WARNING L16: UNCALLED SEGMENT, IGNORED FOR OVERLAY PROCESS
    SEGMENT: ?PR?DS18B20_CONVERT?DS18B20

*** WARNING L16: UNCALLED SEGMENT, IGNORED FOR OVERLAY PROCESS
    SEGMENT: ?PR?DS18B20_READT?DS18B20

*** WARNING L16: UNCALLED SEGMENT, IGNORED FOR OVERLAY PROCESS
    SEGMENT: ?PR?KEY?KEY

*** WARNING L16: UNCALLED SEGMENT, IGNORED FOR OVERLAY PROCESS
    SEGMENT: ?PR?KEY_LOOP?KEY

*** WARNING L16: UNCALLED SEGMENT, IGNORED FOR OVERLAY PROCESS
    SEGMENT: ?PR?LCD_INIT?LCD1602

*** WARNING L16: UNCALLED SEGMENT, IGNORED FOR OVERLAY PROCESS
    SEGMENT: ?PR?_LCD_SHOWCHAR?LCD1602

*** WARNING L16: UNCALLED SEGMENT, IGNORED FOR OVERLAY PROCESS
    SEGMENT: ?PR?_LCD_SHOWSTRING?LCD1602

*** WARNING L16: UNCALLED SEGMENT, IGNORED FOR OVERLAY PROCESS
    SEGMENT: ?PR?_LCD_SHOWNUM?LCD1602

*** WARNING L16: UNCALLED SEGMENT, IGNORED FOR OVERLAY PROCESS
    SEGMENT: ?PR?_LCD_SHOWSIGNEDNUM?LCD1602

*** WARNING L16: UNCALLED SEGMENT, IGNORED FOR OVERLAY PROCESS
    SEGMENT: ?PR?_LCD_SHOWHEXNUM?LCD1602

*** WARNING L16: UNCALLED SEGMENT, IGNORED FOR OVERLAY PROCESS
    SEGMENT: ?PR?_LCD_SHOWBINNUM?LCD1602

*** WARNING L16: UNCALLED SEGMENT, IGNORED FOR OVERLAY PROCESS
    SEGMENT: ?PR?_NIXIE?NIXIEO

Program Size: data=110.3 xdata=0 code=2796
LINK/LOCATE RUN COMPLETE.  14 WARNING(S),  0 ERROR(S)
