BL51 BANKED LINKER/LOCATER V6.22                                                        03/01/2025  16:36:22  PAGE 1


BL51 BANKED LINKER/LOCATER V6.22, INVOKED BY:
C:\KEIL_V5\C51\BIN\BL51.EXE .\Objects\main.obj, .\Objects\delay.obj, .\Objects\Key.obj, .\Objects\LCD1602.obj, .\Objects
>> \AT24C02.obj, .\Objects\I2C.obj, .\Objects\Timer0.obj, .\Objects\nixie.obj, .\Objects\DS18B20.obj, .\Objects\OneWire.
>> obj, .\Objects\Buzzer.obj, .\Objects\XPT2046.obj TO .\Objects\Project PRINT (.\Listings\Project.m51) RAMSIZE (256)


MEMORY MODEL: SMALL WITH FLOATING POINT ARITHMETIC


INPUT MODULES INCLUDED:
  .\Objects\main.obj (MAIN)
  .\Objects\delay.obj (DELAY)
  .\Objects\Key.obj (KEY)
  .\Objects\LCD1602.obj (LCD1602)
  .\Objects\AT24C02.obj (AT24C02)
  .\Objects\I2C.obj (I2C)
  .\Objects\Timer0.obj (TIMER0)
  .\Objects\nixie.obj (NIXIE)
  .\Objects\DS18B20.obj (DS18B20)
  .\Objects\OneWire.obj (ONEWIRE)
  .\Objects\Buzzer.obj (BUZZER)
  .\Objects\XPT2046.obj (XPT2046)
  C:\KEIL_V5\C51\LIB\C51FPS.LIB (?C?FPDIV)
  C:\KEIL_V5\C51\LIB\C51FPS.LIB (?C?FCAST)
  C:\KEIL_V5\C51\LIB\C51FPS.LIB (?C?FPGETOPN)
  C:\KEIL_V5\C51\LIB\C51S.LIB (?C_STARTUP)
  C:\KEIL_V5\C51\LIB\C51S.LIB (?C?CLDOPTR)
  C:\KEIL_V5\C51\LIB\C51S.LIB (?C?IMUL)
  C:\KEIL_V5\C51\LIB\C51S.LIB (?C?UIDIV)
  C:\KEIL_V5\C51\LIB\C51S.LIB (?C?LNEG)
  C:\KEIL_V5\C51\LIB\C51S.LIB (?C_INIT)


LINK MAP OF MODULE:  .\Objects\Project (MAIN)


            TYPE    BASE      LENGTH    RELOCATION   SEGMENT NAME
            -----------------------------------------------------

            * * * * * * *   D A T A   M E M O R Y   * * * * * * *
            REG     0000H     0008H     ABSOLUTE     "REG BANK 0"
            DATA    0008H     0016H     UNIT         ?DT?NIXIE
            DATA    001EH     0002H     UNIT         ?DT?_AT24C02_READBYTE?AT24C02
            BIT     0020H.0   0000H.1   UNIT         ?BI?MAIN
                    0020H.1   0000H.7                *** GAP ***
            DATA    0021H     0012H     UNIT         ?DT?MAIN
            DATA    0033H     0007H     UNIT         ?DT?_LCD_SHOWSIGNEDNUM?LCD1602
            DATA    003AH     0005H     UNIT         ?DT?_LCD_SHOWNUM?LCD1602
            DATA    003FH     0005H     UNIT         ?DT?_LCD_SHOWHEXNUM?LCD1602
            DATA    0044H     0005H     UNIT         ?DT?_LCD_SHOWBINNUM?LCD1602
            DATA    0049H     0005H     UNIT         _DATA_GROUP_
            DATA    004EH     0004H     UNIT         ?DT?_LCD_POW?LCD1602
            DATA    0052H     0003H     UNIT         ?DT?KEY
            DATA    0055H     0003H     UNIT         ?DT?_LCD_SHOWSTRING?LCD1602
            DATA    0058H     0003H     UNIT         ?DT?_AT24C02_WRITEBYTE?AT24C02
            DATA    005BH     0001H     UNIT         ?DT?DS18B20_READT?DS18B20
            IDATA   005CH     0001H     UNIT         ?STACK

BL51 BANKED LINKER/LOCATER V6.22                                                      03/01/2025  16:36:22  PAGE 2


            * * * * * * *   C O D E   M E M O R Y   * * * * * * *
            CODE    0000H     0003H     ABSOLUTE     
            CODE    0003H     0007H     UNIT         ?PR?I2C_STOP?I2C
                    000AH     0001H                  *** GAP ***
            CODE    000BH     0003H     ABSOLUTE     
            CODE    000EH     01D1H     UNIT         ?PR?TIMER0_ROUTINE?MAIN
            CODE    01DFH     01CAH     UNIT         ?C?LIB_CODE
            CODE    03A9H     0095H     UNIT         ?PR?MAIN?MAIN
            CODE    043EH     008CH     UNIT         ?C_C51STARTUP
            CODE    04CAH     0066H     UNIT         ?PR?_NIXIE_SCAN?NIXIE
            CODE    0530H     0059H     UNIT         ?PR?_XPT2046_READAD?XPT2046
            CODE    0589H     0048H     UNIT         ?PR?NIXIE_COUNTDOWN?MAIN
            CODE    05D1H     003AH     UNIT         ?PR?_LCD_SHOWSIGNEDNUM?LCD1602
            CODE    060BH     0039H     UNIT         ?PR?_LCD_SHOWHEXNUM?LCD1602
            CODE    0644H     0038H     UNIT         ?PR?_LCD_SHOWBINNUM?LCD1602
            CODE    067CH     0033H     UNIT         ?PR?_LCD_POW?LCD1602
            CODE    06AFH     0030H     UNIT         ?PR?_AT24C02_READBYTE?AT24C02
            CODE    06DFH     002CH     UNIT         ?PR?DS18B20_READT?DS18B20
            CODE    070BH     0029H     UNIT         ?PR?_I2C_SENDBYTE?I2C
            CODE    0734H     0024H     UNIT         ?PR?NIXIE_CLEAR?MAIN
            CODE    0758H     0024H     UNIT         ?PR?_AT24C02_WRITEBYTE?AT24C02
            CODE    077CH     0023H     UNIT         ?PR?_LCD_SHOWSTRING?LCD1602
            CODE    079FH     0022H     UNIT         ?C_INITSEG
            CODE    07C1H     0022H     UNIT         ?PR?_BUZZER_TIME?BUZZER
            CODE    07E3H     001EH     UNIT         ?PR?_LCD_WRITEDATA?LCD1602
            CODE    0801H     001EH     UNIT         ?PR?ONEWIRE_INIT?ONEWIRE
            CODE    081FH     001DH     UNIT         ?PR?_LCD_SHOWNUM?LCD1602
            CODE    083CH     001DH     UNIT         ?PR?I2C_RECEIVEBYTE?I2C
            CODE    0859H     001CH     UNIT         ?PR?ONEWIRE_RECEIVEBIT?ONEWIRE
            CODE    0875H     001BH     UNIT         ?PR?NIXIE_LOOP?NIXIE
            CODE    0890H     0019H     UNIT         ?PR?_ONEWIRE_SENDBYTE?ONEWIRE
            CODE    08A9H     0019H     UNIT         ?PR?ONEWIRE_RECEIVEBYTE?ONEWIRE
            CODE    08C2H     0017H     UNIT         ?PR?TIMER0_INIT?TIMER0
            CODE    08D9H     0016H     UNIT         ?PR?KEY_GETSTATE?KEY
            CODE    08EFH     0016H     UNIT         ?PR?_LCD_SETCURSOR?LCD1602
            CODE    0905H     0016H     UNIT         ?PR?_ONEWIRE_SENDBIT?ONEWIRE
            CODE    091BH     0014H     UNIT         ?PR?_DELAY?DELAY
            CODE    092FH     0014H     UNIT         ?PR?KEY_LOOP?KEY
            CODE    0943H     0014H     UNIT         ?PR?LCD_INIT?LCD1602
            CODE    0957H     000FH     UNIT         ?PR?LCD_DELAY?LCD1602
            CODE    0966H     000DH     UNIT         ?PR?DS18B20_CONVERT?DS18B20
            CODE    0973H     000CH     UNIT         ?PR?I2C_RECEIVEACK?I2C
            CODE    097FH     000AH     UNIT         ?PR?_LCD_WRITECOMMAND?LCD1602
            CODE    0989H     000AH     UNIT         ?PR?_LCD_SHOWCHAR?LCD1602
            CODE    0993H     000AH     UNIT         ?PR?_I2C_SENDACK?I2C
            CODE    099DH     0009H     UNIT         ?PR?I2C_START?I2C
            CODE    09A6H     0009H     UNIT         ?PR?_NIXIE_SETBUF?NIXIE
            CODE    09AFH     0006H     UNIT         ?PR?KEY?KEY
            CODE    09B5H     0006H     UNIT         ?PR?BUZZER_DELAY500US?BUZZER



OVERLAY MAP OF MODULE:   .\Objects\Project (MAIN)


SEGMENT                                   DATA_GROUP 
  +--> CALLED SEGMENT                   START    LENGTH
BL51 BANKED LINKER/LOCATER V6.22                                                      03/01/2025  16:36:22  PAGE 3


-------------------------------------------------------
?PR?TIMER0_ROUTINE?MAIN                 -----    -----
  +--> ?PR?NIXIE_LOOP?NIXIE
  +--> ?PR?_XPT2046_READAD?XPT2046
  +--> ?PR?KEY_LOOP?KEY

?PR?NIXIE_LOOP?NIXIE                    -----    -----
  +--> ?PR?_NIXIE_SCAN?NIXIE

?PR?_XPT2046_READAD?XPT2046             0049H    0002H

?PR?KEY_LOOP?KEY                        -----    -----
  +--> ?PR?KEY_GETSTATE?KEY

*** NEW ROOT ***************************************************

?C_C51STARTUP                           -----    -----
  +--> ?PR?MAIN?MAIN
  +--> ?C_INITSEG

?PR?MAIN?MAIN                           -----    -----
  +--> ?PR?TIMER0_INIT?TIMER0
  +--> ?PR?KEY?KEY
  +--> ?PR?_BUZZER_TIME?BUZZER
  +--> ?PR?NIXIE_COUNTDOWN?MAIN
  +--> ?PR?NIXIE_CLEAR?MAIN

?PR?_BUZZER_TIME?BUZZER                 -----    -----
  +--> ?PR?BUZZER_DELAY500US?BUZZER

?PR?NIXIE_COUNTDOWN?MAIN                004BH    0003H
  +--> ?PR?_NIXIE_SETBUF?NIXIE

?PR?NIXIE_CLEAR?MAIN                    -----    -----
  +--> ?PR?_NIXIE_SETBUF?NIXIE



SYMBOL TABLE OF MODULE:  .\Objects\Project (MAIN)

  VALUE           TYPE          NAME
  ----------------------------------

  -------         MODULE        MAIN
  C:0000H         SYMBOL        _ICE_DUMMY_
  C:000EH         PUBLIC        Timer0_Routine
  D:0090H         PUBLIC        P1
  D:00A0H         PUBLIC        P2
  D:002BH         PUBLIC        ADValue
  C:0589H         PUBLIC        Nixie_CountDown
  B:0090H.2       PUBLIC        Light_Red_A
  B:0090H.6       PUBLIC        Light_Red_B
  C:03A9H         PUBLIC        main
  D:002DH         PUBLIC        status
  D:002EH         PUBLIC        FlashFlag_Light_Yellow
  D:002FH         PUBLIC        CDA
  D:0030H         PUBLIC        CDB
BL51 BANKED LINKER/LOCATER V6.22                                                      03/01/2025  16:36:22  PAGE 4


  C:0734H         PUBLIC        Nixie_Clear
  D:008CH         PUBLIC        TH0
  D:008AH         PUBLIC        TL0
  D:0031H         PUBLIC        FlashFlag_Buzzer
  D:0032H         PUBLIC        KeyNum
  B:0090H.0       PUBLIC        Light_Green_A
  B:0090H.3       PUBLIC        Light_Green_B
  B:0090H.1       PUBLIC        Light_Yellow_A
  B:0090H.4       PUBLIC        Light_Yellow_B
  -------         PROC          NIXIE_COUNTDOWN
  -------         DO            
  D:0007H         SYMBOL        i
  D:004BH         SYMBOL        j
  D:004CH         SYMBOL        m
  D:004DH         SYMBOL        n
  -------         ENDDO         
  C:0589H         LINE#         39
  C:0589H         LINE#         40
  C:0589H         LINE#         43
  C:0590H         LINE#         44
  C:0599H         LINE#         45
  C:05A1H         LINE#         46
  C:05AAH         LINE#         48
  C:05B3H         LINE#         49
  C:05BDH         LINE#         50
  C:05C7H         LINE#         51
  -------         ENDPROC       NIXIE_COUNTDOWN
  -------         PROC          NIXIE_CLEAR
  C:0734H         LINE#         55
  C:0734H         LINE#         56
  C:0734H         LINE#         57
  C:073DH         LINE#         58
  C:0746H         LINE#         59
  C:074FH         LINE#         60
  -------         ENDPROC       NIXIE_CLEAR
  -------         PROC          MAIN
  C:03A9H         LINE#         63
  C:03A9H         LINE#         64
  C:03A9H         LINE#         65
  C:03ACH         LINE#         66
  C:03ACH         LINE#         67
  C:03ACH         LINE#         68
  C:03B1H         LINE#         69
  C:03B9H         LINE#         70
  C:03C1H         LINE#         71
  C:03D6H         LINE#         72
  C:03D6H         LINE#         73
  C:03D6H         LINE#         74
  C:03D6H         LINE#         75
  C:03D8H         LINE#         76
  C:03DAH         LINE#         78
  C:03DCH         LINE#         79
  C:03DEH         LINE#         81
  C:03DEH         LINE#         82
  C:03E0H         LINE#         83
  C:03E0H         LINE#         84
  C:03E0H         LINE#         85
BL51 BANKED LINKER/LOCATER V6.22                                                      03/01/2025  16:36:22  PAGE 5


  C:03E0H         LINE#         86
  C:03E2H         LINE#         87
  C:03E8H         LINE#         90
  C:03F3H         LINE#         92
  C:03F3H         LINE#         93
  C:03F5H         LINE#         94
  C:03F5H         LINE#         95
  C:03F5H         LINE#         96
  C:03F5H         LINE#         97
  C:03F7H         LINE#         98
  C:03F9H         LINE#         100
  C:03FBH         LINE#         101
  C:03FDH         LINE#         103
  C:03FDH         LINE#         104
  C:03FFH         LINE#         105
  C:03FFH         LINE#         106
  C:03FFH         LINE#         107
  C:03FFH         LINE#         108
  C:0401H         LINE#         111
  C:0407H         LINE#         114
  C:0412H         LINE#         116
  C:0415H         LINE#         117
  C:0417H         LINE#         118
  C:0417H         LINE#         119
  C:0417H         LINE#         120
  C:0417H         LINE#         121
  C:0419H         LINE#         122
  C:041BH         LINE#         123
  C:041DH         LINE#         125
  C:041FH         LINE#         126
  C:0421H         LINE#         127
  C:0423H         LINE#         128
  C:0426H         LINE#         129
  C:0428H         LINE#         130
  C:0428H         LINE#         131
  C:0428H         LINE#         132
  C:0428H         LINE#         133
  C:042AH         LINE#         134
  C:042CH         LINE#         135
  C:0432H         LINE#         137
  C:0434H         LINE#         138
  C:0436H         LINE#         139
  C:0438H         LINE#         140
  C:043BH         LINE#         141
  -------         ENDPROC       MAIN
  -------         PROC          TIMER0_ROUTINE
  -------         DO            
  D:0021H         SYMBOL        KeyCount
  D:0023H         SYMBOL        LightCount
  D:0025H         SYMBOL        FlashCount
  D:0027H         SYMBOL        T0Count
  D:0029H         SYMBOL        GRCount
  B:0020H.0       SYMBOL        NightMode
  -------         ENDDO         
  C:000EH         LINE#         148
  C:002BH         LINE#         152
  C:002EH         LINE#         153
BL51 BANKED LINKER/LOCATER V6.22                                                      03/01/2025  16:36:22  PAGE 6


  C:0031H         LINE#         154
  C:0039H         LINE#         155
  C:0041H         LINE#         156
  C:0049H         LINE#         157
  C:0051H         LINE#         158
  C:0059H         LINE#         160
  C:006DH         LINE#         162
  C:0078H         LINE#         163
  C:007EH         LINE#         164
  C:0087H         LINE#         165
  C:0096H         LINE#         166
  C:0098H         LINE#         168
  C:00A1H         LINE#         169
  C:00A4H         LINE#         170
  C:00A4H         LINE#         171
  C:00AEH         LINE#         172
  C:00B1H         LINE#         173
  C:00B7H         LINE#         174
  C:00B7H         LINE#         175
  C:00B7H         LINE#         177
  C:00CBH         LINE#         179
  C:00DFH         LINE#         184
  C:00E2H         LINE#         185
  C:00FAH         LINE#         186
  C:0113H         LINE#         187
  C:012CH         LINE#         188
  C:0145H         LINE#         189
  C:0145H         LINE#         191
  C:015EH         LINE#         193
  C:016FH         LINE#         194
  C:018AH         LINE#         195
  C:01A6H         LINE#         196
  C:01C4H         LINE#         197
  C:01C4H         LINE#         198
  -------         ENDPROC       TIMER0_ROUTINE
  -------         ENDMOD        MAIN

  -------         MODULE        DELAY
  C:0000H         SYMBOL        _ICE_DUMMY_
  C:091BH         PUBLIC        _Delay
  -------         PROC          _DELAY
  D:0006H         SYMBOL        xms
  -------         DO            
  D:0005H         SYMBOL        i
  D:0004H         SYMBOL        j
  -------         ENDDO         
  C:091BH         LINE#         2
  C:091BH         LINE#         3
  C:091BH         LINE#         5
  C:091FH         LINE#         6
  C:091FH         LINE#         7
  C:0921H         LINE#         8
  C:0923H         LINE#         10
  C:0923H         LINE#         11
  C:0925H         LINE#         12
  C:0927H         LINE#         13
  C:092CH         LINE#         14
BL51 BANKED LINKER/LOCATER V6.22                                                      03/01/2025  16:36:22  PAGE 7


  C:092EH         LINE#         15
  -------         ENDPROC       _DELAY
  -------         ENDMOD        DELAY

  -------         MODULE        KEY
  C:0000H         SYMBOL        _ICE_DUMMY_
  B:00B0H.0       PUBLIC        P3_0
  B:00B0H.1       PUBLIC        P3_1
  B:00B0H.2       PUBLIC        P3_2
  B:00B0H.3       PUBLIC        P3_3
  D:0054H         PUBLIC        Key_KeyNumber
  C:092FH         PUBLIC        Key_Loop
  C:09AFH         PUBLIC        Key
  C:08D9H         PUBLIC        Key_GetState
  -------         PROC          KEY
  -------         DO            
  D:0007H         SYMBOL        Temp
  -------         ENDDO         
  C:09AFH         LINE#         11
  C:09AFH         LINE#         12
  C:09AFH         LINE#         13
  C:09B0H         LINE#         14
  C:09B2H         LINE#         15
  C:09B4H         LINE#         16
  C:09B4H         LINE#         17
  -------         ENDPROC       KEY
  -------         PROC          KEY_GETSTATE
  -------         DO            
  D:0007H         SYMBOL        KeyNumber
  -------         ENDDO         
  C:08D9H         LINE#         24
  C:08D9H         LINE#         25
  C:08D9H         LINE#         26
  C:08DBH         LINE#         28
  C:08DFH         LINE#         29
  C:08E4H         LINE#         30
  C:08E9H         LINE#         31
  C:08EEH         LINE#         33
  C:08EEH         LINE#         34
  -------         ENDPROC       KEY_GETSTATE
  -------         PROC          KEY_LOOP
  -------         DO            
  D:0052H         SYMBOL        NowState
  D:0053H         SYMBOL        LastState
  -------         ENDDO         
  C:092FH         LINE#         41
  C:092FH         LINE#         42
  C:092FH         LINE#         44
  C:0932H         LINE#         45
  C:0937H         LINE#         47
  C:093FH         LINE#         48
  C:093FH         LINE#         49
  C:0942H         LINE#         50
  C:0942H         LINE#         67
  -------         ENDPROC       KEY_LOOP
  -------         ENDMOD        KEY

BL51 BANKED LINKER/LOCATER V6.22                                                      03/01/2025  16:36:22  PAGE 8


  -------         MODULE        LCD1602
  C:0000H         SYMBOL        _ICE_DUMMY_
  D:0080H         PUBLIC        P0
  D:00A0H         PUBLIC        P2
  C:097FH         PUBLIC        _LCD_WriteCommand
  C:081FH         PUBLIC        _LCD_ShowNum
  C:0644H         PUBLIC        _LCD_ShowBinNum
  C:095DH         PUBLIC        LCD_Delay
  C:060BH         PUBLIC        _LCD_ShowHexNum
  C:07F7H         PUBLIC        _LCD_WriteData
  B:00A0H.7       PUBLIC        LCD_EN
  C:0943H         PUBLIC        LCD_Init
  C:077CH         PUBLIC        _LCD_ShowString
  C:0989H         PUBLIC        _LCD_ShowChar
  B:00A0H.6       PUBLIC        LCD_RS
  B:00A0H.5       PUBLIC        LCD_RW
  C:08EFH         PUBLIC        _LCD_SetCursor
  C:05D1H         PUBLIC        _LCD_ShowSignedNum
  C:0688H         PUBLIC        _LCD_Pow
  -------         PROC          L?0048
  -------         ENDPROC       L?0048
  -------         PROC          LCD_DELAY
  -------         DO            
  D:0007H         SYMBOL        i
  D:0006H         SYMBOL        j
  -------         ENDDO         
  C:095DH         LINE#         15
  C:095DH         LINE#         16
  C:095DH         LINE#         19
  C:095FH         LINE#         20
  C:0961H         LINE#         22
  C:0961H         LINE#         23
  C:0963H         LINE#         24
  C:0965H         LINE#         25
  -------         ENDPROC       LCD_DELAY
  -------         PROC          _LCD_WRITECOMMAND
  D:0007H         SYMBOL        Command
  C:097FH         LINE#         32
  C:097FH         LINE#         33
  C:097FH         LINE#         34
  C:0981H         LINE#         35
  C:0981H         LINE#         36
  C:0981H         LINE#         37
  C:0981H         LINE#         38
  C:0984H         LINE#         39
  C:0986H         LINE#         40
  -------         ENDPROC       _LCD_WRITECOMMAND
  -------         PROC          L?0047
  -------         ENDPROC       L?0047
  -------         PROC          _LCD_WRITEDATA
  D:0007H         SYMBOL        Data
  C:07F7H         LINE#         48
  C:07F7H         LINE#         49
  C:07F7H         LINE#         50
  C:07F9H         LINE#         51
  C:07F9H         LINE#         52
  C:07F9H         LINE#         53
BL51 BANKED LINKER/LOCATER V6.22                                                      03/01/2025  16:36:22  PAGE 9


  C:07F9H         LINE#         54
  C:07FCH         LINE#         55
  C:07FEH         LINE#         56
  -------         ENDPROC       _LCD_WRITEDATA
  -------         PROC          _LCD_SETCURSOR
  D:0006H         SYMBOL        Line
  D:0005H         SYMBOL        Column
  C:08EFH         LINE#         65
  C:08F1H         LINE#         66
  C:08F1H         LINE#         67
  C:08F4H         LINE#         68
  C:08F4H         LINE#         69
  C:08F6H         LINE#         70
  C:08F8H         LINE#         71
  C:08FBH         LINE#         72
  C:08FBH         LINE#         73
  C:0904H         LINE#         74
  C:0904H         LINE#         75
  -------         ENDPROC       _LCD_SETCURSOR
  -------         PROC          LCD_INIT
  C:0943H         LINE#         82
  C:0943H         LINE#         83
  C:0943H         LINE#         84
  C:0948H         LINE#         85
  C:094DH         LINE#         86
  C:0952H         LINE#         87
  -------         ENDPROC       LCD_INIT
  -------         PROC          _LCD_SHOWCHAR
  D:0006H         SYMBOL        Line
  D:0005H         SYMBOL        Column
  D:0004H         SYMBOL        Char
  C:0989H         LINE#         97
  C:098BH         LINE#         98
  C:098BH         LINE#         99
  C:098EH         LINE#         100
  -------         ENDPROC       _LCD_SHOWCHAR
  -------         PROC          _LCD_SHOWSTRING
  D:0007H         SYMBOL        Line
  D:0005H         SYMBOL        Column
  D:0055H         SYMBOL        String
  -------         DO            
  D:0005H         SYMBOL        i
  -------         ENDDO         
  C:077CH         LINE#         110
  C:0782H         LINE#         111
  C:0782H         LINE#         113
  C:0785H         LINE#         114
  C:0798H         LINE#         115
  C:0798H         LINE#         116
  C:079BH         LINE#         117
  C:079EH         LINE#         118
  -------         ENDPROC       _LCD_SHOWSTRING
  C:067EH         SYMBOL        L?0046
  -------         PROC          L?0045
  -------         ENDPROC       L?0045
  C:067EH         SYMBOL        L?0046
  -------         PROC          _LCD_POW
BL51 BANKED LINKER/LOCATER V6.22                                                      03/01/2025  16:36:22  PAGE 10


  D:004EH         SYMBOL        X
  D:0050H         SYMBOL        Y
  -------         DO            
  D:0003H         SYMBOL        i
  D:0006H         SYMBOL        Result
  -------         ENDDO         
  C:0688H         LINE#         123
  C:0690H         LINE#         124
  C:0690H         LINE#         126
  C:0694H         LINE#         127
  C:06A4H         LINE#         128
  C:06A4H         LINE#         129
  C:06ABH         LINE#         130
  C:06AEH         LINE#         131
  C:06AEH         LINE#         132
  -------         ENDPROC       _LCD_POW
  -------         PROC          _LCD_SHOWNUM
  D:0007H         SYMBOL        Line
  D:0005H         SYMBOL        Column
  D:003CH         SYMBOL        Number
  D:003EH         SYMBOL        Length
  -------         DO            
  D:0002H         SYMBOL        i
  -------         ENDDO         
  C:081FH         LINE#         142
  C:0823H         LINE#         143
  C:0823H         LINE#         145
  C:0826H         LINE#         146
  C:082EH         LINE#         147
  C:082EH         LINE#         148
  C:0838H         LINE#         149
  C:083BH         LINE#         150
  -------         ENDPROC       _LCD_SHOWNUM
  -------         PROC          _LCD_SHOWSIGNEDNUM
  D:0007H         SYMBOL        Line
  D:0005H         SYMBOL        Column
  D:0002H         SYMBOL        Number
  D:0037H         SYMBOL        Length
  -------         DO            
  D:0002H         SYMBOL        i
  D:0038H         SYMBOL        Number1
  -------         ENDDO         
  C:05D1H         LINE#         160
  C:05D1H         LINE#         161
  C:05D1H         LINE#         164
  C:05D4H         LINE#         165
  C:05DCH         LINE#         166
  C:05DCH         LINE#         167
  C:05E1H         LINE#         168
  C:05E5H         LINE#         169
  C:05E7H         LINE#         171
  C:05E7H         LINE#         172
  C:05ECH         LINE#         173
  C:05F5H         LINE#         174
  C:05F5H         LINE#         175
  C:05FDH         LINE#         176
  C:05FDH         LINE#         177
BL51 BANKED LINKER/LOCATER V6.22                                                      03/01/2025  16:36:22  PAGE 11


  C:0607H         LINE#         178
  C:060AH         LINE#         179
  -------         ENDPROC       _LCD_SHOWSIGNEDNUM
  -------         PROC          _LCD_SHOWHEXNUM
  D:0007H         SYMBOL        Line
  D:0005H         SYMBOL        Column
  D:0041H         SYMBOL        Number
  D:0043H         SYMBOL        Length
  -------         DO            
  D:0002H         SYMBOL        i
  D:0006H         SYMBOL        SingleNumber
  -------         ENDDO         
  C:060BH         LINE#         189
  C:060FH         LINE#         190
  C:060FH         LINE#         192
  C:0612H         LINE#         193
  C:061AH         LINE#         194
  C:061AH         LINE#         195
  C:0630H         LINE#         196
  C:0636H         LINE#         197
  C:0636H         LINE#         198
  C:0638H         LINE#         199
  C:063AH         LINE#         201
  C:063AH         LINE#         202
  C:0640H         LINE#         203
  C:0640H         LINE#         204
  C:0643H         LINE#         205
  -------         ENDPROC       _LCD_SHOWHEXNUM
  -------         PROC          _LCD_SHOWBINNUM
  D:0007H         SYMBOL        Line
  D:0005H         SYMBOL        Column
  D:0046H         SYMBOL        Number
  D:0048H         SYMBOL        Length
  -------         DO            
  D:0002H         SYMBOL        i
  -------         ENDDO         
  C:0644H         LINE#         215
  C:0648H         LINE#         216
  C:0648H         LINE#         218
  C:064BH         LINE#         219
  C:0653H         LINE#         220
  C:0653H         LINE#         221
  C:0678H         LINE#         222
  C:067BH         LINE#         223
  -------         ENDPROC       _LCD_SHOWBINNUM
  -------         ENDMOD        LCD1602

  -------         MODULE        AT24C02
  C:0000H         SYMBOL        _ICE_DUMMY_
  C:06AFH         PUBLIC        _AT24C02_ReadByte
  C:0758H         PUBLIC        _AT24C02_WriteByte
  -------         PROC          _AT24C02_WRITEBYTE
  D:0058H         SYMBOL        WordAddress
  D:0059H         SYMBOL        Data
  C:0758H         LINE#         11
  C:075EH         LINE#         12
  C:075EH         LINE#         13
BL51 BANKED LINKER/LOCATER V6.22                                                      03/01/2025  16:36:22  PAGE 12


  C:0761H         LINE#         14
  C:0766H         LINE#         15
  C:0769H         LINE#         16
  C:076EH         LINE#         17
  C:0771H         LINE#         18
  C:0776H         LINE#         19
  C:0779H         LINE#         20
  -------         ENDPROC       _AT24C02_WRITEBYTE
  -------         PROC          _AT24C02_READBYTE
  D:001EH         SYMBOL        WordAddress
  -------         DO            
  D:001FH         SYMBOL        Data
  -------         ENDDO         
  C:06AFH         LINE#         28
  C:06B1H         LINE#         29
  C:06B1H         LINE#         31
  C:06B4H         LINE#         32
  C:06B9H         LINE#         33
  C:06BCH         LINE#         34
  C:06C1H         LINE#         35
  C:06C4H         LINE#         36
  C:06C7H         LINE#         37
  C:06CCH         LINE#         38
  C:06CFH         LINE#         39
  C:06D4H         LINE#         40
  C:06D9H         LINE#         41
  C:06DCH         LINE#         42
  C:06DEH         LINE#         43
  -------         ENDPROC       _AT24C02_READBYTE
  -------         ENDMOD        AT24C02

  -------         MODULE        I2C
  C:0000H         SYMBOL        _ICE_DUMMY_
  B:00A0H.1       PUBLIC        I2C_SCL
  D:00A0H         PUBLIC        P2
  C:099DH         PUBLIC        I2C_Start
  C:0993H         PUBLIC        _I2C_SendAck
  C:070BH         PUBLIC        _I2C_SendByte
  C:0003H         PUBLIC        I2C_Stop
  C:0973H         PUBLIC        I2C_ReceiveAck
  B:00A0H.0       PUBLIC        I2C_SDA
  C:083CH         PUBLIC        I2C_ReceiveByte
  -------         PROC          I2C_START
  C:099DH         LINE#         11
  C:099DH         LINE#         12
  C:099DH         LINE#         13
  C:099FH         LINE#         14
  C:09A1H         LINE#         15
  C:09A3H         LINE#         16
  C:09A5H         LINE#         17
  -------         ENDPROC       I2C_START
  -------         PROC          I2C_STOP
  C:0003H         LINE#         24
  C:0003H         LINE#         25
  C:0003H         LINE#         26
  C:0005H         LINE#         27
  C:0007H         LINE#         28
BL51 BANKED LINKER/LOCATER V6.22                                                      03/01/2025  16:36:22  PAGE 13


  C:0009H         LINE#         29
  -------         ENDPROC       I2C_STOP
  -------         PROC          _I2C_SENDBYTE
  D:0005H         SYMBOL        Byte
  -------         DO            
  D:0003H         SYMBOL        i
  -------         ENDDO         
  C:070BH         LINE#         36
  C:070DH         LINE#         37
  C:070DH         LINE#         39
  C:070FH         LINE#         40
  C:070FH         LINE#         41
  C:072BH         LINE#         42
  C:072DH         LINE#         43
  C:072FH         LINE#         44
  C:0733H         LINE#         45
  -------         ENDPROC       _I2C_SENDBYTE
  -------         PROC          I2C_RECEIVEBYTE
  -------         DO            
  D:0007H         SYMBOL        Byte
  D:0006H         SYMBOL        i
  -------         ENDDO         
  C:083CH         LINE#         52
  C:083CH         LINE#         53
  C:083CH         LINE#         55
  C:083EH         LINE#         56
  C:0840H         LINE#         57
  C:0840H         LINE#         58
  C:0842H         LINE#         59
  C:0852H         LINE#         60
  C:0854H         LINE#         61
  C:0858H         LINE#         62
  C:0858H         LINE#         63
  -------         ENDPROC       I2C_RECEIVEBYTE
  -------         PROC          _I2C_SENDACK
  D:0007H         SYMBOL        AckBit
  C:0993H         LINE#         70
  C:0993H         LINE#         71
  C:0993H         LINE#         72
  C:0998H         LINE#         73
  C:099AH         LINE#         74
  C:099CH         LINE#         75
  -------         ENDPROC       _I2C_SENDACK
  -------         PROC          I2C_RECEIVEACK
  -------         DO            
  D:0007H         SYMBOL        AckBit
  -------         ENDDO         
  C:0973H         LINE#         82
  C:0973H         LINE#         83
  C:0973H         LINE#         85
  C:0975H         LINE#         86
  C:0977H         LINE#         88
  C:097CH         LINE#         89
  C:097EH         LINE#         90
  C:097EH         LINE#         91
  -------         ENDPROC       I2C_RECEIVEACK
  -------         ENDMOD        I2C
BL51 BANKED LINKER/LOCATER V6.22                                                      03/01/2025  16:36:22  PAGE 14



  -------         MODULE        TIMER0
  C:0000H         SYMBOL        _ICE_DUMMY_
  B:00A8H.7       PUBLIC        EA
  C:08C2H         PUBLIC        Timer0_Init
  D:0089H         PUBLIC        TMOD
  B:00A8H.1       PUBLIC        ET0
  B:0088H.5       PUBLIC        TF0
  D:008CH         PUBLIC        TH0
  D:008AH         PUBLIC        TL0
  B:00B8H.1       PUBLIC        PT0
  B:0088H.4       PUBLIC        TR0
  -------         PROC          TIMER0_INIT
  C:08C2H         LINE#         8
  C:08C2H         LINE#         9
  C:08C2H         LINE#         10
  C:08C5H         LINE#         11
  C:08C8H         LINE#         12
  C:08CAH         LINE#         13
  C:08CCH         LINE#         14
  C:08CFH         LINE#         15
  C:08D2H         LINE#         16
  C:08D4H         LINE#         17
  C:08D6H         LINE#         18
  C:08D8H         LINE#         19
  -------         ENDPROC       TIMER0_INIT
  -------         ENDMOD        TIMER0

  -------         MODULE        NIXIE
  C:0000H         SYMBOL        _ICE_DUMMY_
  D:0009H         PUBLIC        Nixie_Buf
  D:0080H         PUBLIC        P0
  B:00A0H.2       PUBLIC        P2_2
  B:00A0H.3       PUBLIC        P2_3
  B:00A0H.4       PUBLIC        P2_4
  C:09A6H         PUBLIC        _Nixie_SetBuf
  C:04CAH         PUBLIC        _Nixie_Scan
  C:0875H         PUBLIC        Nixie_Loop
  D:0012H         PUBLIC        NixieCode
  -------         PROC          _NIXIE_SETBUF
  D:0007H         SYMBOL        Location
  D:0004H         SYMBOL        Num
  C:09A6H         LINE#         8
  C:09A6H         LINE#         9
  C:09A6H         LINE#         10
  C:09AEH         LINE#         11
  -------         ENDPROC       _NIXIE_SETBUF
  -------         PROC          _NIXIE_SCAN
  D:0007H         SYMBOL        Location
  D:0004H         SYMBOL        Num
  C:04CAH         LINE#         13
  C:04CAH         LINE#         14
  C:04CAH         LINE#         27
  C:04CDH         LINE#         28
  C:04FAH         LINE#         29
  C:04FAH         LINE#         30
  C:04FEH         LINE#         31
BL51 BANKED LINKER/LOCATER V6.22                                                      03/01/2025  16:36:22  PAGE 15


  C:0502H         LINE#         32
  C:0506H         LINE#         33
  C:050AH         LINE#         34
  C:0512H         LINE#         35
  C:051AH         LINE#         36
  C:0522H         LINE#         37
  C:0528H         LINE#         38
  C:0528H         LINE#         39
  C:052FH         LINE#         40
  -------         ENDPROC       _NIXIE_SCAN
  -------         PROC          NIXIE_LOOP
  -------         DO            
  D:0008H         SYMBOL        i
  -------         ENDDO         
  C:0875H         LINE#         42
  C:0875H         LINE#         43
  C:0875H         LINE#         46
  C:0883H         LINE#         47
  C:0885H         LINE#         48
  C:088FH         LINE#         49
  -------         ENDPROC       NIXIE_LOOP
  -------         ENDMOD        NIXIE

  -------         MODULE        DS18B20
  C:0000H         SYMBOL        _ICE_DUMMY_
  C:0966H         PUBLIC        DS18B20_ConverT
  C:06DFH         PUBLIC        DS18B20_ReadT
  -------         PROC          DS18B20_CONVERT
  C:0966H         LINE#         16
  C:0966H         LINE#         17
  C:0966H         LINE#         18
  C:0969H         LINE#         19
  C:096EH         LINE#         20
  -------         ENDPROC       DS18B20_CONVERT
  -------         PROC          DS18B20_READT
  -------         DO            
  D:005BH         SYMBOL        TLSB
  D:0007H         SYMBOL        TMSB
  D:0006H         SYMBOL        Temp
  D:0004H         SYMBOL        T
  -------         ENDDO         
  C:06DFH         LINE#         23
  C:06DFH         LINE#         24
  C:06DFH         LINE#         28
  C:06E2H         LINE#         29
  C:06E7H         LINE#         30
  C:06ECH         LINE#         31
  C:06F1H         LINE#         32
  C:06F4H         LINE#         33
  C:06F9H         LINE#         34
  C:070AH         LINE#         35
  C:070AH         LINE#         36
  -------         ENDPROC       DS18B20_READT
  -------         ENDMOD        DS18B20

  -------         MODULE        ONEWIRE
  C:0000H         SYMBOL        _ICE_DUMMY_
BL51 BANKED LINKER/LOCATER V6.22                                                      03/01/2025  16:36:22  PAGE 16


  D:00B0H         PUBLIC        P3
  B:00A8H.7       PUBLIC        EA
  C:0859H         PUBLIC        OneWire_ReceiveBit
  B:00B0H.7       PUBLIC        OneWire_DQ
  C:0801H         PUBLIC        OneWire_Init
  C:0890H         PUBLIC        _OneWire_SendByte
  C:0905H         PUBLIC        _OneWire_SendBit
  C:08A9H         PUBLIC        OneWire_ReceiveByte
  -------         PROC          ONEWIRE_INIT
  -------         DO            
  D:0007H         SYMBOL        i
  D:0006H         SYMBOL        AckBit
  -------         ENDDO         
  C:0801H         LINE#         5
  C:0801H         LINE#         6
  C:0801H         LINE#         9
  C:0803H         LINE#         10
  C:0805H         LINE#         11
  C:0807H         LINE#         12
  C:080BH         LINE#         13
  C:080DH         LINE#         14
  C:0811H         LINE#         15
  C:0816H         LINE#         16
  C:081AH         LINE#         17
  C:081CH         LINE#         18
  C:081EH         LINE#         19
  -------         ENDPROC       ONEWIRE_INIT
  -------         PROC          _ONEWIRE_SENDBIT
  D:0007H         SYMBOL        Bit
  -------         DO            
  D:0006H         SYMBOL        i
  -------         ENDDO         
  C:0905H         LINE#         20
  C:0905H         LINE#         21
  C:0905H         LINE#         23
  C:0907H         LINE#         24
  C:0909H         LINE#         25
  C:090DH         LINE#         26
  C:0912H         LINE#         27
  C:0916H         LINE#         28
  C:0918H         LINE#         29
  C:091AH         LINE#         30
  -------         ENDPROC       _ONEWIRE_SENDBIT
  -------         PROC          ONEWIRE_RECEIVEBIT
  -------         DO            
  D:0007H         SYMBOL        i
  D:0006H         SYMBOL        Bit
  -------         ENDDO         
  C:0859H         LINE#         32
  C:0859H         LINE#         33
  C:0859H         LINE#         36
  C:085BH         LINE#         38
  C:085DH         LINE#         39
  C:0861H         LINE#         40
  C:0863H         LINE#         41
  C:0867H         LINE#         42
  C:086CH         LINE#         43
BL51 BANKED LINKER/LOCATER V6.22                                                      03/01/2025  16:36:22  PAGE 17


  C:0870H         LINE#         44
  C:0872H         LINE#         45
  C:0874H         LINE#         46
  -------         ENDPROC       ONEWIRE_RECEIVEBIT
  -------         PROC          _ONEWIRE_SENDBYTE
  D:0005H         SYMBOL        Byte
  -------         DO            
  D:0004H         SYMBOL        i
  -------         ENDDO         
  C:0890H         LINE#         48
  C:0892H         LINE#         49
  C:0892H         LINE#         51
  C:0894H         LINE#         52
  C:0894H         LINE#         53
  C:08A4H         LINE#         54
  C:08A8H         LINE#         55
  -------         ENDPROC       _ONEWIRE_SENDBYTE
  -------         PROC          ONEWIRE_RECEIVEBYTE
  -------         DO            
  D:0004H         SYMBOL        i
  D:0005H         SYMBOL        Byte
  -------         ENDDO         
  C:08A9H         LINE#         57
  C:08A9H         LINE#         58
  C:08A9H         LINE#         60
  C:08ABH         LINE#         61
  C:08ACH         LINE#         62
  C:08ACH         LINE#         63
  C:08BBH         LINE#         65
  C:08BFH         LINE#         66
  C:08C1H         LINE#         67
  -------         ENDPROC       ONEWIRE_RECEIVEBYTE
  -------         ENDMOD        ONEWIRE

  -------         MODULE        BUZZER
  C:0000H         SYMBOL        _ICE_DUMMY_
  D:00A0H         PUBLIC        P2
  B:00A0H.5       PUBLIC        Buzzer
  C:09B5H         PUBLIC        Buzzer_Delay500us
  C:07C1H         PUBLIC        _Buzzer_Time
  -------         PROC          BUZZER_DELAY500US
  -------         DO            
  D:0007H         SYMBOL        i
  -------         ENDDO         
  C:09B5H         LINE#         6
  C:09B5H         LINE#         7
  C:09B5H         LINE#         10
  C:09B6H         LINE#         11
  C:09B8H         LINE#         12
  C:09BAH         LINE#         13
  -------         ENDPROC       BUZZER_DELAY500US
  -------         PROC          _BUZZER_TIME
  D:0004H         SYMBOL        ms
  -------         DO            
  D:0002H         SYMBOL        i
  -------         ENDDO         
  C:07C1H         LINE#         15
BL51 BANKED LINKER/LOCATER V6.22                                                      03/01/2025  16:36:22  PAGE 18


  C:07C5H         LINE#         16
  C:07C5H         LINE#         18
  C:07D6H         LINE#         19
  C:07D6H         LINE#         20
  C:07D8H         LINE#         21
  C:07DBH         LINE#         22
  C:07E2H         LINE#         23
  -------         ENDPROC       _BUZZER_TIME
  -------         ENDMOD        BUZZER

  -------         MODULE        XPT2046
  C:0000H         SYMBOL        _ICE_DUMMY_
  D:00B0H         PUBLIC        P3
  B:00B0H.4       PUBLIC        XPY2046_DIN
  C:0530H         PUBLIC        _XPT2046_ReadAD
  B:00B0H.5       PUBLIC        XPY2046_CS
  B:00B0H.6       PUBLIC        XPY2046_DCLK
  B:00B0H.7       PUBLIC        XPY2046_DOUT
  -------         PROC          _XPT2046_READAD
  D:0005H         SYMBOL        Command
  -------         DO            
  D:0003H         SYMBOL        i
  D:0049H         SYMBOL        Data
  -------         ENDDO         
  C:0530H         LINE#         15
  C:0532H         LINE#         16
  C:0532H         LINE#         18
  C:0537H         LINE#         19
  C:0539H         LINE#         20
  C:053BH         LINE#         21
  C:053CH         LINE#         22
  C:053CH         LINE#         23
  C:0558H         LINE#         24
  C:055AH         LINE#         25
  C:055CH         LINE#         26
  C:0560H         LINE#         27
  C:0562H         LINE#         28
  C:0562H         LINE#         29
  C:0564H         LINE#         30
  C:0566H         LINE#         31
  C:057DH         LINE#         32
  C:0581H         LINE#         33
  C:0583H         LINE#         34
  C:0588H         LINE#         35
  -------         ENDPROC       _XPT2046_READAD
  -------         ENDMOD        XPT2046

  -------         MODULE        ?C?FPDIV
  C:01E2H         PUBLIC        ?C?FPDIV
  -------         ENDMOD        ?C?FPDIV

  -------         MODULE        ?C?FCAST
  C:0289H         PUBLIC        ?C?FCASTC
  C:0284H         PUBLIC        ?C?FCASTI
  C:027FH         PUBLIC        ?C?FCASTL
  -------         ENDMOD        ?C?FCAST

BL51 BANKED LINKER/LOCATER V6.22                                                      03/01/2025  16:36:22  PAGE 19


  -------         MODULE        ?C?CLDOPTR
  C:0307H         PUBLIC        ?C?CLDOPTR
  -------         ENDMOD        ?C?CLDOPTR

  -------         MODULE        ?C?IMUL
  C:0334H         PUBLIC        ?C?IMUL
  -------         ENDMOD        ?C?IMUL

  -------         MODULE        ?C?UIDIV
  C:0346H         PUBLIC        ?C?UIDIV
  -------         ENDMOD        ?C?UIDIV

  -------         MODULE        ?C?LNEG
  C:039BH         PUBLIC        ?C?LNEG
  -------         ENDMOD        ?C?LNEG

*** WARNING L16: UNCALLED SEGMENT, IGNORED FOR OVERLAY PROCESS
    SEGMENT: ?PR?_DELAY?DELAY

*** WARNING L16: UNCALLED SEGMENT, IGNORED FOR OVERLAY PROCESS
    SEGMENT: ?PR?LCD_INIT?LCD1602

*** WARNING L16: UNCALLED SEGMENT, IGNORED FOR OVERLAY PROCESS
    SEGMENT: ?PR?_LCD_SHOWCHAR?LCD1602

*** WARNING L16: UNCALLED SEGMENT, IGNORED FOR OVERLAY PROCESS
    SEGMENT: ?PR?_LCD_SHOWSTRING?LCD1602

*** WARNING L16: UNCALLED SEGMENT, IGNORED FOR OVERLAY PROCESS
    SEGMENT: ?PR?_LCD_SHOWNUM?LCD1602

*** WARNING L16: UNCALLED SEGMENT, IGNORED FOR OVERLAY PROCESS
    SEGMENT: ?PR?_LCD_SHOWSIGNEDNUM?LCD1602

*** WARNING L16: UNCALLED SEGMENT, IGNORED FOR OVERLAY PROCESS
    SEGMENT: ?PR?_LCD_SHOWHEXNUM?LCD1602

*** WARNING L16: UNCALLED SEGMENT, IGNORED FOR OVERLAY PROCESS
    SEGMENT: ?PR?_LCD_SHOWBINNUM?LCD1602

*** WARNING L16: UNCALLED SEGMENT, IGNORED FOR OVERLAY PROCESS
    SEGMENT: ?PR?_AT24C02_WRITEBYTE?AT24C02

*** WARNING L16: UNCALLED SEGMENT, IGNORED FOR OVERLAY PROCESS
    SEGMENT: ?PR?_AT24C02_READBYTE?AT24C02

*** WARNING L16: UNCALLED SEGMENT, IGNORED FOR OVERLAY PROCESS
    SEGMENT: ?PR?DS18B20_CONVERT?DS18B20

*** WARNING L16: UNCALLED SEGMENT, IGNORED FOR OVERLAY PROCESS
    SEGMENT: ?PR?DS18B20_READT?DS18B20

Program Size: data=92.1 xdata=0 code=2490
LINK/LOCATE RUN COMPLETE.  12 WARNING(S),  0 ERROR(S)
