BL51 BANKED LINKER/LOCATER V6.22                                                        11/06/2024  23:43:19  PAGE 1


BL51 BANKED LINKER/LOCATER V6.22, INVOKED BY:
C:\KEIL_V5\C51\BIN\BL51.EXE .\Objects\main.obj TO .\Objects\Project PRINT (.\Listings\Project.m51) RAMSIZE (256)


MEMORY MODEL: SMALL


INPUT MODULES INCLUDED:
  .\Objects\main.obj (MAIN)
  C:\KEIL_V5\C51\LIB\C51S.LIB (?C_STARTUP)
  C:\KEIL_V5\C51\LIB\C51S.LIB (?C_INIT)


LINK MAP OF MODULE:  .\Objects\Project (MAIN)


            TYPE    BASE      LENGTH    RELOCATION   SEGMENT NAME
            -----------------------------------------------------

            * * * * * * *   D A T A   M E M O R Y   * * * * * * *
            REG     0000H     0008H     ABSOLUTE     "REG BANK 0"
            DATA    0008H     0014H     UNIT         ?DT?MAIN
            IDATA   001CH     0001H     UNIT         ?STACK

            * * * * * * *   C O D E   M E M O R Y   * * * * * * *
            CODE    0000H     0003H     ABSOLUTE     
            CODE    0003H     008CH     UNIT         ?C_C51STARTUP
            CODE    008FH     0032H     UNIT         ?PR?DELAYK2?MAIN
            CODE    00C1H     0021H     UNIT         ?PR?_NIXIE?MAIN
            CODE    00E2H     001BH     UNIT         ?C_INITSEG
            CODE    00FDH     0014H     UNIT         ?PR?_DELAY?MAIN
            CODE    0111H     000BH     UNIT         ?PR?_MODE1?MAIN
            CODE    011CH     0009H     UNIT         ?PR?MAIN?MAIN



OVERLAY MAP OF MODULE:   .\Objects\Project (MAIN)


SEGMENT
  +--> CALLED SEGMENT
---------------------
?C_C51STARTUP
  +--> ?PR?MAIN?MAIN
  +--> ?C_INITSEG

?PR?MAIN?MAIN
  +--> ?PR?_NIXIE?MAIN

?PR?_NIXIE?MAIN
  +--> ?PR?_DELAY?MAIN



SYMBOL TABLE OF MODULE:  .\Objects\Project (MAIN)

  VALUE           TYPE          NAME
  ----------------------------------
BL51 BANKED LINKER/LOCATER V6.22                                                      11/06/2024  23:43:19  PAGE 2



  -------         MODULE        MAIN
  C:0000H         SYMBOL        _ICE_DUMMY_
  C:00C1H         PUBLIC        _Nixie
  D:0080H         PUBLIC        P0
  B:00B0H.0       PUBLIC        P3_0
  B:00A0H.2       PUBLIC        P2_2
  B:00A0H.3       PUBLIC        P2_3
  B:00A0H.4       PUBLIC        P2_4
  C:011CH         PUBLIC        main
  C:008FH         PUBLIC        delayk2
  D:0008H         PUBLIC        LEDCode
  C:0111H         PUBLIC        _mode1
  C:00FDH         PUBLIC        _Delay
  D:0010H         PUBLIC        t
  D:0012H         PUBLIC        NixieCode
  -------         PROC          _DELAY
  D:0006H         SYMBOL        xms
  -------         DO            
  D:0005H         SYMBOL        i
  D:0004H         SYMBOL        j
  -------         ENDDO         
  C:00FDH         LINE#         9
  C:00FDH         LINE#         10
  C:00FDH         LINE#         12
  C:0101H         LINE#         13
  C:0101H         LINE#         14
  C:0103H         LINE#         15
  C:0105H         LINE#         17
  C:0105H         LINE#         18
  C:0107H         LINE#         19
  C:0109H         LINE#         20
  C:010EH         LINE#         21
  C:0110H         LINE#         22
  -------         ENDPROC       _DELAY
  -------         PROC          _NIXIE
  D:0007H         SYMBOL        Location0
  D:0005H         SYMBOL        Num0
  C:00C1H         LINE#         25
  C:00C1H         LINE#         26
  C:00C1H         LINE#         27
  C:00C5H         LINE#         28
  C:00CAH         LINE#         29
  C:00D0H         LINE#         30
  C:00D7H         LINE#         31
  C:00DEH         LINE#         32
  C:00E1H         LINE#         33
  -------         ENDPROC       _NIXIE
  -------         PROC          DELAYK2
  C:008FH         LINE#         38
  C:008FH         LINE#         39
  C:008FH         LINE#         40
  C:0092H         LINE#         41
  C:0092H         LINE#         42
  C:0099H         LINE#         43
  C:009CH         LINE#         44
  C:00A3H         LINE#         45
BL51 BANKED LINKER/LOCATER V6.22                                                      11/06/2024  23:43:19  PAGE 3


  C:00AFH         LINE#         46
  C:00BAH         LINE#         47
  C:00BAH         LINE#         48
  C:00C0H         LINE#         49
  C:00C0H         LINE#         51
  C:00C0H         LINE#         52
  -------         ENDPROC       DELAYK2
  -------         PROC          _MODE1
  D:0007H         SYMBOL        Location1
  C:0111H         LINE#         55
  C:0111H         LINE#         56
  C:0111H         LINE#         58
  -------         ENDPROC       _MODE1
  -------         PROC          MAIN
  C:011CH         LINE#         63
  C:011CH         LINE#         64
  C:011CH         LINE#         66
  C:011CH         LINE#         67
  C:011CH         LINE#         68
  C:0123H         LINE#         69
  -------         ENDPROC       MAIN
  -------         ENDMOD        MAIN

*** WARNING L16: UNCALLED SEGMENT, IGNORED FOR OVERLAY PROCESS
    SEGMENT: ?PR?DELAYK2?MAIN

*** WARNING L16: UNCALLED SEGMENT, IGNORED FOR OVERLAY PROCESS
    SEGMENT: ?PR?_MODE1?MAIN

Program Size: data=29.0 xdata=0 code=293
LINK/LOCATE RUN COMPLETE.  2 WARNING(S),  0 ERROR(S)
