BL51 BANKED LINKER/LOCATER V6.22                                                        10/11/2025  00:32:29  PAGE 1


BL51 BANKED LINKER/LOCATER V6.22, INVOKED BY:
C:\KEIL_V5\C51\BIN\BL51.EXE .\Objects\main.obj, .\Objects\Delay.obj, .\Objects\Key.obj, .\Objects\Nixie.obj, .\Objects\T
>> imer1.obj, .\Objects\Motor.obj, .\Objects\Int0.obj, .\Objects\Timer0.obj, .\Objects\IR.obj, .\Objects\DS1302.obj, .\O
>> bjects\AT24C02.obj, .\Objects\DS18B20.obj, .\Objects\OneWire.obj, .\Objects\I2C.obj TO .\Objects\Project PRINT (.\Lis
>> tings\Project.m51) RAMSIZE (256) DISABLEWARNING (16)


MEMORY MODEL: SMALL WITH FLOATING POINT ARITHMETIC


INPUT MODULES INCLUDED:
  .\Objects\main.obj (MAIN)
  .\Objects\Delay.obj (DELAY)
  .\Objects\Key.obj (KEY)
  .\Objects\Nixie.obj (NIXIE)
  .\Objects\Timer1.obj (TIMER1)
  .\Objects\Motor.obj (MOTOR)
  .\Objects\Int0.obj (INT0)
  .\Objects\Timer0.obj (TIMER0)
  .\Objects\IR.obj (IR)
  .\Objects\DS1302.obj (DS1302)
  .\Objects\AT24C02.obj (AT24C02)
  .\Objects\DS18B20.obj (DS18B20)
  .\Objects\OneWire.obj (ONEWIRE)
  .\Objects\I2C.obj (I2C)
  C:\KEIL_V5\C51\LIB\C51FPS.LIB (?C?FPDIV)
  C:\KEIL_V5\C51\LIB\C51FPS.LIB (?C?FCAST)
  C:\KEIL_V5\C51\LIB\C51FPS.LIB (PRINTF)
  C:\KEIL_V5\C51\LIB\C51FPS.LIB (?C?FPGETOPN)
  C:\KEIL_V5\C51\LIB\C51FPS.LIB (?C?FPROUND)
  C:\KEIL_V5\C51\LIB\C51FPS.LIB (?C?FPCONVERT)
  C:\KEIL_V5\C51\LIB\C51FPS.LIB (?C?FPADD)
  C:\KEIL_V5\C51\LIB\C51FPS.LIB (?C?FPMUL)
  C:\KEIL_V5\C51\LIB\C51FPS.LIB (?C?FTNPWR)
  C:\KEIL_V5\C51\LIB\C51S.LIB (?C_STARTUP)
  C:\KEIL_V5\C51\LIB\C51S.LIB (?C?COPY)
  C:\KEIL_V5\C51\LIB\C51S.LIB (?C?SCDIV)
  C:\KEIL_V5\C51\LIB\C51S.LIB (?C?CLDPTR)
  C:\KEIL_V5\C51\LIB\C51S.LIB (?C?CLDOPTR)
  C:\KEIL_V5\C51\LIB\C51S.LIB (?C?CSTPTR)
  C:\KEIL_V5\C51\LIB\C51S.LIB (?C?LNEG)
  C:\KEIL_V5\C51\LIB\C51S.LIB (?C?PLDIIDATA)
  C:\KEIL_V5\C51\LIB\C51S.LIB (?C?CCASE)
  C:\KEIL_V5\C51\LIB\C51S.LIB (PUTCHAR)
  C:\KEIL_V5\C51\LIB\C51S.LIB (?C_INIT)


LINK MAP OF MODULE:  .\Objects\Project (MAIN)


            TYPE    BASE      LENGTH    RELOCATION   SEGMENT NAME
            -----------------------------------------------------

            * * * * * * *   D A T A   M E M O R Y   * * * * * * *
            REG     0000H     0008H     ABSOLUTE     "REG BANK 0"
            DATA    0008H     000CH     UNIT         ?DT?IR
            DATA    0014H     000AH     UNIT         ?DT?NIXIE
            DATA    001EH     0002H     UNIT         ?DT?_AT24C02_READBYTE?AT24C02
BL51 BANKED LINKER/LOCATER V6.22                                                      10/11/2025  00:32:29  PAGE 2


            BIT     0020H.0   0001H.2   UNIT         _BIT_GROUP_
            BIT     0021H.2   0000H.4   UNIT         ?BI?MAIN
                    0021H.6   0000H.2                *** GAP ***
            DATA    0022H     001CH     UNIT         _DATA_GROUP_
            DATA    003EH     0007H     UNIT         ?DT?DS1302
            DATA    0045H     0005H     UNIT         ?DT?MAIN
            DATA    004AH     0004H     UNIT         ?DT?MOTOR
            DATA    004EH     0003H     UNIT         ?DT?_AT24C02_WRITEBYTE?AT24C02
            DATA    0051H     0001H     UNIT         ?DT?KEY?KEY
            IDATA   0052H     0001H     UNIT         ?STACK

            * * * * * * *  X D A T A   M E M O R Y  * * * * * * *
            XDATA   0000H     002FH     UNIT         ?XD?MAIN

            * * * * * * *   C O D E   M E M O R Y   * * * * * * *
            CODE    0000H     0003H     ABSOLUTE     
            CODE    0003H     0003H     ABSOLUTE     
            CODE    0006H     0015H     UNIT         ?PR?_DELAY?DELAY
            CODE    001BH     0003H     ABSOLUTE     
            CODE    001EH     067CH     UNIT         ?C?LIB_CODE
            CODE    069AH     046FH     UNIT         ?PR?PRINTF?PRINTF
            CODE    0B09H     017AH     UNIT         ?PR?DS1302_SETTIME?DS1302
            CODE    0C83H     014CH     UNIT         ?PR?INT0_ROUTINE?IR
            CODE    0DCFH     008DH     UNIT         ?PR?DS1302_READTIME?DS1302
            CODE    0E5CH     008CH     UNIT         ?C_C51STARTUP
            CODE    0EE8H     006DH     UNIT         ?PR?_NIXIE?NIXIE
            CODE    0F55H     006BH     UNIT         ?C_INITSEG
            CODE    0FC0H     006BH     UNIT         ?PR?TIMER1_ROUTINE?MOTOR
            CODE    102BH     0061H     UNIT         ?PR?KEY?KEY
            CODE    108CH     005CH     UNIT         ?PR?_DS1302_WRITEBYTE?DS1302
            CODE    10E8H     0050H     UNIT         ?PR?CALENDAR_DISP?MAIN
            CODE    1138H     004EH     UNIT         ?PR?_DS1302_READBYTE?DS1302
            CODE    1186H     0030H     UNIT         ?PR?_AT24C02_READBYTE?AT24C02
            CODE    11B6H     002CH     UNIT         ?PR?DS18B20_READT?DS18B20
            CODE    11E2H     002AH     UNIT         ?PR?CALENDAR_PROC?MAIN
            CODE    120CH     0029H     UNIT         ?PR?_I2C_SENDBYTE?I2C
            CODE    1235H     0027H     UNIT         ?PR?PUTCHAR?PUTCHAR
            CODE    125CH     0025H     UNIT         ?PR?TEMP_PROC?MAIN
            CODE    1281H     0024H     UNIT         ?PR?_AT24C02_WRITEBYTE?AT24C02
            CODE    12A5H     0020H     UNIT         ?CO?MAIN
            CODE    12C5H     001EH     UNIT         ?PR?MODE_CHANGE?MAIN
            CODE    12E3H     001EH     UNIT         ?PR?ONEWIRE_INIT?ONEWIRE
            CODE    1301H     001EH     UNIT         ?PR?I2C_RECEIVEBYTE?I2C
            CODE    131FH     001DH     UNIT         ?PR?MAIN?MAIN
            CODE    133CH     001DH     UNIT         ?PR?ONEWIRE_RECEIVEBYTE?ONEWIRE
            CODE    1359H     001CH     UNIT         ?PR?ONEWIRE_RECEIVEBIT?ONEWIRE
            CODE    1375H     0019H     UNIT         ?PR?CALENDAR_INIT?MAIN
            CODE    138EH     0019H     UNIT         ?PR?_ONEWIRE_SENDBYTE?ONEWIRE
            CODE    13A7H     0017H     UNIT         ?PR?TIMER1_INIT?TIMER1
            CODE    13BEH     0016H     UNIT         ?PR?_ONEWIRE_SENDBIT?ONEWIRE
            CODE    13D4H     0010H     UNIT         ?PR?TIMER0_INIT?TIMER0
            CODE    13E4H     000DH     UNIT         ?PR?IR_GETDATAFLAG?IR
            CODE    13F1H     000DH     UNIT         ?PR?IR_GETREPEATFLAG?IR
            CODE    13FEH     000DH     UNIT         ?PR?DS18B20_CONVERTT?DS18B20
            CODE    140BH     000CH     UNIT         ?PR?IR_DATA_PROC?MAIN
            CODE    1417H     000CH     UNIT         ?PR?I2C_RECEIVEACK?I2C
            CODE    1423H     000BH     UNIT         ?PR?INT0_INIT?INT0
BL51 BANKED LINKER/LOCATER V6.22                                                      10/11/2025  00:32:29  PAGE 3


            CODE    142EH     000BH     UNIT         ?PR?_TIMER0_SETCOUNTER?TIMER0
            CODE    1439H     000AH     UNIT         ?PR?_I2C_SENDACK?I2C
            CODE    1443H     0009H     UNIT         ?PR?TIMER0_GETCOUNTER?TIMER0
            CODE    144CH     0009H     UNIT         ?PR?I2C_START?I2C
            CODE    1455H     0007H     UNIT         ?PR?I2C_STOP?I2C
            CODE    145CH     0006H     UNIT         ?PR?_TIMER0_RUN?TIMER0
            CODE    1462H     0006H     UNIT         ?PR?IR_INIT?IR
            CODE    1468H     0005H     UNIT         ?PR?DS1302_INIT?DS1302
            CODE    146DH     0003H     UNIT         ?PR?MOTOR_INIT?MOTOR
            CODE    1470H     0003H     UNIT         ?PR?_MOTOR_SETSPEED?MOTOR
            CODE    1473H     0003H     UNIT         ?PR?IR_GETADDRESS?IR
            CODE    1476H     0003H     UNIT         ?PR?IR_GETCOMMAND?IR
            CODE    1479H     0001H     UNIT         ?PR?CALENDAR_SET?MAIN
            CODE    147AH     0001H     UNIT         ?PR?SAFE_PROC?MAIN
            CODE    147BH     0001H     UNIT         ?PR?CALCULATOR_PROC?MAIN



OVERLAY MAP OF MODULE:   .\Objects\Project (MAIN)


SEGMENT                                    BIT_GROUP          DATA_GROUP 
  +--> CALLED SEGMENT                   START    LENGTH     START    LENGTH
---------------------------------------------------------------------------
?PR?INT0_ROUTINE?IR                     -----    -----      -----    -----
  +--> ?PR?_TIMER0_SETCOUNTER?TIMER0
  +--> ?PR?_TIMER0_RUN?TIMER0
  +--> ?PR?TIMER0_GETCOUNTER?TIMER0

*** NEW ROOT ***************************************************

?C_C51STARTUP                           -----    -----      -----    -----
  +--> ?PR?MAIN?MAIN
  +--> ?C_INITSEG

?PR?MAIN?MAIN                           -----    -----      -----    -----
  +--> ?PR?CALENDAR_INIT?MAIN
  +--> ?PR?IR_INIT?IR
  +--> ?PR?MOTOR_INIT?MOTOR
  +--> ?PR?IR_DATA_PROC?MAIN
  +--> ?PR?MODE_CHANGE?MAIN
  +--> ?PR?CALENDAR_PROC?MAIN
  +--> ?PR?SAFE_PROC?MAIN
  +--> ?PR?CALCULATOR_PROC?MAIN

?PR?CALENDAR_INIT?MAIN                  -----    -----      -----    -----
  +--> ?PR?DS1302_INIT?DS1302
  +--> ?PR?DS1302_SETTIME?DS1302

?PR?DS1302_SETTIME?DS1302               -----    -----      -----    -----
  +--> ?PR?_DS1302_WRITEBYTE?DS1302

?PR?_DS1302_WRITEBYTE?DS1302            -----    -----      0022H    0002H

?PR?IR_INIT?IR                          -----    -----      -----    -----
  +--> ?PR?TIMER0_INIT?TIMER0
  +--> ?PR?INT0_INIT?INT0
BL51 BANKED LINKER/LOCATER V6.22                                                      10/11/2025  00:32:29  PAGE 4



?PR?MOTOR_INIT?MOTOR                    -----    -----      -----    -----
  +--> ?PR?TIMER1_INIT?TIMER1

?PR?IR_DATA_PROC?MAIN                   -----    -----      -----    -----
  +--> ?PR?IR_GETDATAFLAG?IR
  +--> ?PR?IR_GETCOMMAND?IR

?PR?CALENDAR_PROC?MAIN                  0020H.0  0000H.1    -----    -----
  +--> ?PR?CALENDAR_SET?MAIN
  +--> ?PR?DS1302_READTIME?DS1302
  +--> ?PR?CALENDAR_DISP?MAIN
  +--> ?PR?TEMP_PROC?MAIN

?PR?DS1302_READTIME?DS1302              -----    -----      -----    -----
  +--> ?PR?_DS1302_READBYTE?DS1302

?PR?CALENDAR_DISP?MAIN                  -----    -----      -----    -----
  +--> ?CO?MAIN
  +--> ?PR?PRINTF?PRINTF

?PR?PRINTF?PRINTF                       0020H.1  0001H.1    0022H    001CH
  +--> ?PR?PUTCHAR?PUTCHAR

?PR?TEMP_PROC?MAIN                      -----    -----      -----    -----
  +--> ?PR?DS18B20_CONVERTT?DS18B20
  +--> ?PR?DS18B20_READT?DS18B20

?PR?DS18B20_CONVERTT?DS18B20            -----    -----      -----    -----
  +--> ?PR?ONEWIRE_INIT?ONEWIRE
  +--> ?PR?_ONEWIRE_SENDBYTE?ONEWIRE

?PR?_ONEWIRE_SENDBYTE?ONEWIRE           -----    -----      -----    -----
  +--> ?PR?_ONEWIRE_SENDBIT?ONEWIRE

?PR?DS18B20_READT?DS18B20               -----    -----      0022H    0001H
  +--> ?PR?ONEWIRE_INIT?ONEWIRE
  +--> ?PR?_ONEWIRE_SENDBYTE?ONEWIRE
  +--> ?PR?ONEWIRE_RECEIVEBYTE?ONEWIRE

?PR?ONEWIRE_RECEIVEBYTE?ONEWIRE         -----    -----      -----    -----
  +--> ?PR?ONEWIRE_RECEIVEBIT?ONEWIRE



UNRESOLVED EXTERNAL SYMBOLS:
   LCD_INIT
   _LCD_SHOWSTRING



SYMBOL TABLE OF MODULE:  .\Objects\Project (MAIN)

  VALUE           TYPE          NAME
  ----------------------------------

  -------         MODULE        MAIN
BL51 BANKED LINKER/LOCATER V6.22                                                      10/11/2025  00:32:29  PAGE 5


  C:0000H         SYMBOL        _ICE_DUMMY_
  D:0045H         PUBLIC        Time_5s_Count
  C:147BH         PUBLIC        Calculator_Proc
  X:0000H         PUBLIC        Init_Time
  C:125CH         PUBLIC        Temp_Proc
  D:0046H         PUBLIC        IR_Cmd
  C:10E8H         PUBLIC        Calendar_Disp
  C:11E2H         PUBLIC        Calendar_Proc
  C:1375H         PUBLIC        Calendar_Init
  C:131FH         PUBLIC        main
  D:0047H         PUBLIC        mode
  B:0021H.2       PUBLIC        Flag_60s_Task
  C:1479H         PUBLIC        Calendar_Set
  C:12C5H         PUBLIC        Mode_Change
  B:0021H.3       PUBLIC        Flag_750ms_Ready
  D:0048H         PUBLIC        Time_60s_Count
  X:0007H         PUBLIC        L1_String
  X:001BH         PUBLIC        L2_String
  C:140BH         PUBLIC        IR_Data_Proc
  B:0021H.4       PUBLIC        Flag_1s_Task
  C:147AH         PUBLIC        Safe_Proc
  B:0021H.5       PUBLIC        Flag_5s_Task
  D:0049H         PUBLIC        Temp_State
  -------         PROC          IR_DATA_PROC
  C:140BH         LINE#         52
  C:140BH         LINE#         53
  C:140BH         LINE#         54
  C:1416H         LINE#         55
  -------         ENDPROC       IR_DATA_PROC
  -------         PROC          MODE_CHANGE
  C:12C5H         LINE#         56
  C:12C5H         LINE#         57
  C:12CAH         LINE#         58
  C:12D4H         LINE#         59
  C:12D7H         LINE#         60
  C:12DDH         LINE#         61
  C:12E0H         LINE#         62
  C:12E2H         LINE#         63
  C:12E2H         LINE#         64
  -------         ENDPROC       MODE_CHANGE
  -------         PROC          CALENDAR_INIT
  C:1375H         LINE#         65
  C:1375H         LINE#         67
  C:1378H         LINE#         68
  C:138BH         LINE#         69
  -------         ENDPROC       CALENDAR_INIT
  -------         PROC          CALENDAR_DISP
  C:10E8H         LINE#         71
  C:10E8H         LINE#         73
  C:1103H         LINE#         74
  C:111EH         LINE#         75
  C:112BH         LINE#         76
  -------         ENDPROC       CALENDAR_DISP
  -------         PROC          CALENDAR_SET
  C:1479H         LINE#         79
  C:1479H         LINE#         81
  -------         ENDPROC       CALENDAR_SET
BL51 BANKED LINKER/LOCATER V6.22                                                      10/11/2025  00:32:29  PAGE 6


  -------         PROC          TEMP_PROC
  C:125CH         LINE#         88
  C:125CH         LINE#         89
  C:1260H         LINE#         91
  C:1264H         LINE#         92
  C:1267H         LINE#         94
  C:126AH         LINE#         95
  C:126CH         LINE#         96
  C:126FH         LINE#         97
  C:126FH         LINE#         98
  C:1275H         LINE#         99
  C:1278H         LINE#         101
  C:127BH         LINE#         107
  C:127DH         LINE#         108
  C:1280H         LINE#         109
  C:1280H         LINE#         110
  C:1280H         LINE#         111
  -------         ENDPROC       TEMP_PROC
  -------         PROC          CALENDAR_PROC
  -------         DO            
  B:0020H.0       SYMBOL        Cal_Mode
  -------         ENDDO         
  C:11E2H         LINE#         113
  C:11E2H         LINE#         114
  C:11E4H         LINE#         115
  C:11E8H         LINE#         118
  C:11EDH         LINE#         119
  C:11EFH         LINE#         120
  C:11F2H         LINE#         122
  C:11F2H         LINE#         125
  C:11F5H         LINE#         126
  C:11F8H         LINE#         127
  C:11F8H         LINE#         129
  C:11FBH         LINE#         130
  C:11FEH         LINE#         131
  C:1201H         LINE#         132
  C:1203H         LINE#         133
  C:1203H         LINE#         136
  C:1206H         LINE#         139
  C:1209H         LINE#         141
  C:120BH         LINE#         142
  C:120BH         LINE#         143
  C:120BH         LINE#         144
  -------         ENDPROC       CALENDAR_PROC
  -------         PROC          SAFE_PROC
  C:147AH         LINE#         146
  C:147AH         LINE#         147
  C:147AH         LINE#         148
  -------         ENDPROC       SAFE_PROC
  -------         PROC          CALCULATOR_PROC
  C:147BH         LINE#         150
  C:147BH         LINE#         151
  C:147BH         LINE#         152
  -------         ENDPROC       CALCULATOR_PROC
  -------         PROC          MAIN
  C:131FH         LINE#         155
  C:131FH         LINE#         156
BL51 BANKED LINKER/LOCATER V6.22                                                      10/11/2025  00:32:29  PAGE 7


  C:131FH         LINE#         159
  C:1322H         LINE#         160
  C:1325H         LINE#         161
  C:1328H         LINE#         162
  C:132BH         LINE#         163
  C:132BH         LINE#         164
  C:132BH         LINE#         165
  C:132EH         LINE#         166
  C:1331H         LINE#         168
  C:1334H         LINE#         169
  C:1337H         LINE#         170
  C:133AH         LINE#         171
  -------         ENDPROC       MAIN
  -------         ENDMOD        MAIN

  -------         MODULE        DELAY
  C:0000H         SYMBOL        _ICE_DUMMY_
  C:0006H         PUBLIC        _Delay
  -------         PROC          _DELAY
  D:0006H         SYMBOL        xms
  -------         DO            
  D:0005H         SYMBOL        i
  D:0004H         SYMBOL        j
  -------         ENDDO         
  C:0006H         LINE#         2
  C:0006H         LINE#         3
  C:0006H         LINE#         5
  C:0010H         LINE#         6
  C:0010H         LINE#         7
  C:0012H         LINE#         8
  C:0014H         LINE#         10
  C:0014H         LINE#         11
  C:0016H         LINE#         12
  C:0018H         LINE#         13
  C:001AH         LINE#         14
  -------         ENDPROC       _DELAY
  -------         ENDMOD        DELAY

  -------         MODULE        KEY
  C:0000H         SYMBOL        _ICE_DUMMY_
  B:00B0H.0       PUBLIC        P3_0
  B:00B0H.1       PUBLIC        P3_1
  B:00B0H.2       PUBLIC        P3_2
  B:00B0H.3       PUBLIC        P3_3
  C:102BH         PUBLIC        Key
  -------         PROC          KEY
  -------         DO            
  D:0051H         SYMBOL        KeyNumber
  -------         ENDDO         
  C:102BH         LINE#         9
  C:102BH         LINE#         10
  C:102BH         LINE#         11
  C:102EH         LINE#         13
  C:1044H         LINE#         14
  C:105BH         LINE#         15
  C:1072H         LINE#         16
  C:1089H         LINE#         18
BL51 BANKED LINKER/LOCATER V6.22                                                      10/11/2025  00:32:29  PAGE 8


  C:108BH         LINE#         19
  -------         ENDPROC       KEY
  -------         ENDMOD        KEY

  -------         MODULE        NIXIE
  C:0000H         SYMBOL        _ICE_DUMMY_
  C:0EE8H         PUBLIC        _Nixie
  D:0080H         PUBLIC        P0
  B:00A0H.2       PUBLIC        P2_2
  B:00A0H.3       PUBLIC        P2_3
  B:00A0H.4       PUBLIC        P2_4
  D:0014H         PUBLIC        NixieTable
  -------         PROC          _NIXIE
  D:0007H         SYMBOL        Location
  D:0004H         SYMBOL        Number
  C:0EE8H         LINE#         6
  C:0EE8H         LINE#         7
  C:0EE8H         LINE#         8
  C:0F15H         LINE#         9
  C:0F15H         LINE#         10
  C:0F19H         LINE#         11
  C:0F1DH         LINE#         12
  C:0F21H         LINE#         13
  C:0F25H         LINE#         14
  C:0F2DH         LINE#         15
  C:0F35H         LINE#         16
  C:0F3DH         LINE#         17
  C:0F43H         LINE#         18
  C:0F43H         LINE#         19
  C:0F4AH         LINE#         20
  C:0F51H         LINE#         21
  C:0F54H         LINE#         22
  -------         ENDPROC       _NIXIE
  -------         ENDMOD        NIXIE

  -------         MODULE        TIMER1
  C:0000H         SYMBOL        _ICE_DUMMY_
  B:00A8H.7       PUBLIC        EA
  C:13A7H         PUBLIC        Timer1_Init
  D:0089H         PUBLIC        TMOD
  B:00A8H.3       PUBLIC        ET1
  B:0088H.7       PUBLIC        TF1
  D:008DH         PUBLIC        TH1
  D:008BH         PUBLIC        TL1
  B:00B8H.3       PUBLIC        PT1
  B:0088H.6       PUBLIC        TR1
  -------         PROC          TIMER1_INIT
  C:13A7H         LINE#         8
  C:13A7H         LINE#         9
  C:13A7H         LINE#         10
  C:13AAH         LINE#         11
  C:13ADH         LINE#         12
  C:13B0H         LINE#         13
  C:13B3H         LINE#         14
  C:13B5H         LINE#         15
  C:13B7H         LINE#         16
  C:13B9H         LINE#         17
BL51 BANKED LINKER/LOCATER V6.22                                                      10/11/2025  00:32:29  PAGE 9


  C:13BBH         LINE#         18
  C:13BDH         LINE#         19
  -------         ENDPROC       TIMER1_INIT
  -------         ENDMOD        TIMER1

  -------         MODULE        MOTOR
  C:0000H         SYMBOL        _ICE_DUMMY_
  C:0FC0H         PUBLIC        Timer1_Routine
  D:0090H         PUBLIC        P1
  C:146DH         PUBLIC        Motor_Init
  B:0090H.0       PUBLIC        Motor
  C:1470H         PUBLIC        _Motor_SetSpeed
  D:004CH         PUBLIC        Compare
  D:008DH         PUBLIC        TH1
  D:008BH         PUBLIC        TL1
  D:004DH         PUBLIC        Counter
  -------         PROC          MOTOR_INIT
  C:146DH         LINE#         15
  C:146DH         LINE#         16
  C:146DH         LINE#         17
  -------         ENDPROC       MOTOR_INIT
  -------         PROC          _MOTOR_SETSPEED
  D:0007H         SYMBOL        Speed
  C:1470H         LINE#         25
  C:1470H         LINE#         26
  C:1470H         LINE#         27
  C:1472H         LINE#         28
  -------         ENDPROC       _MOTOR_SETSPEED
  -------         PROC          TIMER1_ROUTINE
  -------         DO            
  D:004BH         SYMBOL        SysTick_1s
  -------         DO            
  D:004AH         SYMBOL        Delay_750ms
  -------         ENDDO         
  -------         ENDDO         
  C:0FC0H         LINE#         31
  C:0FC6H         LINE#         34
  C:0FC9H         LINE#         35
  C:0FCCH         LINE#         36
  C:0FCEH         LINE#         37
  C:0FD7H         LINE#         40
  C:0FDBH         LINE#         43
  C:0FE4H         LINE#         44
  C:0FE7H         LINE#         45
  C:0FE9H         LINE#         48
  C:0FF1H         LINE#         49
  C:0FF4H         LINE#         50
  C:0FF6H         LINE#         51
  C:0FF6H         LINE#         54
  C:0FFFH         LINE#         55
  C:1002H         LINE#         56
  C:1004H         LINE#         57
  C:1004H         LINE#         58
  C:1004H         LINE#         62
  C:1009H         LINE#         64
  C:1012H         LINE#         65
  C:1015H         LINE#         66
BL51 BANKED LINKER/LOCATER V6.22                                                      10/11/2025  00:32:29  PAGE 10


  C:1017H         LINE#         67
  C:1017H         LINE#         68
  C:1017H         LINE#         69
  C:1017H         LINE#         71
  C:101EH         LINE#         72
  C:101EH         LINE#         73
  C:1020H         LINE#         74
  C:1022H         LINE#         76
  C:1022H         LINE#         77
  C:1024H         LINE#         78
  C:1024H         LINE#         79
  -------         ENDPROC       TIMER1_ROUTINE
  -------         ENDMOD        MOTOR

  -------         MODULE        INT0
  C:0000H         SYMBOL        _ICE_DUMMY_
  B:00A8H.7       PUBLIC        EA
  B:0088H.1       PUBLIC        IE0
  B:00A8H.0       PUBLIC        EX0
  B:0088H.0       PUBLIC        IT0
  C:1423H         PUBLIC        Int0_Init
  B:00B8H.0       PUBLIC        PX0
  -------         PROC          INT0_INIT
  C:1423H         LINE#         8
  C:1423H         LINE#         9
  C:1423H         LINE#         10
  C:1425H         LINE#         11
  C:1427H         LINE#         12
  C:1429H         LINE#         13
  C:142BH         LINE#         14
  C:142DH         LINE#         15
  -------         ENDPROC       INT0_INIT
  -------         ENDMOD        INT0

  -------         MODULE        TIMER0
  C:0000H         SYMBOL        _ICE_DUMMY_
  C:1443H         PUBLIC        Timer0_GetCounter
  C:142EH         PUBLIC        _Timer0_SetCounter
  C:13D4H         PUBLIC        Timer0_Init
  D:0089H         PUBLIC        TMOD
  B:0088H.5       PUBLIC        TF0
  C:145CH         PUBLIC        _Timer0_Run
  D:008CH         PUBLIC        TH0
  D:008AH         PUBLIC        TL0
  B:0088H.4       PUBLIC        TR0
  -------         PROC          TIMER0_INIT
  C:13D4H         LINE#         8
  C:13D4H         LINE#         9
  C:13D4H         LINE#         10
  C:13D7H         LINE#         11
  C:13DAH         LINE#         12
  C:13DDH         LINE#         13
  C:13DFH         LINE#         14
  C:13E1H         LINE#         15
  C:13E3H         LINE#         16
  -------         ENDPROC       TIMER0_INIT
  -------         PROC          _TIMER0_SETCOUNTER
BL51 BANKED LINKER/LOCATER V6.22                                                      10/11/2025  00:32:29  PAGE 11


  D:0004H         SYMBOL        Value
  C:142EH         LINE#         23
  C:1432H         LINE#         24
  C:1432H         LINE#         25
  C:1434H         LINE#         26
  C:1438H         LINE#         27
  -------         ENDPROC       _TIMER0_SETCOUNTER
  -------         PROC          TIMER0_GETCOUNTER
  C:1443H         LINE#         34
  C:1443H         LINE#         35
  C:1443H         LINE#         36
  C:144BH         LINE#         37
  -------         ENDPROC       TIMER0_GETCOUNTER
  -------         PROC          _TIMER0_RUN
  D:0007H         SYMBOL        Flag
  C:145CH         LINE#         44
  C:145CH         LINE#         45
  C:145CH         LINE#         46
  C:1461H         LINE#         47
  -------         ENDPROC       _TIMER0_RUN
  -------         ENDMOD        TIMER0

  -------         MODULE        IR
  C:0000H         SYMBOL        _ICE_DUMMY_
  C:13F1H         PUBLIC        IR_GetRepeatFlag
  D:0008H         PUBLIC        IR_State
  D:0009H         PUBLIC        IR_Time
  C:1462H         PUBLIC        IR_Init
  C:13E4H         PUBLIC        IR_GetDataFlag
  C:0C83H         PUBLIC        Int0_Routine
  D:000BH         PUBLIC        IR_Command
  D:000CH         PUBLIC        IR_Address
  D:000DH         PUBLIC        IR_RepeatFlag
  C:1476H         PUBLIC        IR_GetCommand
  C:1473H         PUBLIC        IR_GetAddress
  D:000EH         PUBLIC        IR_pData
  D:000FH         PUBLIC        IR_DataFlag
  D:0010H         PUBLIC        IR_Data
  -------         PROC          IR_INIT
  C:1462H         LINE#         21
  C:1462H         LINE#         22
  C:1462H         LINE#         23
  C:1465H         LINE#         24
  -------         ENDPROC       IR_INIT
  -------         PROC          IR_GETDATAFLAG
  C:13E4H         LINE#         32
  C:13E4H         LINE#         33
  C:13E4H         LINE#         34
  C:13E8H         LINE#         35
  C:13E8H         LINE#         36
  C:13EBH         LINE#         37
  C:13EEH         LINE#         38
  C:13EEH         LINE#         39
  C:13F0H         LINE#         40
  -------         ENDPROC       IR_GETDATAFLAG
  -------         PROC          IR_GETREPEATFLAG
  C:13F1H         LINE#         47
BL51 BANKED LINKER/LOCATER V6.22                                                      10/11/2025  00:32:29  PAGE 12


  C:13F1H         LINE#         48
  C:13F1H         LINE#         49
  C:13F5H         LINE#         50
  C:13F5H         LINE#         51
  C:13F8H         LINE#         52
  C:13FBH         LINE#         53
  C:13FBH         LINE#         54
  C:13FDH         LINE#         55
  -------         ENDPROC       IR_GETREPEATFLAG
  -------         PROC          IR_GETADDRESS
  C:1473H         LINE#         62
  C:1473H         LINE#         63
  C:1473H         LINE#         64
  C:1475H         LINE#         65
  -------         ENDPROC       IR_GETADDRESS
  -------         PROC          IR_GETCOMMAND
  C:1476H         LINE#         72
  C:1476H         LINE#         73
  C:1476H         LINE#         74
  C:1478H         LINE#         75
  -------         ENDPROC       IR_GETCOMMAND
  -------         PROC          INT0_ROUTINE
  C:0C83H         LINE#         78
  C:0CA0H         LINE#         80
  C:0CA4H         LINE#         81
  C:0CA4H         LINE#         82
  C:0CA9H         LINE#         83
  C:0CAEH         LINE#         84
  C:0CAEH         LINE#         85
  C:0CB0H         LINE#         86
  C:0CB6H         LINE#         87
  C:0CB6H         LINE#         88
  C:0CBDH         LINE#         89
  C:0CC3H         LINE#         91
  C:0CD8H         LINE#         92
  C:0CD8H         LINE#         93
  C:0CDBH         LINE#         94
  C:0CDEH         LINE#         96
  C:0CF3H         LINE#         97
  C:0CF3H         LINE#         98
  C:0CF6H         LINE#         99
  C:0CF6H         LINE#         100
  C:0CF6H         LINE#         101
  C:0CF9H         LINE#         103
  C:0CF9H         LINE#         104
  C:0CFCH         LINE#         105
  C:0CFCH         LINE#         106
  C:0CFFH         LINE#         107
  C:0D08H         LINE#         108
  C:0D08H         LINE#         109
  C:0D0FH         LINE#         110
  C:0D15H         LINE#         112
  C:0D2AH         LINE#         113
  C:0D2AH         LINE#         114
  C:0D4AH         LINE#         115
  C:0D4AH         LINE#         116
  C:0D4CH         LINE#         118
BL51 BANKED LINKER/LOCATER V6.22                                                      10/11/2025  00:32:29  PAGE 13


  C:0D61H         LINE#         119
  C:0D61H         LINE#         120
  C:0D83H         LINE#         121
  C:0D85H         LINE#         122
  C:0D87H         LINE#         124
  C:0D87H         LINE#         125
  C:0D8AH         LINE#         126
  C:0D8DH         LINE#         127
  C:0D8DH         LINE#         128
  C:0D94H         LINE#         129
  C:0D94H         LINE#         130
  C:0D97H         LINE#         131
  C:0DA3H         LINE#         132
  C:0DA3H         LINE#         133
  C:0DA6H         LINE#         134
  C:0DA9H         LINE#         135
  C:0DACH         LINE#         136
  C:0DACH         LINE#         137
  C:0DB1H         LINE#         138
  C:0DB4H         LINE#         139
  C:0DB4H         LINE#         140
  C:0DB4H         LINE#         141
  -------         ENDPROC       INT0_ROUTINE
  -------         ENDMOD        IR

  -------         MODULE        DS1302
  C:0000H         SYMBOL        _ICE_DUMMY_
  C:0B09H         PUBLIC        DS1302_SetTime
  D:00B0H         PUBLIC        P3
  B:00B0H.5       PUBLIC        DS1302_CE
  C:0DCFH         PUBLIC        DS1302_ReadTime
  D:003EH         PUBLIC        DS1302_Time
  C:1138H         PUBLIC        _DS1302_ReadByte
  C:1468H         PUBLIC        DS1302_Init
  B:00B0H.4       PUBLIC        DS1302_IO
  C:1091H         PUBLIC        _DS1302_WriteByte
  B:00B0H.6       PUBLIC        DS1302_SCLK
  -------         PROC          DS1302_INIT
  C:1468H         LINE#         26
  C:1468H         LINE#         27
  C:1468H         LINE#         28
  C:146AH         LINE#         29
  C:146CH         LINE#         30
  -------         ENDPROC       DS1302_INIT
  -------         PROC          L?0027
  -------         ENDPROC       L?0027
  -------         PROC          _DS1302_WRITEBYTE
  D:0003H         SYMBOL        Command
  D:0022H         SYMBOL        Data
  -------         DO            
  D:0005H         SYMBOL        i
  -------         ENDDO         
  C:1091H         LINE#         38
  C:1097H         LINE#         39
  C:1097H         LINE#         41
  C:1099H         LINE#         42
  C:109BH         LINE#         43
BL51 BANKED LINKER/LOCATER V6.22                                                      10/11/2025  00:32:29  PAGE 14


  C:109BH         LINE#         44
  C:10B6H         LINE#         45
  C:10B8H         LINE#         46
  C:10BAH         LINE#         47
  C:10BEH         LINE#         48
  C:10C0H         LINE#         49
  C:10C0H         LINE#         50
  C:10DDH         LINE#         51
  C:10DFH         LINE#         52
  C:10E1H         LINE#         53
  C:10E5H         LINE#         54
  C:10E7H         LINE#         55
  -------         ENDPROC       _DS1302_WRITEBYTE
  -------         PROC          _DS1302_READBYTE
  D:0005H         SYMBOL        Command
  -------         DO            
  D:0003H         SYMBOL        i
  D:0001H         SYMBOL        Data
  -------         ENDDO         
  C:1138H         LINE#         62
  C:113AH         LINE#         63
  C:113AH         LINE#         64
  C:113CH         LINE#         65
  C:113FH         LINE#         66
  C:1141H         LINE#         67
  C:1142H         LINE#         68
  C:1142H         LINE#         69
  C:115DH         LINE#         70
  C:115FH         LINE#         71
  C:1161H         LINE#         72
  C:1165H         LINE#         73
  C:1167H         LINE#         74
  C:1167H         LINE#         75
  C:1169H         LINE#         76
  C:116BH         LINE#         77
  C:117BH         LINE#         78
  C:117FH         LINE#         79
  C:1181H         LINE#         80
  C:1183H         LINE#         81
  C:1185H         LINE#         82
  -------         ENDPROC       _DS1302_READBYTE
  -------         PROC          DS1302_SETTIME
  C:0B09H         LINE#         89
  C:0B09H         LINE#         90
  C:0B09H         LINE#         91
  C:0B11H         LINE#         92
  C:0B41H         LINE#         93
  C:0B71H         LINE#         94
  C:0BA6H         LINE#         95
  C:0BDBH         LINE#         96
  C:0C10H         LINE#         97
  C:0C45H         LINE#         98
  C:0C7AH         LINE#         99
  -------         ENDPROC       DS1302_SETTIME
  -------         PROC          DS1302_READTIME
  -------         DO            
  D:0007H         SYMBOL        Temp
BL51 BANKED LINKER/LOCATER V6.22                                                      10/11/2025  00:32:29  PAGE 15


  -------         ENDDO         
  C:0DCFH         LINE#         107
  C:0DCFH         LINE#         108
  C:0DCFH         LINE#         110
  C:0DD4H         LINE#         111
  C:0DE3H         LINE#         112
  C:0DE8H         LINE#         113
  C:0DF7H         LINE#         114
  C:0DFCH         LINE#         115
  C:0E0BH         LINE#         116
  C:0E10H         LINE#         117
  C:0E1FH         LINE#         118
  C:0E24H         LINE#         119
  C:0E33H         LINE#         120
  C:0E38H         LINE#         121
  C:0E47H         LINE#         122
  C:0E4CH         LINE#         123
  C:0E5BH         LINE#         124
  -------         ENDPROC       DS1302_READTIME
  -------         ENDMOD        DS1302

  -------         MODULE        AT24C02
  C:0000H         SYMBOL        _ICE_DUMMY_
  C:1186H         PUBLIC        _AT24C02_ReadByte
  C:1281H         PUBLIC        _AT24C02_WriteByte
  -------         PROC          _AT24C02_WRITEBYTE
  D:004EH         SYMBOL        WordAddress
  D:004FH         SYMBOL        Data
  C:1281H         LINE#         12
  C:1287H         LINE#         13
  C:1287H         LINE#         14
  C:128AH         LINE#         15
  C:128FH         LINE#         16
  C:1292H         LINE#         17
  C:1297H         LINE#         18
  C:129AH         LINE#         19
  C:129FH         LINE#         20
  C:12A2H         LINE#         21
  -------         ENDPROC       _AT24C02_WRITEBYTE
  -------         PROC          _AT24C02_READBYTE
  D:001EH         SYMBOL        WordAddress
  -------         DO            
  D:001FH         SYMBOL        Data
  -------         ENDDO         
  C:1186H         LINE#         29
  C:1188H         LINE#         30
  C:1188H         LINE#         32
  C:118BH         LINE#         33
  C:1190H         LINE#         34
  C:1193H         LINE#         35
  C:1198H         LINE#         36
  C:119BH         LINE#         37
  C:119EH         LINE#         38
  C:11A3H         LINE#         39
  C:11A6H         LINE#         40
  C:11ABH         LINE#         41
  C:11B0H         LINE#         42
BL51 BANKED LINKER/LOCATER V6.22                                                      10/11/2025  00:32:29  PAGE 16


  C:11B3H         LINE#         43
  C:11B5H         LINE#         44
  -------         ENDPROC       _AT24C02_READBYTE
  -------         ENDMOD        AT24C02

  -------         MODULE        DS18B20
  C:0000H         SYMBOL        _ICE_DUMMY_
  C:13FEH         PUBLIC        DS18B20_ConvertT
  C:11B6H         PUBLIC        DS18B20_ReadT
  -------         PROC          DS18B20_CONVERTT
  C:13FEH         LINE#         14
  C:13FEH         LINE#         15
  C:13FEH         LINE#         16
  C:1401H         LINE#         17
  C:1406H         LINE#         18
  -------         ENDPROC       DS18B20_CONVERTT
  -------         PROC          DS18B20_READT
  -------         DO            
  D:0022H         SYMBOL        TLSB
  D:0007H         SYMBOL        TMSB
  D:0006H         SYMBOL        Temp
  D:0004H         SYMBOL        T
  -------         ENDDO         
  C:11B6H         LINE#         26
  C:11B6H         LINE#         27
  C:11B6H         LINE#         31
  C:11B9H         LINE#         32
  C:11BEH         LINE#         33
  C:11C3H         LINE#         34
  C:11C8H         LINE#         35
  C:11CBH         LINE#         36
  C:11D0H         LINE#         37
  C:11E1H         LINE#         38
  C:11E1H         LINE#         39
  -------         ENDPROC       DS18B20_READT
  -------         ENDMOD        DS18B20

  -------         MODULE        ONEWIRE
  C:0000H         SYMBOL        _ICE_DUMMY_
  D:00B0H         PUBLIC        P3
  B:00A8H.7       PUBLIC        EA
  C:1359H         PUBLIC        OneWire_ReceiveBit
  B:00B0H.7       PUBLIC        OneWire_DQ
  C:12E3H         PUBLIC        OneWire_Init
  C:138EH         PUBLIC        _OneWire_SendByte
  C:13BEH         PUBLIC        _OneWire_SendBit
  C:133CH         PUBLIC        OneWire_ReceiveByte
  -------         PROC          ONEWIRE_INIT
  -------         DO            
  D:0007H         SYMBOL        i
  D:0006H         SYMBOL        AckBit
  -------         ENDDO         
  C:12E3H         LINE#         11
  C:12E3H         LINE#         12
  C:12E3H         LINE#         15
  C:12E5H         LINE#         16
  C:12E7H         LINE#         17
BL51 BANKED LINKER/LOCATER V6.22                                                      10/11/2025  00:32:29  PAGE 17


  C:12E9H         LINE#         18
  C:12EDH         LINE#         19
  C:12EFH         LINE#         20
  C:12F3H         LINE#         21
  C:12F8H         LINE#         22
  C:12FCH         LINE#         23
  C:12FEH         LINE#         24
  C:1300H         LINE#         25
  -------         ENDPROC       ONEWIRE_INIT
  -------         PROC          _ONEWIRE_SENDBIT
  D:0007H         SYMBOL        Bit
  -------         DO            
  D:0006H         SYMBOL        i
  -------         ENDDO         
  C:13BEH         LINE#         32
  C:13BEH         LINE#         33
  C:13BEH         LINE#         35
  C:13C0H         LINE#         36
  C:13C2H         LINE#         37
  C:13C6H         LINE#         38
  C:13CBH         LINE#         39
  C:13CFH         LINE#         40
  C:13D1H         LINE#         41
  C:13D3H         LINE#         42
  -------         ENDPROC       _ONEWIRE_SENDBIT
  -------         PROC          ONEWIRE_RECEIVEBIT
  -------         DO            
  D:0007H         SYMBOL        i
  D:0006H         SYMBOL        Bit
  -------         ENDDO         
  C:1359H         LINE#         49
  C:1359H         LINE#         50
  C:1359H         LINE#         53
  C:135BH         LINE#         54
  C:135DH         LINE#         55
  C:1361H         LINE#         56
  C:1363H         LINE#         57
  C:1367H         LINE#         58
  C:136CH         LINE#         59
  C:1370H         LINE#         60
  C:1372H         LINE#         61
  C:1374H         LINE#         62
  -------         ENDPROC       ONEWIRE_RECEIVEBIT
  -------         PROC          _ONEWIRE_SENDBYTE
  D:0005H         SYMBOL        Byte
  -------         DO            
  D:0004H         SYMBOL        i
  -------         ENDDO         
  C:138EH         LINE#         69
  C:1390H         LINE#         70
  C:1390H         LINE#         72
  C:1392H         LINE#         73
  C:1392H         LINE#         74
  C:13A2H         LINE#         75
  C:13A6H         LINE#         76
  -------         ENDPROC       _ONEWIRE_SENDBYTE
  -------         PROC          ONEWIRE_RECEIVEBYTE
BL51 BANKED LINKER/LOCATER V6.22                                                      10/11/2025  00:32:29  PAGE 18


  -------         DO            
  D:0004H         SYMBOL        i
  D:0005H         SYMBOL        Byte
  -------         ENDDO         
  C:133CH         LINE#         83
  C:133CH         LINE#         84
  C:133CH         LINE#         86
  C:133EH         LINE#         87
  C:133FH         LINE#         88
  C:133FH         LINE#         89
  C:1352H         LINE#         90
  C:1356H         LINE#         91
  C:1358H         LINE#         92
  -------         ENDPROC       ONEWIRE_RECEIVEBYTE
  -------         ENDMOD        ONEWIRE

  -------         MODULE        I2C
  C:0000H         SYMBOL        _ICE_DUMMY_
  B:00A0H.1       PUBLIC        I2C_SCL
  D:00A0H         PUBLIC        P2
  C:144CH         PUBLIC        I2C_Start
  C:1439H         PUBLIC        _I2C_SendAck
  C:120CH         PUBLIC        _I2C_SendByte
  C:1455H         PUBLIC        I2C_Stop
  C:1417H         PUBLIC        I2C_ReceiveAck
  B:00A0H.0       PUBLIC        I2C_SDA
  C:1301H         PUBLIC        I2C_ReceiveByte
  -------         PROC          I2C_START
  C:144CH         LINE#         11
  C:144CH         LINE#         12
  C:144CH         LINE#         13
  C:144EH         LINE#         14
  C:1450H         LINE#         15
  C:1452H         LINE#         16
  C:1454H         LINE#         17
  -------         ENDPROC       I2C_START
  -------         PROC          I2C_STOP
  C:1455H         LINE#         24
  C:1455H         LINE#         25
  C:1455H         LINE#         26
  C:1457H         LINE#         27
  C:1459H         LINE#         28
  C:145BH         LINE#         29
  -------         ENDPROC       I2C_STOP
  -------         PROC          _I2C_SENDBYTE
  D:0005H         SYMBOL        Byte
  -------         DO            
  D:0003H         SYMBOL        i
  -------         ENDDO         
  C:120CH         LINE#         36
  C:120EH         LINE#         37
  C:120EH         LINE#         39
  C:1210H         LINE#         40
  C:1210H         LINE#         41
  C:122CH         LINE#         42
  C:122EH         LINE#         43
  C:1230H         LINE#         44
BL51 BANKED LINKER/LOCATER V6.22                                                      10/11/2025  00:32:29  PAGE 19


  C:1234H         LINE#         45
  -------         ENDPROC       _I2C_SENDBYTE
  -------         PROC          I2C_RECEIVEBYTE
  -------         DO            
  D:0006H         SYMBOL        i
  D:0007H         SYMBOL        Byte
  -------         ENDDO         
  C:1301H         LINE#         52
  C:1301H         LINE#         53
  C:1301H         LINE#         54
  C:1303H         LINE#         55
  C:1305H         LINE#         56
  C:1306H         LINE#         57
  C:1306H         LINE#         58
  C:1308H         LINE#         59
  C:1318H         LINE#         60
  C:131AH         LINE#         61
  C:131EH         LINE#         62
  C:131EH         LINE#         63
  -------         ENDPROC       I2C_RECEIVEBYTE
  -------         PROC          _I2C_SENDACK
  D:0007H         SYMBOL        AckBit
  C:1439H         LINE#         70
  C:1439H         LINE#         71
  C:1439H         LINE#         72
  C:143EH         LINE#         73
  C:1440H         LINE#         74
  C:1442H         LINE#         75
  -------         ENDPROC       _I2C_SENDACK
  -------         PROC          I2C_RECEIVEACK
  -------         DO            
  D:0007H         SYMBOL        AckBit
  -------         ENDDO         
  C:1417H         LINE#         82
  C:1417H         LINE#         83
  C:1417H         LINE#         85
  C:1419H         LINE#         86
  C:141BH         LINE#         87
  C:1420H         LINE#         88
  C:1422H         LINE#         89
  C:1422H         LINE#         90
  -------         ENDPROC       I2C_RECEIVEACK
  -------         ENDMOD        I2C

  -------         MODULE        ?C?FPDIV
  C:0021H         PUBLIC        ?C?FPDIV
  -------         ENDMOD        ?C?FPDIV

  -------         MODULE        ?C?FCAST
  C:00C8H         PUBLIC        ?C?FCASTC
  C:00C3H         PUBLIC        ?C?FCASTI
  C:00BEH         PUBLIC        ?C?FCASTL
  -------         ENDMOD        ?C?FCAST

  -------         MODULE        PRINTF
  D:0022H         PUBLIC        ?_PRINTF?BYTE
  D:0022H         PUBLIC        ?_SPRINTF?BYTE
BL51 BANKED LINKER/LOCATER V6.22                                                      10/11/2025  00:32:29  PAGE 20


  C:06FCH         PUBLIC        _PRINTF
  C:06F6H         PUBLIC        _SPRINTF
  -------         ENDMOD        PRINTF

  -------         MODULE        ?C?FPROUND
  C:0146H         PUBLIC        ?C?FPROUND
  -------         ENDMOD        ?C?FPROUND

  -------         MODULE        ?C?FPCONVERT
  C:0175H         PUBLIC        ?C?FPCONVERT
  -------         ENDMOD        ?C?FPCONVERT

  -------         MODULE        ?C?FPADD
  C:027FH         PUBLIC        ?C?FPADD
  C:027BH         PUBLIC        ?C?FPSUB
  -------         ENDMOD        ?C?FPADD

  -------         MODULE        ?C?FPMUL
  C:0370H         PUBLIC        ?C?FPMUL
  -------         ENDMOD        ?C?FPMUL

  -------         MODULE        ?C?FTNPWR
  C:04A6H         PUBLIC        ?C?FTNPWR
  -------         ENDMOD        ?C?FTNPWR

  -------         MODULE        ?C?COPY
  C:05B6H         PUBLIC        ?C?COPY
  -------         ENDMOD        ?C?COPY

  -------         MODULE        ?C?SCDIV
  C:05DCH         PUBLIC        ?C?SCDIV
  -------         ENDMOD        ?C?SCDIV

  -------         MODULE        ?C?CLDPTR
  C:05FEH         PUBLIC        ?C?CLDPTR
  -------         ENDMOD        ?C?CLDPTR

  -------         MODULE        ?C?CLDOPTR
  C:0617H         PUBLIC        ?C?CLDOPTR
  -------         ENDMOD        ?C?CLDOPTR

  -------         MODULE        ?C?CSTPTR
  C:0644H         PUBLIC        ?C?CSTPTR
  -------         ENDMOD        ?C?CSTPTR

  -------         MODULE        ?C?LNEG
  C:0656H         PUBLIC        ?C?LNEG
  -------         ENDMOD        ?C?LNEG

  -------         MODULE        ?C?PLDIIDATA
  C:0664H         PUBLIC        ?C?PLDIIDATA
  -------         ENDMOD        ?C?PLDIIDATA

  -------         MODULE        ?C?CCASE
  C:0674H         PUBLIC        ?C?CCASE
  -------         ENDMOD        ?C?CCASE

BL51 BANKED LINKER/LOCATER V6.22                                                      10/11/2025  00:32:29  PAGE 21


  -------         MODULE        PUTCHAR
  C:1235H         PUBLIC        _PUTCHAR
  -------         ENDMOD        PUTCHAR

*** WARNING L1: UNRESOLVED EXTERNAL SYMBOL
    SYMBOL:  LCD_INIT
    MODULE:  .\Objects\main.obj (MAIN)

*** WARNING L1: UNRESOLVED EXTERNAL SYMBOL
    SYMBOL:  _LCD_SHOWSTRING
    MODULE:  .\Objects\main.obj (MAIN)

*** WARNING L2: REFERENCE MADE TO UNRESOLVED EXTERNAL
    SYMBOL:  _LCD_SHOWSTRING
    MODULE:  .\Objects\main.obj (MAIN)
    ADDRESS: 1129H

*** WARNING L2: REFERENCE MADE TO UNRESOLVED EXTERNAL
    SYMBOL:  _LCD_SHOWSTRING
    MODULE:  .\Objects\main.obj (MAIN)
    ADDRESS: 1136H

*** WARNING L2: REFERENCE MADE TO UNRESOLVED EXTERNAL
    SYMBOL:  LCD_INIT
    MODULE:  .\Objects\main.obj (MAIN)
    ADDRESS: 1320H

Program Size: data=82.6 xdata=47 code=5244
LINK/LOCATE RUN COMPLETE.  5 WARNING(S),  0 ERROR(S)
