BL51 BANKED LINKER/LOCATER V6.22                                                        10/14/2025  19:47:16  PAGE 1


BL51 BANKED LINKER/LOCATER V6.22, INVOKED BY:
C:\KEIL_V5\C51\BIN\BL51.EXE .\Objects\main.obj, .\Objects\Delay.obj, .\Objects\Key.obj, .\Objects\Nixie.obj, .\Objects\T
>> imer1.obj, .\Objects\Motor.obj, .\Objects\Int0.obj, .\Objects\Timer0.obj, .\Objects\IR.obj, .\Objects\DS1302.obj, .\O
>> bjects\AT24C02.obj, .\Objects\DS18B20.obj, .\Objects\OneWire.obj, .\Objects\I2C.obj, .\Objects\LCD1602.obj TO .\Objec
>> ts\Project PRINT (.\Listings\Project.m51) RAMSIZE (256) DISABLEWARNING (16)


MEMORY MODEL: SMALL WITH FLOATING POINT ARITHMETIC


INPUT MODULES INCLUDED:
  .\Objects\main.obj (MAIN)
  .\Objects\Delay.obj (DELAY)
  .\Objects\Key.obj (KEY)
  .\Objects\Nixie.obj (NIXIE)
  .\Objects\Timer1.obj (TIMER1)
  .\Objects\Motor.obj (MOTOR)
  .\Objects\Int0.obj (INT0)
  .\Objects\Timer0.obj (TIMER0)
  .\Objects\IR.obj (IR)
  .\Objects\DS1302.obj (DS1302)
  .\Objects\AT24C02.obj (AT24C02)
  .\Objects\DS18B20.obj (DS18B20)
  .\Objects\OneWire.obj (ONEWIRE)
  .\Objects\I2C.obj (I2C)
  .\Objects\LCD1602.obj (LCD1602)
  C:\KEIL_V5\C51\LIB\C51FPS.LIB (?C?FPMUL)
  C:\KEIL_V5\C51\LIB\C51FPS.LIB (?C?FPDIV)
  C:\KEIL_V5\C51\LIB\C51FPS.LIB (?C?FCAST)
  C:\KEIL_V5\C51\LIB\C51FPS.LIB (?C?CASTF)
  C:\KEIL_V5\C51\LIB\C51FPS.LIB (?C?FPGETOPN)
  C:\KEIL_V5\C51\LIB\C51S.LIB (?C_STARTUP)
  C:\KEIL_V5\C51\LIB\C51S.LIB (?C?SCDIV)
  C:\KEIL_V5\C51\LIB\C51S.LIB (?C?CLDOPTR)
  C:\KEIL_V5\C51\LIB\C51S.LIB (?C?IMUL)
  C:\KEIL_V5\C51\LIB\C51S.LIB (?C?UIDIV)
  C:\KEIL_V5\C51\LIB\C51S.LIB (?C?SIDIV)
  C:\KEIL_V5\C51\LIB\C51S.LIB (?C?LNEG)
  C:\KEIL_V5\C51\LIB\C51S.LIB (?C?CCASE)
  C:\KEIL_V5\C51\LIB\C51S.LIB (?C_INIT)


LINK MAP OF MODULE:  .\Objects\Project (MAIN)


            TYPE    BASE      LENGTH    RELOCATION   SEGMENT NAME
            -----------------------------------------------------

            * * * * * * *   D A T A   M E M O R Y   * * * * * * *
            REG     0000H     0008H     ABSOLUTE     "REG BANK 0"
            DATA    0008H     0014H     UNIT         ?DT?DS18B20_TEST?MAIN
            DATA    001CH     0004H     UNIT         ?DT?MAIN
            BIT     0020H.0   0000H.7   UNIT         ?BI?MAIN
            BIT     0020H.7   0000H.1   UNIT         _BIT_GROUP_
            DATA    0021H     000CH     UNIT         ?DT?IR
            DATA    002DH     000AH     UNIT         ?DT?NIXIE
            DATA    0037H     0007H     UNIT         ?DT?DS1302
            DATA    003EH     0007H     UNIT         ?DT?_LCD_SHOWSIGNEDNUM?LCD1602
BL51 BANKED LINKER/LOCATER V6.22                                                      10/14/2025  19:47:16  PAGE 2


            DATA    0045H     0006H     UNIT         ?DT?MOTOR
            DATA    004BH     0006H     UNIT         _DATA_GROUP_
            DATA    0051H     0005H     UNIT         ?DT?_LCD_SHOWNUM?LCD1602
            DATA    0056H     0005H     UNIT         ?DT?_LCD_SHOWHEXNUM?LCD1602
            DATA    005BH     0005H     UNIT         ?DT?_LCD_SHOWBINNUM?LCD1602
            DATA    0060H     0004H     UNIT         ?DT?_LCD_POW?LCD1602
            DATA    0064H     0001H     UNIT         ?DT?AT24C02_CLEARTIME?MAIN
            DATA    0065H     0001H     UNIT         ?DT?KEY?KEY
            IDATA   0066H     0001H     UNIT         ?STACK

            * * * * * * *  X D A T A   M E M O R Y  * * * * * * *
            XDATA   0000H     004DH     UNIT         ?XD?MAIN

            * * * * * * *   C O D E   M E M O R Y   * * * * * * *
            CODE    0000H     0003H     ABSOLUTE     
            CODE    0003H     0003H     ABSOLUTE     
            CODE    0006H     0015H     UNIT         ?PR?_DELAY?DELAY
            CODE    001BH     0003H     ABSOLUTE     
            CODE    001EH     0385H     UNIT         ?C?LIB_CODE
            CODE    03A3H     017AH     UNIT         ?PR?DS1302_SETTIME?DS1302
            CODE    051DH     0168H     UNIT         ?PR?CALENDAR_DISP?MAIN
            CODE    0685H     014CH     UNIT         ?PR?INT0_ROUTINE?IR
            CODE    07D1H     010DH     UNIT         ?PR?CALENDAR_SET?MAIN
            CODE    08DEH     010CH     UNIT         ?PR?CALENDAR_BUILD_STRING_SET?MAIN
            CODE    09EAH     00A4H     UNIT         ?PR?_IR_INPUT_INIT?MAIN
            CODE    0A8EH     008DH     UNIT         ?PR?DS1302_READTIME?DS1302
            CODE    0B1BH     008CH     UNIT         ?C_C51STARTUP
            CODE    0BA7H     0079H     UNIT         ?PR?TIMER1_ROUTINE?MOTOR
            CODE    0C20H     0076H     UNIT         ?C_INITSEG
            CODE    0C96H     006DH     UNIT         ?PR?_NIXIE?NIXIE
            CODE    0D03H     0069H     UNIT         ?PR?TEMP_PROC?MAIN
            CODE    0D6CH     0061H     UNIT         ?PR?KEY?KEY
            CODE    0DCDH     005DH     UNIT         ?PR?CALENDAR_INIT?MAIN
            CODE    0E2AH     005CH     UNIT         ?PR?_DS1302_WRITEBYTE?DS1302
            CODE    0E86H     0054H     UNIT         ?PR?MAIN?MAIN
            CODE    0EDAH     004EH     UNIT         ?PR?_DS1302_READBYTE?DS1302
            CODE    0F28H     0047H     UNIT         ?PR?_IR_CMD_TO_DIGIT?MAIN
            CODE    0F6FH     003CH     UNIT         ?PR?CALENDAR_PROC?MAIN
            CODE    0FABH     003AH     UNIT         ?PR?_LCD_SHOWSIGNEDNUM?LCD1602
            CODE    0FE5H     0039H     UNIT         ?PR?_LCD_SHOWHEXNUM?LCD1602
            CODE    101EH     0038H     UNIT         ?PR?_LCD_SHOWBINNUM?LCD1602
            CODE    1056H     0037H     UNIT         ?CO?MAIN
            CODE    108DH     0036H     UNIT         ?PR?_IR_INPUT_PROC?MAIN
            CODE    10C3H     0033H     UNIT         ?PR?_LCD_POW?LCD1602
            CODE    10F6H     0031H     UNIT         ?PR?TIME_BACKUP?MAIN
            CODE    1127H     0030H     UNIT         ?PR?_AT24C02_READBYTE?AT24C02
            CODE    1157H     002CH     UNIT         ?PR?DS18B20_READT?DS18B20
            CODE    1183H     0029H     UNIT         ?PR?_I2C_SENDBYTE?I2C
            CODE    11ACH     0024H     UNIT         ?PR?_AT24C02_WRITEBYTE?AT24C02
            CODE    11D0H     0023H     UNIT         ?PR?_LCD_SHOWSTRING?LCD1602
            CODE    11F3H     0022H     UNIT         ?PR?DS18B20_TEST?MAIN
            CODE    1215H     001EH     UNIT         ?PR?MODE_CHANGE?MAIN
            CODE    1233H     001EH     UNIT         ?PR?ONEWIRE_INIT?ONEWIRE
            CODE    1251H     001EH     UNIT         ?PR?I2C_RECEIVEBYTE?I2C
            CODE    126FH     001EH     UNIT         ?PR?_LCD_WRITEDATA?LCD1602
            CODE    128DH     001DH     UNIT         ?PR?ONEWIRE_RECEIVEBYTE?ONEWIRE
            CODE    12AAH     001DH     UNIT         ?PR?_LCD_SHOWNUM?LCD1602
BL51 BANKED LINKER/LOCATER V6.22                                                      10/14/2025  19:47:16  PAGE 3


            CODE    12C7H     001CH     UNIT         ?PR?AT24C02_CLEARTIME?MAIN
            CODE    12E3H     001CH     UNIT         ?PR?ONEWIRE_RECEIVEBIT?ONEWIRE
            CODE    12FFH     001AH     UNIT         ?PR?LCD1602_TEST?MAIN
            CODE    1319H     0019H     UNIT         ?PR?_ONEWIRE_SENDBYTE?ONEWIRE
            CODE    1332H     0017H     UNIT         ?PR?TIMER1_INIT?TIMER1
            CODE    1349H     0016H     UNIT         ?PR?_ONEWIRE_SENDBIT?ONEWIRE
            CODE    135FH     0016H     UNIT         ?PR?_LCD_SETCURSOR?LCD1602
            CODE    1375H     0014H     UNIT         ?PR?LCD_INIT?LCD1602
            CODE    1389H     0010H     UNIT         ?PR?TIMER0_INIT?TIMER0
            CODE    1399H     000FH     UNIT         ?PR?LCD_DELAY?LCD1602
            CODE    13A8H     000DH     UNIT         ?PR?IR_GETDATAFLAG?IR
            CODE    13B5H     000DH     UNIT         ?PR?IR_GETREPEATFLAG?IR
            CODE    13C2H     000DH     UNIT         ?PR?DS18B20_CONVERTT?DS18B20
            CODE    13CFH     000CH     UNIT         ?PR?IR_DATA_PROC?MAIN
            CODE    13DBH     000CH     UNIT         ?PR?I2C_RECEIVEACK?I2C
            CODE    13E7H     000BH     UNIT         ?PR?INT0_INIT?INT0
            CODE    13F2H     000BH     UNIT         ?PR?_TIMER0_SETCOUNTER?TIMER0
            CODE    13FDH     000AH     UNIT         ?PR?_I2C_SENDACK?I2C
            CODE    1407H     000AH     UNIT         ?PR?_LCD_WRITECOMMAND?LCD1602
            CODE    1411H     000AH     UNIT         ?PR?_LCD_SHOWCHAR?LCD1602
            CODE    141BH     0009H     UNIT         ?PR?TIMER0_GETCOUNTER?TIMER0
            CODE    1424H     0009H     UNIT         ?PR?I2C_START?I2C
            CODE    142DH     0007H     UNIT         ?PR?I2C_STOP?I2C
            CODE    1434H     0006H     UNIT         ?PR?_TIMER0_RUN?TIMER0
            CODE    143AH     0006H     UNIT         ?PR?IR_INIT?IR
            CODE    1440H     0005H     UNIT         ?PR?DS1302_INIT?DS1302
            CODE    1445H     0003H     UNIT         ?PR?MOTOR_INIT?MOTOR
            CODE    1448H     0003H     UNIT         ?PR?_MOTOR_SETSPEED?MOTOR
            CODE    144BH     0003H     UNIT         ?PR?IR_GETADDRESS?IR
            CODE    144EH     0003H     UNIT         ?PR?IR_GETCOMMAND?IR
            CODE    1451H     0001H     UNIT         ?PR?SAFE_PROC?MAIN
            CODE    1452H     0001H     UNIT         ?PR?CALCULATOR_PROC?MAIN



OVERLAY MAP OF MODULE:   .\Objects\Project (MAIN)


SEGMENT                                       BIT_GROUP          DATA_GROUP 
  +--> CALLED SEGMENT                      START    LENGTH     START    LENGTH
------------------------------------------------------------------------------
?PR?INT0_ROUTINE?IR                        -----    -----      -----    -----
  +--> ?PR?_TIMER0_SETCOUNTER?TIMER0
  +--> ?PR?_TIMER0_RUN?TIMER0
  +--> ?PR?TIMER0_GETCOUNTER?TIMER0

*** NEW ROOT ***************************************************

?C_C51STARTUP                              -----    -----      -----    -----
  +--> ?PR?MAIN?MAIN
  +--> ?C_INITSEG

?PR?MAIN?MAIN                              -----    -----      -----    -----
  +--> ?PR?DS18B20_CONVERTT?DS18B20
  +--> ?PR?_DELAY?DELAY
  +--> ?PR?DS18B20_READT?DS18B20
  +--> ?PR?CALENDAR_INIT?MAIN
BL51 BANKED LINKER/LOCATER V6.22                                                      10/14/2025  19:47:16  PAGE 4


  +--> ?PR?LCD_INIT?LCD1602
  +--> ?PR?IR_INIT?IR
  +--> ?PR?MOTOR_INIT?MOTOR
  +--> ?PR?IR_DATA_PROC?MAIN
  +--> ?PR?MODE_CHANGE?MAIN
  +--> ?PR?CALENDAR_PROC?MAIN
  +--> ?PR?SAFE_PROC?MAIN
  +--> ?PR?CALCULATOR_PROC?MAIN

?PR?DS18B20_CONVERTT?DS18B20               -----    -----      -----    -----
  +--> ?PR?ONEWIRE_INIT?ONEWIRE
  +--> ?PR?_ONEWIRE_SENDBYTE?ONEWIRE

?PR?_ONEWIRE_SENDBYTE?ONEWIRE              -----    -----      -----    -----
  +--> ?PR?_ONEWIRE_SENDBIT?ONEWIRE

?PR?DS18B20_READT?DS18B20                  -----    -----      004FH    0001H
  +--> ?PR?ONEWIRE_INIT?ONEWIRE
  +--> ?PR?_ONEWIRE_SENDBYTE?ONEWIRE
  +--> ?PR?ONEWIRE_RECEIVEBYTE?ONEWIRE

?PR?ONEWIRE_RECEIVEBYTE?ONEWIRE            -----    -----      -----    -----
  +--> ?PR?ONEWIRE_RECEIVEBIT?ONEWIRE

?PR?CALENDAR_INIT?MAIN                     -----    -----      004BH    0001H
  +--> ?PR?DS1302_INIT?DS1302
  +--> ?PR?_AT24C02_READBYTE?AT24C02
  +--> ?CO?MAIN
  +--> ?PR?DS1302_SETTIME?DS1302
  +--> ?PR?_AT24C02_WRITEBYTE?AT24C02
  +--> ?PR?_DELAY?DELAY

?PR?_AT24C02_READBYTE?AT24C02              -----    -----      004CH    0002H
  +--> ?PR?I2C_START?I2C
  +--> ?PR?_I2C_SENDBYTE?I2C
  +--> ?PR?I2C_RECEIVEACK?I2C
  +--> ?PR?I2C_RECEIVEBYTE?I2C
  +--> ?PR?_I2C_SENDACK?I2C
  +--> ?PR?I2C_STOP?I2C

?PR?DS1302_SETTIME?DS1302                  -----    -----      -----    -----
  +--> ?PR?_DS1302_WRITEBYTE?DS1302

?PR?_DS1302_WRITEBYTE?DS1302               -----    -----      004CH    0002H

?PR?_AT24C02_WRITEBYTE?AT24C02             -----    -----      004CH    0003H
  +--> ?PR?I2C_START?I2C
  +--> ?PR?_I2C_SENDBYTE?I2C
  +--> ?PR?I2C_RECEIVEACK?I2C
  +--> ?PR?I2C_STOP?I2C

?PR?LCD_INIT?LCD1602                       -----    -----      -----    -----
  +--> ?PR?_LCD_WRITECOMMAND?LCD1602

?PR?_LCD_WRITECOMMAND?LCD1602              -----    -----      -----    -----
  +--> ?PR?LCD_DELAY?LCD1602

BL51 BANKED LINKER/LOCATER V6.22                                                      10/14/2025  19:47:16  PAGE 5


?PR?IR_INIT?IR                             -----    -----      -----    -----
  +--> ?PR?TIMER0_INIT?TIMER0
  +--> ?PR?INT0_INIT?INT0

?PR?MOTOR_INIT?MOTOR                       -----    -----      -----    -----
  +--> ?PR?TIMER1_INIT?TIMER1

?PR?IR_DATA_PROC?MAIN                      -----    -----      -----    -----
  +--> ?PR?IR_GETDATAFLAG?IR
  +--> ?PR?IR_GETCOMMAND?IR

?PR?CALENDAR_PROC?MAIN                     -----    -----      -----    -----
  +--> ?PR?CALENDAR_SET?MAIN
  +--> ?PR?CALENDAR_DISP?MAIN
  +--> ?PR?TIME_BACKUP?MAIN
  +--> ?PR?TEMP_PROC?MAIN

?PR?CALENDAR_SET?MAIN                      -----    -----      004BH    0001H
  +--> ?PR?DS1302_READTIME?DS1302
  +--> ?PR?_IR_INPUT_INIT?MAIN
  +--> ?PR?_IR_CMD_TO_DIGIT?MAIN
  +--> ?PR?_IR_INPUT_PROC?MAIN
  +--> ?PR?CALENDAR_BUILD_STRING_SET?MAIN
  +--> ?PR?_LCD_SHOWSTRING?LCD1602
  +--> ?PR?DS1302_SETTIME?DS1302
  +--> ?PR?_DELAY?DELAY
  +--> ?PR?_AT24C02_WRITEBYTE?AT24C02

?PR?DS1302_READTIME?DS1302                 -----    -----      -----    -----
  +--> ?PR?_DS1302_READBYTE?DS1302

?PR?_IR_INPUT_INIT?MAIN                    -----    -----      004CH    0005H

?PR?CALENDAR_BUILD_STRING_SET?MAIN         0020H.7  0000H.1    -----    -----

?PR?_LCD_SHOWSTRING?LCD1602                -----    -----      004CH    0003H
  +--> ?PR?_LCD_SETCURSOR?LCD1602
  +--> ?PR?_LCD_WRITEDATA?LCD1602

?PR?_LCD_SETCURSOR?LCD1602                 -----    -----      -----    -----
  +--> ?PR?_LCD_WRITECOMMAND?LCD1602

?PR?_LCD_WRITEDATA?LCD1602                 -----    -----      -----    -----
  +--> ?PR?LCD_DELAY?LCD1602

?PR?CALENDAR_DISP?MAIN                     -----    -----      004BH    0001H
  +--> ?PR?DS1302_READTIME?DS1302
  +--> ?PR?_LCD_SHOWSTRING?LCD1602

?PR?TIME_BACKUP?MAIN                       -----    -----      -----    -----
  +--> ?PR?_AT24C02_WRITEBYTE?AT24C02

?PR?TEMP_PROC?MAIN                         -----    -----      004BH    0004H
  +--> ?PR?DS18B20_CONVERTT?DS18B20
  +--> ?PR?DS18B20_READT?DS18B20


BL51 BANKED LINKER/LOCATER V6.22                                                      10/14/2025  19:47:16  PAGE 6



SYMBOL TABLE OF MODULE:  .\Objects\Project (MAIN)

  VALUE           TYPE          NAME
  ----------------------------------

  -------         MODULE        MAIN
  C:0000H         SYMBOL        _ICE_DUMMY_
  X:0000H         PUBLIC        Temperature_Point
  C:108DH         PUBLIC        _IR_Input_Proc
  C:09EAH         PUBLIC        _IR_Input_Init
  D:001CH         PUBLIC        Time_5s_Count
  C:1452H         PUBLIC        Calculator_Proc
  X:0002H         PUBLIC        Init_Time
  C:0F28H         PUBLIC        _IR_Cmd_To_Digit
  C:0D03H         PUBLIC        Temp_Proc
  D:001DH         PUBLIC        IR_Cmd
  C:051DH         PUBLIC        Calendar_Disp
  C:0F6FH         PUBLIC        Calendar_Proc
  C:0DCDH         PUBLIC        Calendar_Init
  X:0009H         PUBLIC        Temperature
  B:00B0H.5       PUBLIC        P3_5
  C:12C7H         PUBLIC        AT24C02_clearTime
  X:000BH         PUBLIC        Set_Time
  C:12FFH         PUBLIC        LCD1602_Test
  C:0E86H         PUBLIC        main
  D:001EH         PUBLIC        mode
  C:11F3H         PUBLIC        DS18B20_Test
  C:07D1H         PUBLIC        Calendar_Set
  C:1215H         PUBLIC        Mode_Change
  B:0020H.1       PUBLIC        Flag_750ms_Ready
  B:0020H.2       PUBLIC        Flag_100ms_Task
  B:0020H.3       PUBLIC        Flag_500ms_Task
  C:10F6H         PUBLIC        Time_Backup
  X:0012H         PUBLIC        L1_String
  X:0022H         PUBLIC        L2_String
  X:0032H         PUBLIC        Current_Input
  C:08DEH         PUBLIC        Calendar_Build_String_Set
  X:0046H         PUBLIC        Plause_Time
  C:13CFH         PUBLIC        IR_Data_Proc
  B:0020H.4       PUBLIC        Flag_1s_Task
  C:1451H         PUBLIC        Safe_Proc
  B:0020H.5       PUBLIC        Cal_Mode
  B:0020H.6       PUBLIC        Flag_5s_Task
  D:001FH         PUBLIC        Temp_State
  -------         PROC          AT24C02_CLEARTIME
  -------         DO            
  D:0064H         SYMBOL        i
  -------         ENDDO         
  C:12C7H         LINE#         79
  C:12C7H         LINE#         81
  C:12CAH         LINE#         82
  C:12D2H         LINE#         83
  C:12D9H         LINE#         84
  C:12E2H         LINE#         85
  -------         ENDPROC       AT24C02_CLEARTIME
  -------         PROC          LCD1602_TEST
BL51 BANKED LINKER/LOCATER V6.22                                                      10/14/2025  19:47:16  PAGE 7


  C:12FFH         LINE#         86
  C:12FFH         LINE#         87
  C:130CH         LINE#         88
  -------         ENDPROC       LCD1602_TEST
  -------         PROC          IR_DATA_PROC
  C:13CFH         LINE#         91
  C:13CFH         LINE#         92
  C:13CFH         LINE#         93
  C:13DAH         LINE#         94
  -------         ENDPROC       IR_DATA_PROC
  -------         PROC          MODE_CHANGE
  C:1215H         LINE#         95
  C:1215H         LINE#         96
  C:121AH         LINE#         97
  C:1224H         LINE#         98
  C:1227H         LINE#         99
  C:122DH         LINE#         100
  C:1230H         LINE#         101
  C:1232H         LINE#         102
  C:1232H         LINE#         103
  -------         ENDPROC       MODE_CHANGE
  -------         PROC          _IR_CMD_TO_DIGIT
  D:0007H         SYMBOL        cmd
  C:0F28H         LINE#         106
  C:0F28H         LINE#         107
  C:0F4EH         LINE#         108
  C:0F51H         LINE#         109
  C:0F54H         LINE#         110
  C:0F57H         LINE#         111
  C:0F5AH         LINE#         112
  C:0F5DH         LINE#         113
  C:0F60H         LINE#         114
  C:0F63H         LINE#         115
  C:0F66H         LINE#         116
  C:0F69H         LINE#         117
  C:0F6CH         LINE#         118
  C:0F6EH         LINE#         119
  C:0F6EH         LINE#         120
  -------         ENDPROC       _IR_CMD_TO_DIGIT
  -------         PROC          CALENDAR_INIT
  -------         DO            
  D:004BH         SYMBOL        i
  -------         DO            
  C:1086H         SYMBOL        Init_Time
  -------         ENDDO         
  -------         ENDDO         
  C:0DCDH         LINE#         122
  C:0DCDH         LINE#         124
  C:0DD0H         LINE#         126
  C:0DD3H         LINE#         127
  C:0DDFH         LINE#         128
  C:0DE8H         LINE#         131
  C:0DECH         LINE#         133
  C:0DEEH         LINE#         134
  C:0DFCH         LINE#         135
  C:0E03H         LINE#         136
  C:0E03H         LINE#         138
BL51 BANKED LINKER/LOCATER V6.22                                                      10/14/2025  19:47:16  PAGE 8


  C:0E06H         LINE#         141
  C:0E09H         LINE#         142
  C:0E19H         LINE#         143
  C:0E20H         LINE#         144
  C:0E29H         LINE#         145
  -------         ENDPROC       CALENDAR_INIT
  -------         PROC          CALENDAR_DISP
  -------         DO            
  D:0007H         SYMBOL        i
  D:004BH         SYMBOL        j
  -------         ENDDO         
  C:051DH         LINE#         148
  C:051DH         LINE#         150
  C:0520H         LINE#         153
  C:052AH         LINE#         154
  C:0534H         LINE#         157
  C:0542H         LINE#         158
  C:0553H         LINE#         161
  C:0561H         LINE#         162
  C:0572H         LINE#         165
  C:0580H         LINE#         166
  C:0591H         LINE#         169
  C:059CH         LINE#         170
  C:05A1H         LINE#         172
  C:05AEH         LINE#         175
  C:05B8H         LINE#         178
  C:05C6H         LINE#         179
  C:05D7H         LINE#         182
  C:05E5H         LINE#         183
  C:05F6H         LINE#         186
  C:0604H         LINE#         187
  C:0615H         LINE#         189
  C:0619H         LINE#         190
  C:061BH         LINE#         194
  C:0634H         LINE#         195
  C:0644H         LINE#         197
  C:0648H         LINE#         200
  C:0661H         LINE#         201
  C:0671H         LINE#         203
  C:0675H         LINE#         204
  C:0678H         LINE#         206
  -------         ENDPROC       CALENDAR_DISP
  -------         PROC          TIME_BACKUP
  C:10F6H         LINE#         209
  C:10F6H         LINE#         212
  C:1102H         LINE#         215
  C:1106H         LINE#         216
  C:1112H         LINE#         218
  C:1112H         LINE#         220
  C:111AH         LINE#         221
  C:1126H         LINE#         223
  C:1126H         LINE#         224
  -------         ENDPROC       TIME_BACKUP
  -------         PROC          _IR_INPUT_INIT
  D:004CH         SYMBOL        Target_Length
  D:004DH         SYMBOL        Initial_Values
  -------         DO            
BL51 BANKED LINKER/LOCATER V6.22                                                      10/14/2025  19:47:16  PAGE 9


  D:0050H         SYMBOL        i
  -------         ENDDO         
  C:09EAH         LINE#         231
  C:09F2H         LINE#         232
  C:09F2H         LINE#         236
  C:09F9H         LINE#         237
  C:09FCH         LINE#         238
  C:09FCH         LINE#         240
  C:0A02H         LINE#         241
  C:0A05H         LINE#         242
  C:0A07H         LINE#         245
  C:0A09H         LINE#         246
  C:0A09H         LINE#         248
  C:0A22H         LINE#         250
  C:0A45H         LINE#         251
  C:0A62H         LINE#         252
  C:0A64H         LINE#         254
  C:0A73H         LINE#         255
  C:0A82H         LINE#         256
  C:0A82H         LINE#         257
  C:0A8DH         LINE#         258
  -------         ENDPROC       _IR_INPUT_INIT
  -------         PROC          _IR_INPUT_PROC
  D:0007H         SYMBOL        ir_digit
  C:108DH         LINE#         260
  C:108DH         LINE#         261
  C:1099H         LINE#         263
  C:1099H         LINE#         266
  C:10A8H         LINE#         269
  C:10AEH         LINE#         272
  C:10B9H         LINE#         273
  C:10BDH         LINE#         274
  C:10C2H         LINE#         275
  C:10C2H         LINE#         276
  -------         ENDPROC       _IR_INPUT_PROC
  -------         PROC          CALENDAR_BUILD_STRING_SET
  B:0020H.7       SYMBOL        Blink_State
  -------         DO            
  D:0004H         SYMBOL        i
  D:0007H         SYMBOL        digit
  D:0006H         SYMBOL        L1_Cursor
  D:0005H         SYMBOL        L2_Cursor
  -------         ENDDO         
  C:08DEH         LINE#         279
  C:08DEH         LINE#         280
  C:08DEH         LINE#         283
  C:08E0H         LINE#         284
  C:08E1H         LINE#         288
  C:08EEH         LINE#         289
  C:08FDH         LINE#         291
  C:08FFH         LINE#         292
  C:08FFH         LINE#         293
  C:090BH         LINE#         296
  C:0915H         LINE#         297
  C:0925H         LINE#         298
  C:0927H         LINE#         299
  C:093AH         LINE#         300
BL51 BANKED LINKER/LOCATER V6.22                                                      10/14/2025  19:47:16  PAGE 10


  C:093AH         LINE#         303
  C:0942H         LINE#         304
  C:0952H         LINE#         305
  C:0952H         LINE#         306
  C:0956H         LINE#         308
  C:096EH         LINE#         309
  C:0973H         LINE#         312
  C:0975H         LINE#         313
  C:0975H         LINE#         314
  C:0981H         LINE#         317
  C:098BH         LINE#         318
  C:099BH         LINE#         319
  C:099DH         LINE#         320
  C:09B0H         LINE#         321
  C:09B0H         LINE#         324
  C:09B8H         LINE#         325
  C:09C8H         LINE#         326
  C:09C8H         LINE#         327
  C:09CCH         LINE#         329
  C:09E4H         LINE#         330
  C:09E9H         LINE#         331
  -------         ENDPROC       CALENDAR_BUILD_STRING_SET
  -------         PROC          CALENDAR_SET
  -------         DO            
  B:0020H.0       SYMBOL        Cal_Set_Init_Flag
  D:004BH         SYMBOL        i
  D:0007H         SYMBOL        ir_digit
  -------         ENDDO         
  C:07D1H         LINE#         334
  C:07D1H         LINE#         340
  C:07D4H         LINE#         341
  C:07D7H         LINE#         342
  C:07DAH         LINE#         343
  C:07EEH         LINE#         344
  C:07F5H         LINE#         345
  C:0800H         LINE#         346
  C:0802H         LINE#         348
  C:0804H         LINE#         349
  C:0804H         LINE#         352
  C:0809H         LINE#         353
  C:080DH         LINE#         354
  C:0810H         LINE#         355
  C:0813H         LINE#         356
  C:0815H         LINE#         357
  C:0815H         LINE#         365
  C:0818H         LINE#         368
  C:081FH         LINE#         371
  C:082CH         LINE#         372
  C:0839H         LINE#         374
  C:083BH         LINE#         375
  C:083BH         LINE#         379
  C:0844H         LINE#         380
  C:0844H         LINE#         382
  C:0847H         LINE#         383
  C:0847H         LINE#         385
  C:0877H         LINE#         386
  C:087EH         LINE#         388
BL51 BANKED LINKER/LOCATER V6.22                                                      10/14/2025  19:47:16  PAGE 11


  C:0886H         LINE#         391
  C:0889H         LINE#         392
  C:089DH         LINE#         393
  C:08A4H         LINE#         396
  C:08A7H         LINE#         397
  C:08AEH         LINE#         400
  C:08B1H         LINE#         403
  C:08B4H         LINE#         404
  C:08C4H         LINE#         405
  C:08CBH         LINE#         406
  C:08D4H         LINE#         408
  C:08D6H         LINE#         409
  C:08DBH         LINE#         410
  C:08DDH         LINE#         411
  C:08DDH         LINE#         413
  -------         ENDPROC       CALENDAR_SET
  -------         PROC          TEMP_PROC
  -------         DO            
  D:004BH         SYMBOL        temp
  -------         ENDDO         
  C:0D03H         LINE#         418
  C:0D03H         LINE#         419
  C:0D07H         LINE#         421
  C:0D0BH         LINE#         422
  C:0D0EH         LINE#         424
  C:0D10H         LINE#         425
  C:0D13H         LINE#         426
  C:0D15H         LINE#         427
  C:0D18H         LINE#         428
  C:0D18H         LINE#         429
  C:0D1FH         LINE#         430
  C:0D22H         LINE#         433
  C:0D24H         LINE#         434
  C:0D2FH         LINE#         435
  C:0D53H         LINE#         436
  C:0D66H         LINE#         438
  C:0D68H         LINE#         439
  C:0D6BH         LINE#         440
  C:0D6BH         LINE#         441
  C:0D6BH         LINE#         442
  -------         ENDPROC       TEMP_PROC
  -------         PROC          CALENDAR_PROC
  C:0F6FH         LINE#         444
  C:0F6FH         LINE#         445
  C:0F73H         LINE#         447
  C:0F78H         LINE#         448
  C:0F7AH         LINE#         449
  C:0F7DH         LINE#         450
  C:0F7DH         LINE#         453
  C:0F80H         LINE#         456
  C:0F85H         LINE#         457
  C:0F8BH         LINE#         458
  C:0F8EH         LINE#         459
  C:0F8EH         LINE#         462
  C:0F91H         LINE#         465
  C:0F94H         LINE#         466
  C:0F96H         LINE#         467
BL51 BANKED LINKER/LOCATER V6.22                                                      10/14/2025  19:47:16  PAGE 12


  C:0F96H         LINE#         469
  C:0F97H         LINE#         472
  C:0F9AH         LINE#         473
  C:0F9DH         LINE#         474
  C:0F9FH         LINE#         475
  C:0F9FH         LINE#         477
  C:0FA2H         LINE#         478
  C:0FA5H         LINE#         479
  C:0FA7H         LINE#         480
  C:0FA7H         LINE#         483
  C:0FAAH         LINE#         484
  C:0FAAH         LINE#         485
  -------         ENDPROC       CALENDAR_PROC
  -------         PROC          SAFE_PROC
  C:1451H         LINE#         487
  C:1451H         LINE#         488
  C:1451H         LINE#         489
  -------         ENDPROC       SAFE_PROC
  -------         PROC          CALCULATOR_PROC
  C:1452H         LINE#         491
  C:1452H         LINE#         492
  C:1452H         LINE#         493
  -------         ENDPROC       CALCULATOR_PROC
  -------         PROC          DS18B20_TEST
  -------         DO            
  D:0008H         SYMBOL        temp_value
  D:000CH         SYMBOL        temp_string
  -------         ENDDO         
  C:11F3H         LINE#         495
  C:11F3H         LINE#         496
  C:11F3H         LINE#         501
  C:11F6H         LINE#         504
  C:11FDH         LINE#         507
  C:1208H         LINE#         515
  -------         ENDPROC       DS18B20_TEST
  -------         PROC          MAIN
  C:0E86H         LINE#         520
  C:0E86H         LINE#         521
  C:0E86H         LINE#         524
  C:0E89H         LINE#         525
  C:0E90H         LINE#         526
  C:0E9EH         LINE#         527
  C:0EBDH         LINE#         528
  C:0EC0H         LINE#         529
  C:0EC3H         LINE#         530
  C:0EC6H         LINE#         531
  C:0EC9H         LINE#         533
  C:0EC9H         LINE#         534
  C:0EC9H         LINE#         535
  C:0ECCH         LINE#         536
  C:0ECFH         LINE#         538
  C:0ED2H         LINE#         539
  C:0ED5H         LINE#         540
  C:0ED8H         LINE#         544
  -------         ENDPROC       MAIN
  -------         ENDMOD        MAIN

BL51 BANKED LINKER/LOCATER V6.22                                                      10/14/2025  19:47:16  PAGE 13


  -------         MODULE        DELAY
  C:0000H         SYMBOL        _ICE_DUMMY_
  C:0006H         PUBLIC        _Delay
  -------         PROC          _DELAY
  D:0006H         SYMBOL        xms
  -------         DO            
  D:0005H         SYMBOL        i
  D:0004H         SYMBOL        j
  -------         ENDDO         
  C:0006H         LINE#         2
  C:0006H         LINE#         3
  C:0006H         LINE#         5
  C:0010H         LINE#         6
  C:0010H         LINE#         7
  C:0012H         LINE#         8
  C:0014H         LINE#         10
  C:0014H         LINE#         11
  C:0016H         LINE#         12
  C:0018H         LINE#         13
  C:001AH         LINE#         14
  -------         ENDPROC       _DELAY
  -------         ENDMOD        DELAY

  -------         MODULE        KEY
  C:0000H         SYMBOL        _ICE_DUMMY_
  B:00B0H.0       PUBLIC        P3_0
  B:00B0H.1       PUBLIC        P3_1
  B:00B0H.2       PUBLIC        P3_2
  B:00B0H.3       PUBLIC        P3_3
  C:0D6CH         PUBLIC        Key
  -------         PROC          KEY
  -------         DO            
  D:0065H         SYMBOL        KeyNumber
  -------         ENDDO         
  C:0D6CH         LINE#         9
  C:0D6CH         LINE#         10
  C:0D6CH         LINE#         11
  C:0D6FH         LINE#         13
  C:0D85H         LINE#         14
  C:0D9CH         LINE#         15
  C:0DB3H         LINE#         16
  C:0DCAH         LINE#         18
  C:0DCCH         LINE#         19
  -------         ENDPROC       KEY
  -------         ENDMOD        KEY

  -------         MODULE        NIXIE
  C:0000H         SYMBOL        _ICE_DUMMY_
  C:0C96H         PUBLIC        _Nixie
  D:0080H         PUBLIC        P0
  B:00A0H.2       PUBLIC        P2_2
  B:00A0H.3       PUBLIC        P2_3
  B:00A0H.4       PUBLIC        P2_4
  D:002DH         PUBLIC        NixieTable
  -------         PROC          _NIXIE
  D:0007H         SYMBOL        Location
  D:0004H         SYMBOL        Number
BL51 BANKED LINKER/LOCATER V6.22                                                      10/14/2025  19:47:16  PAGE 14


  C:0C96H         LINE#         6
  C:0C96H         LINE#         7
  C:0C96H         LINE#         8
  C:0CC3H         LINE#         9
  C:0CC3H         LINE#         10
  C:0CC7H         LINE#         11
  C:0CCBH         LINE#         12
  C:0CCFH         LINE#         13
  C:0CD3H         LINE#         14
  C:0CDBH         LINE#         15
  C:0CE3H         LINE#         16
  C:0CEBH         LINE#         17
  C:0CF1H         LINE#         18
  C:0CF1H         LINE#         19
  C:0CF8H         LINE#         20
  C:0CFFH         LINE#         21
  C:0D02H         LINE#         22
  -------         ENDPROC       _NIXIE
  -------         ENDMOD        NIXIE

  -------         MODULE        TIMER1
  C:0000H         SYMBOL        _ICE_DUMMY_
  B:00A8H.7       PUBLIC        EA
  C:1332H         PUBLIC        Timer1_Init
  D:0089H         PUBLIC        TMOD
  B:00A8H.3       PUBLIC        ET1
  B:0088H.7       PUBLIC        TF1
  D:008DH         PUBLIC        TH1
  D:008BH         PUBLIC        TL1
  B:00B8H.3       PUBLIC        PT1
  B:0088H.6       PUBLIC        TR1
  -------         PROC          TIMER1_INIT
  C:1332H         LINE#         8
  C:1332H         LINE#         9
  C:1332H         LINE#         10
  C:1335H         LINE#         11
  C:1338H         LINE#         12
  C:133BH         LINE#         13
  C:133EH         LINE#         14
  C:1340H         LINE#         15
  C:1342H         LINE#         16
  C:1344H         LINE#         17
  C:1346H         LINE#         18
  C:1348H         LINE#         19
  -------         ENDPROC       TIMER1_INIT
  -------         ENDMOD        TIMER1

  -------         MODULE        MOTOR
  C:0000H         SYMBOL        _ICE_DUMMY_
  C:0BA7H         PUBLIC        Timer1_Routine
  D:0090H         PUBLIC        P1
  C:1445H         PUBLIC        Motor_Init
  B:0090H.0       PUBLIC        Motor
  C:1448H         PUBLIC        _Motor_SetSpeed
  D:0049H         PUBLIC        Compare
  D:008DH         PUBLIC        TH1
  D:008BH         PUBLIC        TL1
BL51 BANKED LINKER/LOCATER V6.22                                                      10/14/2025  19:47:16  PAGE 15


  D:004AH         PUBLIC        Counter
  -------         PROC          MOTOR_INIT
  C:1445H         LINE#         15
  C:1445H         LINE#         16
  C:1445H         LINE#         17
  -------         ENDPROC       MOTOR_INIT
  -------         PROC          _MOTOR_SETSPEED
  D:0007H         SYMBOL        Speed
  C:1448H         LINE#         25
  C:1448H         LINE#         26
  C:1448H         LINE#         27
  C:144AH         LINE#         28
  -------         ENDPROC       _MOTOR_SETSPEED
  -------         PROC          TIMER1_ROUTINE
  -------         DO            
  D:0046H         SYMBOL        SysTick_1s
  D:0047H         SYMBOL        SysTick_100ms
  D:0048H         SYMBOL        SysTick_500ms
  -------         DO            
  D:0045H         SYMBOL        Delay_750ms
  -------         ENDDO         
  -------         ENDDO         
  C:0BA7H         LINE#         31
  C:0BADH         LINE#         36
  C:0BB0H         LINE#         37
  C:0BB3H         LINE#         38
  C:0BB5H         LINE#         39
  C:0BBEH         LINE#         42
  C:0BC2H         LINE#         44
  C:0BCBH         LINE#         45
  C:0BCEH         LINE#         46
  C:0BD0H         LINE#         47
  C:0BD0H         LINE#         49
  C:0BD9H         LINE#         50
  C:0BDCH         LINE#         51
  C:0BDEH         LINE#         52
  C:0BDEH         LINE#         54
  C:0BE7H         LINE#         55
  C:0BEAH         LINE#         56
  C:0BECH         LINE#         59
  C:0BF4H         LINE#         60
  C:0BF7H         LINE#         61
  C:0BF9H         LINE#         62
  C:0BF9H         LINE#         63
  C:0BF9H         LINE#         67
  C:0BFEH         LINE#         69
  C:0C07H         LINE#         70
  C:0C0AH         LINE#         71
  C:0C0CH         LINE#         72
  C:0C0CH         LINE#         73
  C:0C0CH         LINE#         74
  C:0C0CH         LINE#         76
  C:0C13H         LINE#         77
  C:0C13H         LINE#         78
  C:0C15H         LINE#         79
  C:0C17H         LINE#         81
  C:0C17H         LINE#         82
BL51 BANKED LINKER/LOCATER V6.22                                                      10/14/2025  19:47:16  PAGE 16


  C:0C19H         LINE#         83
  C:0C19H         LINE#         84
  -------         ENDPROC       TIMER1_ROUTINE
  -------         ENDMOD        MOTOR

  -------         MODULE        INT0
  C:0000H         SYMBOL        _ICE_DUMMY_
  B:00A8H.7       PUBLIC        EA
  B:0088H.1       PUBLIC        IE0
  B:00A8H.0       PUBLIC        EX0
  B:0088H.0       PUBLIC        IT0
  C:13E7H         PUBLIC        Int0_Init
  B:00B8H.0       PUBLIC        PX0
  -------         PROC          INT0_INIT
  C:13E7H         LINE#         8
  C:13E7H         LINE#         9
  C:13E7H         LINE#         10
  C:13E9H         LINE#         11
  C:13EBH         LINE#         12
  C:13EDH         LINE#         13
  C:13EFH         LINE#         14
  C:13F1H         LINE#         15
  -------         ENDPROC       INT0_INIT
  -------         ENDMOD        INT0

  -------         MODULE        TIMER0
  C:0000H         SYMBOL        _ICE_DUMMY_
  C:141BH         PUBLIC        Timer0_GetCounter
  C:13F2H         PUBLIC        _Timer0_SetCounter
  C:1389H         PUBLIC        Timer0_Init
  D:0089H         PUBLIC        TMOD
  B:0088H.5       PUBLIC        TF0
  C:1434H         PUBLIC        _Timer0_Run
  D:008CH         PUBLIC        TH0
  D:008AH         PUBLIC        TL0
  B:0088H.4       PUBLIC        TR0
  -------         PROC          TIMER0_INIT
  C:1389H         LINE#         8
  C:1389H         LINE#         9
  C:1389H         LINE#         10
  C:138CH         LINE#         11
  C:138FH         LINE#         12
  C:1392H         LINE#         13
  C:1394H         LINE#         14
  C:1396H         LINE#         15
  C:1398H         LINE#         16
  -------         ENDPROC       TIMER0_INIT
  -------         PROC          _TIMER0_SETCOUNTER
  D:0004H         SYMBOL        Value
  C:13F2H         LINE#         23
  C:13F6H         LINE#         24
  C:13F6H         LINE#         25
  C:13F8H         LINE#         26
  C:13FCH         LINE#         27
  -------         ENDPROC       _TIMER0_SETCOUNTER
  -------         PROC          TIMER0_GETCOUNTER
  C:141BH         LINE#         34
BL51 BANKED LINKER/LOCATER V6.22                                                      10/14/2025  19:47:16  PAGE 17


  C:141BH         LINE#         35
  C:141BH         LINE#         36
  C:1423H         LINE#         37
  -------         ENDPROC       TIMER0_GETCOUNTER
  -------         PROC          _TIMER0_RUN
  D:0007H         SYMBOL        Flag
  C:1434H         LINE#         44
  C:1434H         LINE#         45
  C:1434H         LINE#         46
  C:1439H         LINE#         47
  -------         ENDPROC       _TIMER0_RUN
  -------         ENDMOD        TIMER0

  -------         MODULE        IR
  C:0000H         SYMBOL        _ICE_DUMMY_
  C:13B5H         PUBLIC        IR_GetRepeatFlag
  D:0021H         PUBLIC        IR_State
  D:0022H         PUBLIC        IR_Time
  C:143AH         PUBLIC        IR_Init
  C:13A8H         PUBLIC        IR_GetDataFlag
  C:0685H         PUBLIC        Int0_Routine
  D:0024H         PUBLIC        IR_Command
  D:0025H         PUBLIC        IR_Address
  D:0026H         PUBLIC        IR_RepeatFlag
  C:144EH         PUBLIC        IR_GetCommand
  C:144BH         PUBLIC        IR_GetAddress
  D:0027H         PUBLIC        IR_pData
  D:0028H         PUBLIC        IR_DataFlag
  D:0029H         PUBLIC        IR_Data
  -------         PROC          IR_INIT
  C:143AH         LINE#         21
  C:143AH         LINE#         22
  C:143AH         LINE#         23
  C:143DH         LINE#         24
  -------         ENDPROC       IR_INIT
  -------         PROC          IR_GETDATAFLAG
  C:13A8H         LINE#         32
  C:13A8H         LINE#         33
  C:13A8H         LINE#         34
  C:13ACH         LINE#         35
  C:13ACH         LINE#         36
  C:13AFH         LINE#         37
  C:13B2H         LINE#         38
  C:13B2H         LINE#         39
  C:13B4H         LINE#         40
  -------         ENDPROC       IR_GETDATAFLAG
  -------         PROC          IR_GETREPEATFLAG
  C:13B5H         LINE#         47
  C:13B5H         LINE#         48
  C:13B5H         LINE#         49
  C:13B9H         LINE#         50
  C:13B9H         LINE#         51
  C:13BCH         LINE#         52
  C:13BFH         LINE#         53
  C:13BFH         LINE#         54
  C:13C1H         LINE#         55
  -------         ENDPROC       IR_GETREPEATFLAG
BL51 BANKED LINKER/LOCATER V6.22                                                      10/14/2025  19:47:16  PAGE 18


  -------         PROC          IR_GETADDRESS
  C:144BH         LINE#         62
  C:144BH         LINE#         63
  C:144BH         LINE#         64
  C:144DH         LINE#         65
  -------         ENDPROC       IR_GETADDRESS
  -------         PROC          IR_GETCOMMAND
  C:144EH         LINE#         72
  C:144EH         LINE#         73
  C:144EH         LINE#         74
  C:1450H         LINE#         75
  -------         ENDPROC       IR_GETCOMMAND
  -------         PROC          INT0_ROUTINE
  C:0685H         LINE#         78
  C:06A2H         LINE#         80
  C:06A6H         LINE#         81
  C:06A6H         LINE#         82
  C:06ABH         LINE#         83
  C:06B0H         LINE#         84
  C:06B0H         LINE#         85
  C:06B2H         LINE#         86
  C:06B8H         LINE#         87
  C:06B8H         LINE#         88
  C:06BFH         LINE#         89
  C:06C5H         LINE#         91
  C:06DAH         LINE#         92
  C:06DAH         LINE#         93
  C:06DDH         LINE#         94
  C:06E0H         LINE#         96
  C:06F5H         LINE#         97
  C:06F5H         LINE#         98
  C:06F8H         LINE#         99
  C:06F8H         LINE#         100
  C:06F8H         LINE#         101
  C:06FBH         LINE#         103
  C:06FBH         LINE#         104
  C:06FEH         LINE#         105
  C:06FEH         LINE#         106
  C:0701H         LINE#         107
  C:070AH         LINE#         108
  C:070AH         LINE#         109
  C:0711H         LINE#         110
  C:0717H         LINE#         112
  C:072CH         LINE#         113
  C:072CH         LINE#         114
  C:074CH         LINE#         115
  C:074CH         LINE#         116
  C:074EH         LINE#         118
  C:0763H         LINE#         119
  C:0763H         LINE#         120
  C:0785H         LINE#         121
  C:0787H         LINE#         122
  C:0789H         LINE#         124
  C:0789H         LINE#         125
  C:078CH         LINE#         126
  C:078FH         LINE#         127
  C:078FH         LINE#         128
BL51 BANKED LINKER/LOCATER V6.22                                                      10/14/2025  19:47:16  PAGE 19


  C:0796H         LINE#         129
  C:0796H         LINE#         130
  C:0799H         LINE#         131
  C:07A5H         LINE#         132
  C:07A5H         LINE#         133
  C:07A8H         LINE#         134
  C:07ABH         LINE#         135
  C:07AEH         LINE#         136
  C:07AEH         LINE#         137
  C:07B3H         LINE#         138
  C:07B6H         LINE#         139
  C:07B6H         LINE#         140
  C:07B6H         LINE#         141
  -------         ENDPROC       INT0_ROUTINE
  -------         ENDMOD        IR

  -------         MODULE        DS1302
  C:0000H         SYMBOL        _ICE_DUMMY_
  C:03A3H         PUBLIC        DS1302_SetTime
  D:00B0H         PUBLIC        P3
  B:00B0H.5       PUBLIC        DS1302_CE
  C:0A8EH         PUBLIC        DS1302_ReadTime
  D:0037H         PUBLIC        DS1302_Time
  C:0EDAH         PUBLIC        _DS1302_ReadByte
  C:1440H         PUBLIC        DS1302_Init
  B:00B0H.4       PUBLIC        DS1302_IO
  C:0E2FH         PUBLIC        _DS1302_WriteByte
  B:00B0H.6       PUBLIC        DS1302_SCLK
  -------         PROC          DS1302_INIT
  C:1440H         LINE#         26
  C:1440H         LINE#         27
  C:1440H         LINE#         28
  C:1442H         LINE#         29
  C:1444H         LINE#         30
  -------         ENDPROC       DS1302_INIT
  -------         PROC          L?0027
  -------         ENDPROC       L?0027
  -------         PROC          _DS1302_WRITEBYTE
  D:0003H         SYMBOL        Command
  D:004CH         SYMBOL        Data
  -------         DO            
  D:0005H         SYMBOL        i
  -------         ENDDO         
  C:0E2FH         LINE#         38
  C:0E35H         LINE#         39
  C:0E35H         LINE#         41
  C:0E37H         LINE#         42
  C:0E39H         LINE#         43
  C:0E39H         LINE#         44
  C:0E54H         LINE#         45
  C:0E56H         LINE#         46
  C:0E58H         LINE#         47
  C:0E5CH         LINE#         48
  C:0E5EH         LINE#         49
  C:0E5EH         LINE#         50
  C:0E7BH         LINE#         51
  C:0E7DH         LINE#         52
BL51 BANKED LINKER/LOCATER V6.22                                                      10/14/2025  19:47:16  PAGE 20


  C:0E7FH         LINE#         53
  C:0E83H         LINE#         54
  C:0E85H         LINE#         55
  -------         ENDPROC       _DS1302_WRITEBYTE
  -------         PROC          _DS1302_READBYTE
  D:0005H         SYMBOL        Command
  -------         DO            
  D:0003H         SYMBOL        i
  D:0001H         SYMBOL        Data
  -------         ENDDO         
  C:0EDAH         LINE#         62
  C:0EDCH         LINE#         63
  C:0EDCH         LINE#         64
  C:0EDEH         LINE#         65
  C:0EE1H         LINE#         66
  C:0EE3H         LINE#         67
  C:0EE4H         LINE#         68
  C:0EE4H         LINE#         69
  C:0EFFH         LINE#         70
  C:0F01H         LINE#         71
  C:0F03H         LINE#         72
  C:0F07H         LINE#         73
  C:0F09H         LINE#         74
  C:0F09H         LINE#         75
  C:0F0BH         LINE#         76
  C:0F0DH         LINE#         77
  C:0F1DH         LINE#         78
  C:0F21H         LINE#         79
  C:0F23H         LINE#         80
  C:0F25H         LINE#         81
  C:0F27H         LINE#         82
  -------         ENDPROC       _DS1302_READBYTE
  -------         PROC          DS1302_SETTIME
  C:03A3H         LINE#         89
  C:03A3H         LINE#         90
  C:03A3H         LINE#         91
  C:03ABH         LINE#         92
  C:03DBH         LINE#         93
  C:040BH         LINE#         94
  C:0440H         LINE#         95
  C:0475H         LINE#         96
  C:04AAH         LINE#         97
  C:04DFH         LINE#         98
  C:0514H         LINE#         99
  -------         ENDPROC       DS1302_SETTIME
  -------         PROC          DS1302_READTIME
  -------         DO            
  D:0007H         SYMBOL        Temp
  -------         ENDDO         
  C:0A8EH         LINE#         107
  C:0A8EH         LINE#         108
  C:0A8EH         LINE#         110
  C:0A93H         LINE#         111
  C:0AA2H         LINE#         112
  C:0AA7H         LINE#         113
  C:0AB6H         LINE#         114
  C:0ABBH         LINE#         115
BL51 BANKED LINKER/LOCATER V6.22                                                      10/14/2025  19:47:16  PAGE 21


  C:0ACAH         LINE#         116
  C:0ACFH         LINE#         117
  C:0ADEH         LINE#         118
  C:0AE3H         LINE#         119
  C:0AF2H         LINE#         120
  C:0AF7H         LINE#         121
  C:0B06H         LINE#         122
  C:0B0BH         LINE#         123
  C:0B1AH         LINE#         124
  -------         ENDPROC       DS1302_READTIME
  -------         ENDMOD        DS1302

  -------         MODULE        AT24C02
  C:0000H         SYMBOL        _ICE_DUMMY_
  C:1127H         PUBLIC        _AT24C02_ReadByte
  C:11ACH         PUBLIC        _AT24C02_WriteByte
  -------         PROC          _AT24C02_WRITEBYTE
  D:004CH         SYMBOL        WordAddress
  D:004DH         SYMBOL        Data
  C:11ACH         LINE#         12
  C:11B2H         LINE#         13
  C:11B2H         LINE#         14
  C:11B5H         LINE#         15
  C:11BAH         LINE#         16
  C:11BDH         LINE#         17
  C:11C2H         LINE#         18
  C:11C5H         LINE#         19
  C:11CAH         LINE#         20
  C:11CDH         LINE#         21
  -------         ENDPROC       _AT24C02_WRITEBYTE
  -------         PROC          _AT24C02_READBYTE
  D:004CH         SYMBOL        WordAddress
  -------         DO            
  D:004DH         SYMBOL        Data
  -------         ENDDO         
  C:1127H         LINE#         29
  C:1129H         LINE#         30
  C:1129H         LINE#         32
  C:112CH         LINE#         33
  C:1131H         LINE#         34
  C:1134H         LINE#         35
  C:1139H         LINE#         36
  C:113CH         LINE#         37
  C:113FH         LINE#         38
  C:1144H         LINE#         39
  C:1147H         LINE#         40
  C:114CH         LINE#         41
  C:1151H         LINE#         42
  C:1154H         LINE#         43
  C:1156H         LINE#         44
  -------         ENDPROC       _AT24C02_READBYTE
  -------         ENDMOD        AT24C02

  -------         MODULE        DS18B20
  C:0000H         SYMBOL        _ICE_DUMMY_
  C:13C2H         PUBLIC        DS18B20_ConvertT
  C:1157H         PUBLIC        DS18B20_ReadT
BL51 BANKED LINKER/LOCATER V6.22                                                      10/14/2025  19:47:16  PAGE 22


  -------         PROC          DS18B20_CONVERTT
  C:13C2H         LINE#         14
  C:13C2H         LINE#         15
  C:13C2H         LINE#         16
  C:13C5H         LINE#         17
  C:13CAH         LINE#         18
  -------         ENDPROC       DS18B20_CONVERTT
  -------         PROC          DS18B20_READT
  -------         DO            
  D:004FH         SYMBOL        TLSB
  D:0007H         SYMBOL        TMSB
  D:0006H         SYMBOL        Temp
  D:0004H         SYMBOL        T
  -------         ENDDO         
  C:1157H         LINE#         26
  C:1157H         LINE#         27
  C:1157H         LINE#         31
  C:115AH         LINE#         32
  C:115FH         LINE#         33
  C:1164H         LINE#         34
  C:1169H         LINE#         35
  C:116CH         LINE#         36
  C:1171H         LINE#         37
  C:1182H         LINE#         38
  C:1182H         LINE#         39
  -------         ENDPROC       DS18B20_READT
  -------         ENDMOD        DS18B20

  -------         MODULE        ONEWIRE
  C:0000H         SYMBOL        _ICE_DUMMY_
  D:00B0H         PUBLIC        P3
  B:00A8H.7       PUBLIC        EA
  C:12E3H         PUBLIC        OneWire_ReceiveBit
  B:00B0H.7       PUBLIC        OneWire_DQ
  C:1233H         PUBLIC        OneWire_Init
  C:1319H         PUBLIC        _OneWire_SendByte
  C:1349H         PUBLIC        _OneWire_SendBit
  C:128DH         PUBLIC        OneWire_ReceiveByte
  -------         PROC          ONEWIRE_INIT
  -------         DO            
  D:0007H         SYMBOL        i
  D:0006H         SYMBOL        AckBit
  -------         ENDDO         
  C:1233H         LINE#         11
  C:1233H         LINE#         12
  C:1233H         LINE#         15
  C:1235H         LINE#         16
  C:1237H         LINE#         17
  C:1239H         LINE#         18
  C:123DH         LINE#         19
  C:123FH         LINE#         20
  C:1243H         LINE#         21
  C:1248H         LINE#         22
  C:124CH         LINE#         23
  C:124EH         LINE#         24
  C:1250H         LINE#         25
  -------         ENDPROC       ONEWIRE_INIT
BL51 BANKED LINKER/LOCATER V6.22                                                      10/14/2025  19:47:16  PAGE 23


  -------         PROC          _ONEWIRE_SENDBIT
  D:0007H         SYMBOL        Bit
  -------         DO            
  D:0006H         SYMBOL        i
  -------         ENDDO         
  C:1349H         LINE#         32
  C:1349H         LINE#         33
  C:1349H         LINE#         35
  C:134BH         LINE#         36
  C:134DH         LINE#         37
  C:1351H         LINE#         38
  C:1356H         LINE#         39
  C:135AH         LINE#         40
  C:135CH         LINE#         41
  C:135EH         LINE#         42
  -------         ENDPROC       _ONEWIRE_SENDBIT
  -------         PROC          ONEWIRE_RECEIVEBIT
  -------         DO            
  D:0007H         SYMBOL        i
  D:0006H         SYMBOL        Bit
  -------         ENDDO         
  C:12E3H         LINE#         49
  C:12E3H         LINE#         50
  C:12E3H         LINE#         53
  C:12E5H         LINE#         54
  C:12E7H         LINE#         55
  C:12EBH         LINE#         56
  C:12EDH         LINE#         57
  C:12F1H         LINE#         58
  C:12F6H         LINE#         59
  C:12FAH         LINE#         60
  C:12FCH         LINE#         61
  C:12FEH         LINE#         62
  -------         ENDPROC       ONEWIRE_RECEIVEBIT
  -------         PROC          _ONEWIRE_SENDBYTE
  D:0005H         SYMBOL        Byte
  -------         DO            
  D:0004H         SYMBOL        i
  -------         ENDDO         
  C:1319H         LINE#         69
  C:131BH         LINE#         70
  C:131BH         LINE#         72
  C:131DH         LINE#         73
  C:131DH         LINE#         74
  C:132DH         LINE#         75
  C:1331H         LINE#         76
  -------         ENDPROC       _ONEWIRE_SENDBYTE
  -------         PROC          ONEWIRE_RECEIVEBYTE
  -------         DO            
  D:0004H         SYMBOL        i
  D:0005H         SYMBOL        Byte
  -------         ENDDO         
  C:128DH         LINE#         83
  C:128DH         LINE#         84
  C:128DH         LINE#         86
  C:128FH         LINE#         87
  C:1290H         LINE#         88
BL51 BANKED LINKER/LOCATER V6.22                                                      10/14/2025  19:47:16  PAGE 24


  C:1290H         LINE#         89
  C:12A3H         LINE#         90
  C:12A7H         LINE#         91
  C:12A9H         LINE#         92
  -------         ENDPROC       ONEWIRE_RECEIVEBYTE
  -------         ENDMOD        ONEWIRE

  -------         MODULE        I2C
  C:0000H         SYMBOL        _ICE_DUMMY_
  B:00A0H.1       PUBLIC        I2C_SCL
  D:00A0H         PUBLIC        P2
  C:1424H         PUBLIC        I2C_Start
  C:13FDH         PUBLIC        _I2C_SendAck
  C:1183H         PUBLIC        _I2C_SendByte
  C:142DH         PUBLIC        I2C_Stop
  C:13DBH         PUBLIC        I2C_ReceiveAck
  B:00A0H.0       PUBLIC        I2C_SDA
  C:1251H         PUBLIC        I2C_ReceiveByte
  -------         PROC          I2C_START
  C:1424H         LINE#         11
  C:1424H         LINE#         12
  C:1424H         LINE#         13
  C:1426H         LINE#         14
  C:1428H         LINE#         15
  C:142AH         LINE#         16
  C:142CH         LINE#         17
  -------         ENDPROC       I2C_START
  -------         PROC          I2C_STOP
  C:142DH         LINE#         24
  C:142DH         LINE#         25
  C:142DH         LINE#         26
  C:142FH         LINE#         27
  C:1431H         LINE#         28
  C:1433H         LINE#         29
  -------         ENDPROC       I2C_STOP
  -------         PROC          _I2C_SENDBYTE
  D:0005H         SYMBOL        Byte
  -------         DO            
  D:0003H         SYMBOL        i
  -------         ENDDO         
  C:1183H         LINE#         36
  C:1185H         LINE#         37
  C:1185H         LINE#         39
  C:1187H         LINE#         40
  C:1187H         LINE#         41
  C:11A3H         LINE#         42
  C:11A5H         LINE#         43
  C:11A7H         LINE#         44
  C:11ABH         LINE#         45
  -------         ENDPROC       _I2C_SENDBYTE
  -------         PROC          I2C_RECEIVEBYTE
  -------         DO            
  D:0006H         SYMBOL        i
  D:0007H         SYMBOL        Byte
  -------         ENDDO         
  C:1251H         LINE#         52
  C:1251H         LINE#         53
BL51 BANKED LINKER/LOCATER V6.22                                                      10/14/2025  19:47:16  PAGE 25


  C:1251H         LINE#         54
  C:1253H         LINE#         55
  C:1255H         LINE#         56
  C:1256H         LINE#         57
  C:1256H         LINE#         58
  C:1258H         LINE#         59
  C:1268H         LINE#         60
  C:126AH         LINE#         61
  C:126EH         LINE#         62
  C:126EH         LINE#         63
  -------         ENDPROC       I2C_RECEIVEBYTE
  -------         PROC          _I2C_SENDACK
  D:0007H         SYMBOL        AckBit
  C:13FDH         LINE#         70
  C:13FDH         LINE#         71
  C:13FDH         LINE#         72
  C:1402H         LINE#         73
  C:1404H         LINE#         74
  C:1406H         LINE#         75
  -------         ENDPROC       _I2C_SENDACK
  -------         PROC          I2C_RECEIVEACK
  -------         DO            
  D:0007H         SYMBOL        AckBit
  -------         ENDDO         
  C:13DBH         LINE#         82
  C:13DBH         LINE#         83
  C:13DBH         LINE#         85
  C:13DDH         LINE#         86
  C:13DFH         LINE#         87
  C:13E4H         LINE#         88
  C:13E6H         LINE#         89
  C:13E6H         LINE#         90
  -------         ENDPROC       I2C_RECEIVEACK
  -------         ENDMOD        I2C

  -------         MODULE        LCD1602
  C:0000H         SYMBOL        _ICE_DUMMY_
  D:0080H         PUBLIC        P0
  D:00A0H         PUBLIC        P2
  C:1407H         PUBLIC        _LCD_WriteCommand
  C:12AAH         PUBLIC        _LCD_ShowNum
  C:101EH         PUBLIC        _LCD_ShowBinNum
  C:139FH         PUBLIC        LCD_Delay
  C:0FE5H         PUBLIC        _LCD_ShowHexNum
  C:1283H         PUBLIC        _LCD_WriteData
  B:00A0H.7       PUBLIC        LCD_EN
  C:1375H         PUBLIC        LCD_Init
  C:11D0H         PUBLIC        _LCD_ShowString
  C:1411H         PUBLIC        _LCD_ShowChar
  B:00A0H.6       PUBLIC        LCD_RS
  B:00A0H.5       PUBLIC        LCD_RW
  C:135FH         PUBLIC        _LCD_SetCursor
  C:0FABH         PUBLIC        _LCD_ShowSignedNum
  C:10CFH         PUBLIC        _LCD_Pow
  -------         PROC          L?0048
  -------         ENDPROC       L?0048
  -------         PROC          LCD_DELAY
BL51 BANKED LINKER/LOCATER V6.22                                                      10/14/2025  19:47:16  PAGE 26


  -------         DO            
  D:0007H         SYMBOL        i
  D:0006H         SYMBOL        j
  -------         ENDDO         
  C:139FH         LINE#         15
  C:139FH         LINE#         16
  C:139FH         LINE#         19
  C:13A1H         LINE#         20
  C:13A3H         LINE#         22
  C:13A3H         LINE#         23
  C:13A5H         LINE#         24
  C:13A7H         LINE#         25
  -------         ENDPROC       LCD_DELAY
  -------         PROC          _LCD_WRITECOMMAND
  D:0007H         SYMBOL        Command
  C:1407H         LINE#         32
  C:1407H         LINE#         33
  C:1407H         LINE#         34
  C:1409H         LINE#         35
  C:1409H         LINE#         36
  C:1409H         LINE#         37
  C:1409H         LINE#         38
  C:140CH         LINE#         39
  C:140EH         LINE#         40
  -------         ENDPROC       _LCD_WRITECOMMAND
  -------         PROC          L?0047
  -------         ENDPROC       L?0047
  -------         PROC          _LCD_WRITEDATA
  D:0007H         SYMBOL        Data
  C:1283H         LINE#         48
  C:1283H         LINE#         49
  C:1283H         LINE#         50
  C:1285H         LINE#         51
  C:1285H         LINE#         52
  C:1285H         LINE#         53
  C:1285H         LINE#         54
  C:1288H         LINE#         55
  C:128AH         LINE#         56
  -------         ENDPROC       _LCD_WRITEDATA
  -------         PROC          _LCD_SETCURSOR
  D:0006H         SYMBOL        Line
  D:0005H         SYMBOL        Column
  C:135FH         LINE#         65
  C:1361H         LINE#         66
  C:1361H         LINE#         67
  C:1364H         LINE#         68
  C:1364H         LINE#         69
  C:1366H         LINE#         70
  C:1368H         LINE#         71
  C:136BH         LINE#         72
  C:136BH         LINE#         73
  C:1374H         LINE#         74
  C:1374H         LINE#         75
  -------         ENDPROC       _LCD_SETCURSOR
  -------         PROC          LCD_INIT
  C:1375H         LINE#         82
  C:1375H         LINE#         83
BL51 BANKED LINKER/LOCATER V6.22                                                      10/14/2025  19:47:16  PAGE 27


  C:1375H         LINE#         84
  C:137AH         LINE#         85
  C:137FH         LINE#         86
  C:1384H         LINE#         87
  -------         ENDPROC       LCD_INIT
  -------         PROC          _LCD_SHOWCHAR
  D:0006H         SYMBOL        Line
  D:0005H         SYMBOL        Column
  D:0004H         SYMBOL        Char
  C:1411H         LINE#         97
  C:1413H         LINE#         98
  C:1413H         LINE#         99
  C:1416H         LINE#         100
  -------         ENDPROC       _LCD_SHOWCHAR
  -------         PROC          _LCD_SHOWSTRING
  D:0007H         SYMBOL        Line
  D:0005H         SYMBOL        Column
  D:004CH         SYMBOL        String
  -------         DO            
  D:0005H         SYMBOL        i
  -------         ENDDO         
  C:11D0H         LINE#         110
  C:11D6H         LINE#         111
  C:11D6H         LINE#         113
  C:11D9H         LINE#         114
  C:11ECH         LINE#         115
  C:11ECH         LINE#         116
  C:11EFH         LINE#         117
  C:11F2H         LINE#         118
  -------         ENDPROC       _LCD_SHOWSTRING
  C:10C5H         SYMBOL        L?0046
  -------         PROC          L?0045
  -------         ENDPROC       L?0045
  C:10C5H         SYMBOL        L?0046
  -------         PROC          _LCD_POW
  D:0060H         SYMBOL        X
  D:0062H         SYMBOL        Y
  -------         DO            
  D:0003H         SYMBOL        i
  D:0006H         SYMBOL        Result
  -------         ENDDO         
  C:10CFH         LINE#         123
  C:10D7H         LINE#         124
  C:10D7H         LINE#         126
  C:10DBH         LINE#         127
  C:10EBH         LINE#         128
  C:10EBH         LINE#         129
  C:10F2H         LINE#         130
  C:10F5H         LINE#         131
  C:10F5H         LINE#         132
  -------         ENDPROC       _LCD_POW
  -------         PROC          _LCD_SHOWNUM
  D:0007H         SYMBOL        Line
  D:0005H         SYMBOL        Column
  D:0053H         SYMBOL        Number
  D:0055H         SYMBOL        Length
  -------         DO            
BL51 BANKED LINKER/LOCATER V6.22                                                      10/14/2025  19:47:16  PAGE 28


  D:0002H         SYMBOL        i
  -------         ENDDO         
  C:12AAH         LINE#         142
  C:12AEH         LINE#         143
  C:12AEH         LINE#         145
  C:12B1H         LINE#         146
  C:12B9H         LINE#         147
  C:12B9H         LINE#         148
  C:12C3H         LINE#         149
  C:12C6H         LINE#         150
  -------         ENDPROC       _LCD_SHOWNUM
  -------         PROC          _LCD_SHOWSIGNEDNUM
  D:0007H         SYMBOL        Line
  D:0005H         SYMBOL        Column
  D:0002H         SYMBOL        Number
  D:0042H         SYMBOL        Length
  -------         DO            
  D:0002H         SYMBOL        i
  D:0043H         SYMBOL        Number1
  -------         ENDDO         
  C:0FABH         LINE#         160
  C:0FABH         LINE#         161
  C:0FABH         LINE#         164
  C:0FAEH         LINE#         165
  C:0FB6H         LINE#         166
  C:0FB6H         LINE#         167
  C:0FBBH         LINE#         168
  C:0FBFH         LINE#         169
  C:0FC1H         LINE#         171
  C:0FC1H         LINE#         172
  C:0FC6H         LINE#         173
  C:0FCFH         LINE#         174
  C:0FCFH         LINE#         175
  C:0FD7H         LINE#         176
  C:0FD7H         LINE#         177
  C:0FE1H         LINE#         178
  C:0FE4H         LINE#         179
  -------         ENDPROC       _LCD_SHOWSIGNEDNUM
  -------         PROC          _LCD_SHOWHEXNUM
  D:0007H         SYMBOL        Line
  D:0005H         SYMBOL        Column
  D:0058H         SYMBOL        Number
  D:005AH         SYMBOL        Length
  -------         DO            
  D:0002H         SYMBOL        i
  D:0006H         SYMBOL        SingleNumber
  -------         ENDDO         
  C:0FE5H         LINE#         189
  C:0FE9H         LINE#         190
  C:0FE9H         LINE#         192
  C:0FECH         LINE#         193
  C:0FF4H         LINE#         194
  C:0FF4H         LINE#         195
  C:100AH         LINE#         196
  C:1010H         LINE#         197
  C:1010H         LINE#         198
  C:1012H         LINE#         199
BL51 BANKED LINKER/LOCATER V6.22                                                      10/14/2025  19:47:16  PAGE 29


  C:1014H         LINE#         201
  C:1014H         LINE#         202
  C:101AH         LINE#         203
  C:101AH         LINE#         204
  C:101DH         LINE#         205
  -------         ENDPROC       _LCD_SHOWHEXNUM
  -------         PROC          _LCD_SHOWBINNUM
  D:0007H         SYMBOL        Line
  D:0005H         SYMBOL        Column
  D:005DH         SYMBOL        Number
  D:005FH         SYMBOL        Length
  -------         DO            
  D:0002H         SYMBOL        i
  -------         ENDDO         
  C:101EH         LINE#         215
  C:1022H         LINE#         216
  C:1022H         LINE#         218
  C:1025H         LINE#         219
  C:102DH         LINE#         220
  C:102DH         LINE#         221
  C:1052H         LINE#         222
  C:1055H         LINE#         223
  -------         ENDPROC       _LCD_SHOWBINNUM
  -------         ENDMOD        LCD1602

  -------         MODULE        ?C?FPMUL
  C:001EH         PUBLIC        ?C?FPMUL
  -------         ENDMOD        ?C?FPMUL

  -------         MODULE        ?C?FPDIV
  C:0127H         PUBLIC        ?C?FPDIV
  -------         ENDMOD        ?C?FPDIV

  -------         MODULE        ?C?FCAST
  C:01CEH         PUBLIC        ?C?FCASTC
  C:01C9H         PUBLIC        ?C?FCASTI
  C:01C4H         PUBLIC        ?C?FCASTL
  -------         ENDMOD        ?C?FCAST

  -------         MODULE        ?C?CASTF
  C:0202H         PUBLIC        ?C?CASTF
  -------         ENDMOD        ?C?CASTF

  -------         MODULE        ?C?SCDIV
  C:0283H         PUBLIC        ?C?SCDIV
  -------         ENDMOD        ?C?SCDIV

  -------         MODULE        ?C?CLDOPTR
  C:02A5H         PUBLIC        ?C?CLDOPTR
  -------         ENDMOD        ?C?CLDOPTR

  -------         MODULE        ?C?IMUL
  C:02D2H         PUBLIC        ?C?IMUL
  -------         ENDMOD        ?C?IMUL

  -------         MODULE        ?C?UIDIV
  C:02E4H         PUBLIC        ?C?UIDIV
BL51 BANKED LINKER/LOCATER V6.22                                                      10/14/2025  19:47:16  PAGE 30


  -------         ENDMOD        ?C?UIDIV

  -------         MODULE        ?C?SIDIV
  C:0339H         PUBLIC        ?C?SIDIV
  -------         ENDMOD        ?C?SIDIV

  -------         MODULE        ?C?LNEG
  C:036FH         PUBLIC        ?C?LNEG
  -------         ENDMOD        ?C?LNEG

  -------         MODULE        ?C?CCASE
  C:037DH         PUBLIC        ?C?CCASE
  -------         ENDMOD        ?C?CCASE

Program Size: data=103.0 xdata=77 code=5203
LINK/LOCATE RUN COMPLETE.  0 WARNING(S),  0 ERROR(S)
